[0.102s] DEBUG:colcon:Command line arguments: ['/usr/bin/colcon', 'build']
[0.102s] DEBUG:colcon:Parsed command line arguments: Namespace(log_base=None, log_level=None, verb_name='build', build_base='build', install_base='install', merge_install=False, symlink_install=False, test_result_base=None, continue_on_error=False, executor='parallel', parallel_workers=12, event_handlers=None, ignore_user_meta=False, metas=['./colcon.meta'], base_paths=['.'], packages_ignore=None, packages_ignore_regex=None, paths=None, packages_up_to=None, packages_up_to_regex=None, packages_above=None, packages_above_and_dependencies=None, packages_above_depth=None, packages_select_by_dep=None, packages_skip_by_dep=None, packages_skip_up_to=None, packages_select_build_failed=False, packages_skip_build_finished=False, packages_select_test_failures=False, packages_skip_test_passed=False, packages_select=None, packages_skip=None, packages_select_regex=None, packages_skip_regex=None, packages_start=None, packages_end=None, allow_overriding=[], cmake_args=None, cmake_target=None, cmake_target_skip_unavailable=False, cmake_clean_cache=False, cmake_clean_first=False, cmake_force_configure=False, ament_cmake_args=None, catkin_cmake_args=None, catkin_skip_building_tests=False, mixin_files=None, mixin=None, verb_parser=<colcon_mixin.mixin.mixin_argument.MixinArgumentDecorator object at 0x78f6d4108950>, verb_extension=<colcon_core.verb.build.BuildVerb object at 0x78f6d4108560>, main=<bound method BuildVerb.main of <colcon_core.verb.build.BuildVerb object at 0x78f6d4108560>>, mixin_verb=('build',))
[0.139s] Level 1:colcon.colcon_core.package_discovery:discover_packages(colcon_meta) check parameters
[0.139s] Level 1:colcon.colcon_core.package_discovery:discover_packages(recursive) check parameters
[0.139s] Level 1:colcon.colcon_core.package_discovery:discover_packages(ignore) check parameters
[0.139s] Level 1:colcon.colcon_core.package_discovery:discover_packages(path) check parameters
[0.139s] Level 1:colcon.colcon_core.package_discovery:discover_packages(colcon_meta) discover
[0.139s] Level 1:colcon.colcon_core.package_discovery:discover_packages(recursive) discover
[0.139s] INFO:colcon.colcon_core.package_discovery:Crawling recursively for packages in '/home/mcfb/ros2_ws'
[0.139s] Level 1:colcon.colcon_core.package_identification:_identify(.) by extensions ['ignore', 'ignore_ament_install']
[0.139s] Level 1:colcon.colcon_core.package_identification:_identify(.) by extension 'ignore'
[0.139s] Level 1:colcon.colcon_core.package_identification:_identify(.) by extension 'ignore_ament_install'
[0.139s] Level 1:colcon.colcon_core.package_identification:_identify(.) by extensions ['colcon_pkg']
[0.139s] Level 1:colcon.colcon_core.package_identification:_identify(.) by extension 'colcon_pkg'
[0.139s] Level 1:colcon.colcon_core.package_identification:_identify(.) by extensions ['colcon_meta']
[0.139s] Level 1:colcon.colcon_core.package_identification:_identify(.) by extension 'colcon_meta'
[0.139s] Level 1:colcon.colcon_core.package_identification:_identify(.) by extensions ['ros']
[0.139s] Level 1:colcon.colcon_core.package_identification:_identify(.) by extension 'ros'
[0.166s] Level 1:colcon.colcon_core.package_identification:_identify(.) by extensions ['cmake', 'python']
[0.166s] Level 1:colcon.colcon_core.package_identification:_identify(.) by extension 'cmake'
[0.166s] Level 1:colcon.colcon_core.package_identification:_identify(.) by extension 'python'
[0.166s] Level 1:colcon.colcon_core.package_identification:_identify(.) by extensions ['python_setup_py']
[0.166s] Level 1:colcon.colcon_core.package_identification:_identify(.) by extension 'python_setup_py'
[0.166s] Level 1:colcon.colcon_core.package_identification:_identify(build) by extensions ['ignore', 'ignore_ament_install']
[0.167s] Level 1:colcon.colcon_core.package_identification:_identify(build) by extension 'ignore'
[0.167s] Level 1:colcon.colcon_core.package_identification:_identify(build) ignored
[0.167s] Level 1:colcon.colcon_core.package_identification:_identify(install) by extensions ['ignore', 'ignore_ament_install']
[0.167s] Level 1:colcon.colcon_core.package_identification:_identify(install) by extension 'ignore'
[0.167s] Level 1:colcon.colcon_core.package_identification:_identify(install) ignored
[0.167s] Level 1:colcon.colcon_core.package_identification:_identify(log) by extensions ['ignore', 'ignore_ament_install']
[0.167s] Level 1:colcon.colcon_core.package_identification:_identify(log) by extension 'ignore'
[0.167s] Level 1:colcon.colcon_core.package_identification:_identify(log) ignored
[0.167s] Level 1:colcon.colcon_core.package_identification:_identify(src) by extensions ['ignore', 'ignore_ament_install']
[0.167s] Level 1:colcon.colcon_core.package_identification:_identify(src) by extension 'ignore'
[0.167s] Level 1:colcon.colcon_core.package_identification:_identify(src) by extension 'ignore_ament_install'
[0.167s] Level 1:colcon.colcon_core.package_identification:_identify(src) by extensions ['colcon_pkg']
[0.167s] Level 1:colcon.colcon_core.package_identification:_identify(src) by extension 'colcon_pkg'
[0.167s] Level 1:colcon.colcon_core.package_identification:_identify(src) by extensions ['colcon_meta']
[0.167s] Level 1:colcon.colcon_core.package_identification:_identify(src) by extension 'colcon_meta'
[0.168s] Level 1:colcon.colcon_core.package_identification:_identify(src) by extensions ['ros']
[0.168s] Level 1:colcon.colcon_core.package_identification:_identify(src) by extension 'ros'
[0.168s] Level 1:colcon.colcon_core.package_identification:_identify(src) by extensions ['cmake', 'python']
[0.168s] Level 1:colcon.colcon_core.package_identification:_identify(src) by extension 'cmake'
[0.168s] Level 1:colcon.colcon_core.package_identification:_identify(src) by extension 'python'
[0.168s] Level 1:colcon.colcon_core.package_identification:_identify(src) by extensions ['python_setup_py']
[0.168s] Level 1:colcon.colcon_core.package_identification:_identify(src) by extension 'python_setup_py'
[0.168s] Level 1:colcon.colcon_core.package_identification:_identify(src/ai_navigator) by extensions ['ignore', 'ignore_ament_install']
[0.168s] Level 1:colcon.colcon_core.package_identification:_identify(src/ai_navigator) by extension 'ignore'
[0.168s] Level 1:colcon.colcon_core.package_identification:_identify(src/ai_navigator) by extension 'ignore_ament_install'
[0.168s] Level 1:colcon.colcon_core.package_identification:_identify(src/ai_navigator) by extensions ['colcon_pkg']
[0.168s] Level 1:colcon.colcon_core.package_identification:_identify(src/ai_navigator) by extension 'colcon_pkg'
[0.168s] Level 1:colcon.colcon_core.package_identification:_identify(src/ai_navigator) by extensions ['colcon_meta']
[0.168s] Level 1:colcon.colcon_core.package_identification:_identify(src/ai_navigator) by extension 'colcon_meta'
[0.168s] Level 1:colcon.colcon_core.package_identification:_identify(src/ai_navigator) by extensions ['ros']
[0.168s] Level 1:colcon.colcon_core.package_identification:_identify(src/ai_navigator) by extension 'ros'
[0.170s] DEBUG:colcon.colcon_core.package_identification:Package 'src/ai_navigator' with type 'ros.ament_python' and name 'ai_navigator'
[0.170s] Level 1:colcon.colcon_core.package_identification:_identify(src/px4-offboard) by extensions ['ignore', 'ignore_ament_install']
[0.170s] Level 1:colcon.colcon_core.package_identification:_identify(src/px4-offboard) by extension 'ignore'
[0.171s] Level 1:colcon.colcon_core.package_identification:_identify(src/px4-offboard) by extension 'ignore_ament_install'
[0.171s] Level 1:colcon.colcon_core.package_identification:_identify(src/px4-offboard) by extensions ['colcon_pkg']
[0.171s] Level 1:colcon.colcon_core.package_identification:_identify(src/px4-offboard) by extension 'colcon_pkg'
[0.171s] Level 1:colcon.colcon_core.package_identification:_identify(src/px4-offboard) by extensions ['colcon_meta']
[0.171s] Level 1:colcon.colcon_core.package_identification:_identify(src/px4-offboard) by extension 'colcon_meta'
[0.171s] Level 1:colcon.colcon_core.package_identification:_identify(src/px4-offboard) by extensions ['ros']
[0.171s] Level 1:colcon.colcon_core.package_identification:_identify(src/px4-offboard) by extension 'ros'
[0.171s] DEBUG:colcon.colcon_core.package_identification:Package 'src/px4-offboard' with type 'ros.ament_python' and name 'px4_offboard'
[0.171s] Level 1:colcon.colcon_core.package_identification:_identify(src/px4_msgs) by extensions ['ignore', 'ignore_ament_install']
[0.171s] Level 1:colcon.colcon_core.package_identification:_identify(src/px4_msgs) by extension 'ignore'
[0.171s] Level 1:colcon.colcon_core.package_identification:_identify(src/px4_msgs) by extension 'ignore_ament_install'
[0.171s] Level 1:colcon.colcon_core.package_identification:_identify(src/px4_msgs) by extensions ['colcon_pkg']
[0.171s] Level 1:colcon.colcon_core.package_identification:_identify(src/px4_msgs) by extension 'colcon_pkg'
[0.171s] Level 1:colcon.colcon_core.package_identification:_identify(src/px4_msgs) by extensions ['colcon_meta']
[0.171s] Level 1:colcon.colcon_core.package_identification:_identify(src/px4_msgs) by extension 'colcon_meta'
[0.171s] Level 1:colcon.colcon_core.package_identification:_identify(src/px4_msgs) by extensions ['ros']
[0.171s] Level 1:colcon.colcon_core.package_identification:_identify(src/px4_msgs) by extension 'ros'
[0.172s] DEBUG:colcon.colcon_core.package_identification:Package 'src/px4_msgs' with type 'ros.ament_cmake' and name 'px4_msgs'
[0.172s] Level 1:colcon.colcon_core.package_identification:_identify(src/px4_ros_com) by extensions ['ignore', 'ignore_ament_install']
[0.172s] Level 1:colcon.colcon_core.package_identification:_identify(src/px4_ros_com) by extension 'ignore'
[0.172s] Level 1:colcon.colcon_core.package_identification:_identify(src/px4_ros_com) by extension 'ignore_ament_install'
[0.172s] Level 1:colcon.colcon_core.package_identification:_identify(src/px4_ros_com) by extensions ['colcon_pkg']
[0.172s] Level 1:colcon.colcon_core.package_identification:_identify(src/px4_ros_com) by extension 'colcon_pkg'
[0.172s] Level 1:colcon.colcon_core.package_identification:_identify(src/px4_ros_com) by extensions ['colcon_meta']
[0.172s] Level 1:colcon.colcon_core.package_identification:_identify(src/px4_ros_com) by extension 'colcon_meta'
[0.172s] Level 1:colcon.colcon_core.package_identification:_identify(src/px4_ros_com) by extensions ['ros']
[0.172s] Level 1:colcon.colcon_core.package_identification:_identify(src/px4_ros_com) by extension 'ros'
[0.173s] DEBUG:colcon.colcon_core.package_identification:Package 'src/px4_ros_com' with type 'ros.ament_cmake' and name 'px4_ros_com'
[0.173s] Level 1:colcon.colcon_core.package_discovery:discover_packages(recursive) using defaults
[0.173s] Level 1:colcon.colcon_core.package_discovery:discover_packages(ignore) discover
[0.173s] Level 1:colcon.colcon_core.package_discovery:discover_packages(ignore) using defaults
[0.173s] Level 1:colcon.colcon_core.package_discovery:discover_packages(path) discover
[0.173s] Level 1:colcon.colcon_core.package_discovery:discover_packages(path) using defaults
[0.192s] Level 1:colcon.colcon_core.package_discovery:discover_packages(prefix_path) check parameters
[0.193s] Level 1:colcon.colcon_core.package_discovery:discover_packages(prefix_path) discover
[0.193s] WARNING:colcon.colcon_ros.prefix_path.ament:The path '/home/mcfb/ros2_ws/install/ai_navigator' in the environment variable AMENT_PREFIX_PATH doesn't exist
[0.193s] WARNING:colcon.colcon_ros.prefix_path.ament:The path '/home/mcfb/ros2_ws/install/px4_ros_com' in the environment variable AMENT_PREFIX_PATH doesn't exist
[0.193s] WARNING:colcon.colcon_ros.prefix_path.ament:The path '/home/mcfb/ros2_ws/install/px4_offboard' in the environment variable AMENT_PREFIX_PATH doesn't exist
[0.193s] WARNING:colcon.colcon_ros.prefix_path.ament:The path '/home/mcfb/ros2_ws/install/px4_msgs' in the environment variable AMENT_PREFIX_PATH doesn't exist
[0.193s] WARNING:colcon.colcon_ros.prefix_path.catkin:The path '/home/mcfb/ros2_ws/install/px4_ros_com' in the environment variable CMAKE_PREFIX_PATH doesn't exist
[0.193s] WARNING:colcon.colcon_ros.prefix_path.catkin:The path '/home/mcfb/ros2_ws/install/px4_msgs' in the environment variable CMAKE_PREFIX_PATH doesn't exist
[0.194s] DEBUG:colcon.colcon_installed_package_information.package_discovery:Found 0 installed packages in /home/mcfb/ros2_ws/install
[0.195s] DEBUG:colcon.colcon_installed_package_information.package_discovery:Found 386 installed packages in /opt/ros/jazzy
[0.197s] Level 1:colcon.colcon_core.package_discovery:discover_packages(prefix_path) using defaults
[0.236s] Level 5:colcon.colcon_core.verb:set package 'ai_navigator' build argument 'cmake_args' from command line to 'None'
[0.236s] Level 5:colcon.colcon_core.verb:set package 'ai_navigator' build argument 'cmake_target' from command line to 'None'
[0.236s] Level 5:colcon.colcon_core.verb:set package 'ai_navigator' build argument 'cmake_target_skip_unavailable' from command line to 'False'
[0.237s] Level 5:colcon.colcon_core.verb:set package 'ai_navigator' build argument 'cmake_clean_cache' from command line to 'False'
[0.237s] Level 5:colcon.colcon_core.verb:set package 'ai_navigator' build argument 'cmake_clean_first' from command line to 'False'
[0.237s] Level 5:colcon.colcon_core.verb:set package 'ai_navigator' build argument 'cmake_force_configure' from command line to 'False'
[0.237s] Level 5:colcon.colcon_core.verb:set package 'ai_navigator' build argument 'ament_cmake_args' from command line to 'None'
[0.237s] Level 5:colcon.colcon_core.verb:set package 'ai_navigator' build argument 'catkin_cmake_args' from command line to 'None'
[0.237s] Level 5:colcon.colcon_core.verb:set package 'ai_navigator' build argument 'catkin_skip_building_tests' from command line to 'False'
[0.237s] DEBUG:colcon.colcon_core.verb:Building package 'ai_navigator' with the following arguments: {'ament_cmake_args': None, 'build_base': '/home/mcfb/ros2_ws/build/ai_navigator', 'catkin_cmake_args': None, 'catkin_skip_building_tests': False, 'cmake_args': None, 'cmake_clean_cache': False, 'cmake_clean_first': False, 'cmake_force_configure': False, 'cmake_target': None, 'cmake_target_skip_unavailable': False, 'install_base': '/home/mcfb/ros2_ws/install/ai_navigator', 'merge_install': False, 'path': '/home/mcfb/ros2_ws/src/ai_navigator', 'symlink_install': False, 'test_result_base': None}
[0.237s] Level 5:colcon.colcon_core.verb:set package 'px4_msgs' build argument 'cmake_args' from command line to 'None'
[0.237s] Level 5:colcon.colcon_core.verb:set package 'px4_msgs' build argument 'cmake_target' from command line to 'None'
[0.237s] Level 5:colcon.colcon_core.verb:set package 'px4_msgs' build argument 'cmake_target_skip_unavailable' from command line to 'False'
[0.237s] Level 5:colcon.colcon_core.verb:set package 'px4_msgs' build argument 'cmake_clean_cache' from command line to 'False'
[0.237s] Level 5:colcon.colcon_core.verb:set package 'px4_msgs' build argument 'cmake_clean_first' from command line to 'False'
[0.237s] Level 5:colcon.colcon_core.verb:set package 'px4_msgs' build argument 'cmake_force_configure' from command line to 'False'
[0.237s] Level 5:colcon.colcon_core.verb:set package 'px4_msgs' build argument 'ament_cmake_args' from command line to 'None'
[0.237s] Level 5:colcon.colcon_core.verb:set package 'px4_msgs' build argument 'catkin_cmake_args' from command line to 'None'
[0.237s] Level 5:colcon.colcon_core.verb:set package 'px4_msgs' build argument 'catkin_skip_building_tests' from command line to 'False'
[0.237s] DEBUG:colcon.colcon_core.verb:Building package 'px4_msgs' with the following arguments: {'ament_cmake_args': None, 'build_base': '/home/mcfb/ros2_ws/build/px4_msgs', 'catkin_cmake_args': None, 'catkin_skip_building_tests': False, 'cmake_args': None, 'cmake_clean_cache': False, 'cmake_clean_first': False, 'cmake_force_configure': False, 'cmake_target': None, 'cmake_target_skip_unavailable': False, 'install_base': '/home/mcfb/ros2_ws/install/px4_msgs', 'merge_install': False, 'path': '/home/mcfb/ros2_ws/src/px4_msgs', 'symlink_install': False, 'test_result_base': None}
[0.237s] Level 5:colcon.colcon_core.verb:set package 'px4_offboard' build argument 'cmake_args' from command line to 'None'
[0.237s] Level 5:colcon.colcon_core.verb:set package 'px4_offboard' build argument 'cmake_target' from command line to 'None'
[0.237s] Level 5:colcon.colcon_core.verb:set package 'px4_offboard' build argument 'cmake_target_skip_unavailable' from command line to 'False'
[0.237s] Level 5:colcon.colcon_core.verb:set package 'px4_offboard' build argument 'cmake_clean_cache' from command line to 'False'
[0.237s] Level 5:colcon.colcon_core.verb:set package 'px4_offboard' build argument 'cmake_clean_first' from command line to 'False'
[0.237s] Level 5:colcon.colcon_core.verb:set package 'px4_offboard' build argument 'cmake_force_configure' from command line to 'False'
[0.237s] Level 5:colcon.colcon_core.verb:set package 'px4_offboard' build argument 'ament_cmake_args' from command line to 'None'
[0.237s] Level 5:colcon.colcon_core.verb:set package 'px4_offboard' build argument 'catkin_cmake_args' from command line to 'None'
[0.237s] Level 5:colcon.colcon_core.verb:set package 'px4_offboard' build argument 'catkin_skip_building_tests' from command line to 'False'
[0.237s] DEBUG:colcon.colcon_core.verb:Building package 'px4_offboard' with the following arguments: {'ament_cmake_args': None, 'build_base': '/home/mcfb/ros2_ws/build/px4_offboard', 'catkin_cmake_args': None, 'catkin_skip_building_tests': False, 'cmake_args': None, 'cmake_clean_cache': False, 'cmake_clean_first': False, 'cmake_force_configure': False, 'cmake_target': None, 'cmake_target_skip_unavailable': False, 'install_base': '/home/mcfb/ros2_ws/install/px4_offboard', 'merge_install': False, 'path': '/home/mcfb/ros2_ws/src/px4-offboard', 'symlink_install': False, 'test_result_base': None}
[0.237s] Level 5:colcon.colcon_core.verb:set package 'px4_ros_com' build argument 'cmake_args' from command line to 'None'
[0.237s] Level 5:colcon.colcon_core.verb:set package 'px4_ros_com' build argument 'cmake_target' from command line to 'None'
[0.237s] Level 5:colcon.colcon_core.verb:set package 'px4_ros_com' build argument 'cmake_target_skip_unavailable' from command line to 'False'
[0.237s] Level 5:colcon.colcon_core.verb:set package 'px4_ros_com' build argument 'cmake_clean_cache' from command line to 'False'
[0.237s] Level 5:colcon.colcon_core.verb:set package 'px4_ros_com' build argument 'cmake_clean_first' from command line to 'False'
[0.237s] Level 5:colcon.colcon_core.verb:set package 'px4_ros_com' build argument 'cmake_force_configure' from command line to 'False'
[0.237s] Level 5:colcon.colcon_core.verb:set package 'px4_ros_com' build argument 'ament_cmake_args' from command line to 'None'
[0.238s] Level 5:colcon.colcon_core.verb:set package 'px4_ros_com' build argument 'catkin_cmake_args' from command line to 'None'
[0.238s] Level 5:colcon.colcon_core.verb:set package 'px4_ros_com' build argument 'catkin_skip_building_tests' from command line to 'False'
[0.238s] DEBUG:colcon.colcon_core.verb:Building package 'px4_ros_com' with the following arguments: {'ament_cmake_args': None, 'build_base': '/home/mcfb/ros2_ws/build/px4_ros_com', 'catkin_cmake_args': None, 'catkin_skip_building_tests': False, 'cmake_args': None, 'cmake_clean_cache': False, 'cmake_clean_first': False, 'cmake_force_configure': False, 'cmake_target': None, 'cmake_target_skip_unavailable': False, 'install_base': '/home/mcfb/ros2_ws/install/px4_ros_com', 'merge_install': False, 'path': '/home/mcfb/ros2_ws/src/px4_ros_com', 'symlink_install': False, 'test_result_base': None}
[0.238s] INFO:colcon.colcon_core.executor:Executing jobs using 'parallel' executor
[0.238s] DEBUG:colcon.colcon_parallel_executor.executor.parallel:run_until_complete
[0.239s] INFO:colcon.colcon_ros.task.ament_cmake.build:Building ROS package in '/home/mcfb/ros2_ws/src/px4_msgs' with build type 'ament_cmake'
[0.239s] INFO:colcon.colcon_cmake.task.cmake.build:Building CMake package in '/home/mcfb/ros2_ws/src/px4_msgs'
[0.240s] INFO:colcon.colcon_core.plugin_system:Skipping extension 'colcon_core.shell.bat': Not used on non-Windows systems
[0.241s] INFO:colcon.colcon_core.shell:Skip shell extension 'powershell' for command environment: Not usable outside of PowerShell
[0.241s] DEBUG:colcon.colcon_core.shell:Skip shell extension 'dsv' for command environment
[0.244s] INFO:colcon.colcon_ros.task.ament_python.build:Building ROS package in '/home/mcfb/ros2_ws/src/ai_navigator' with build type 'ament_python'
[0.244s] Level 1:colcon.colcon_core.shell:create_environment_hook('ai_navigator', 'ament_prefix_path')
[0.244s] INFO:colcon.colcon_core.shell:Creating environment hook '/home/mcfb/ros2_ws/install/ai_navigator/share/ai_navigator/hook/ament_prefix_path.ps1'
[0.245s] INFO:colcon.colcon_core.shell:Creating environment descriptor '/home/mcfb/ros2_ws/install/ai_navigator/share/ai_navigator/hook/ament_prefix_path.dsv'
[0.246s] INFO:colcon.colcon_core.shell:Creating environment hook '/home/mcfb/ros2_ws/install/ai_navigator/share/ai_navigator/hook/ament_prefix_path.sh'
[0.247s] INFO:colcon.colcon_core.shell:Skip shell extension 'powershell' for command environment: Not usable outside of PowerShell
[0.247s] DEBUG:colcon.colcon_core.shell:Skip shell extension 'dsv' for command environment
[0.255s] DEBUG:colcon.colcon_core.event_handler.log_command:Invoking command in '/home/mcfb/ros2_ws/build/px4_msgs': CMAKE_PREFIX_PATH=${CMAKE_PREFIX_PATH}:/home/mcfb/ros2_ws/install/ai_navigator:/home/mcfb/ros2_ws/install/px4_offboard:/opt/ros/jazzy DEBUGINFOD_URLS=https://debuginfod.ubuntu.com /usr/bin/cmake /home/mcfb/ros2_ws/src/px4_msgs -DCMAKE_INSTALL_PREFIX=/home/mcfb/ros2_ws/install/px4_msgs
[0.461s] INFO:colcon.colcon_core.task.python.build:Building Python package in '/home/mcfb/ros2_ws/src/ai_navigator'
[0.461s] INFO:colcon.colcon_core.shell:Skip shell extension 'powershell' for command environment: Not usable outside of PowerShell
[0.461s] DEBUG:colcon.colcon_core.shell:Skip shell extension 'dsv' for command environment
[0.911s] DEBUG:colcon.colcon_core.event_handler.log_command:Invoking command in '/home/mcfb/ros2_ws/src/ai_navigator': DEBUGINFOD_URLS=https://debuginfod.ubuntu.com PYTHONPATH=/home/mcfb/ros2_ws/build/ai_navigator/prefix_override:/usr/lib/python3/dist-packages/colcon_core/task/python/colcon_distutils_commands:/home/mcfb/ros2_ws/install/ai_navigator/lib/python3.12/site-packages:${PYTHONPATH} /usr/bin/python3 -W ignore:setup.py install is deprecated -W ignore:easy_install command is deprecated setup.py egg_info --egg-base ../../build/ai_navigator build --build-base /home/mcfb/ros2_ws/build/ai_navigator/build install --record /home/mcfb/ros2_ws/build/ai_navigator/install.log --single-version-externally-managed install_data
[1.365s] DEBUG:colcon.colcon_core.event_handler.log_command:Invoked command in '/home/mcfb/ros2_ws/src/ai_navigator' returned '0': DEBUGINFOD_URLS=https://debuginfod.ubuntu.com PYTHONPATH=/home/mcfb/ros2_ws/build/ai_navigator/prefix_override:/usr/lib/python3/dist-packages/colcon_core/task/python/colcon_distutils_commands:/home/mcfb/ros2_ws/install/ai_navigator/lib/python3.12/site-packages:${PYTHONPATH} /usr/bin/python3 -W ignore:setup.py install is deprecated -W ignore:easy_install command is deprecated setup.py egg_info --egg-base ../../build/ai_navigator build --build-base /home/mcfb/ros2_ws/build/ai_navigator/build install --record /home/mcfb/ros2_ws/build/ai_navigator/install.log --single-version-externally-managed install_data
[1.367s] Level 1:colcon.colcon_core.environment:checking '/home/mcfb/ros2_ws/install/ai_navigator' for CMake module files
[1.368s] Level 1:colcon.colcon_core.environment:checking '/home/mcfb/ros2_ws/install/ai_navigator' for CMake config files
[1.368s] Level 1:colcon.colcon_core.environment:checking '/home/mcfb/ros2_ws/install/ai_navigator/lib'
[1.368s] Level 1:colcon.colcon_core.environment:checking '/home/mcfb/ros2_ws/install/ai_navigator/bin'
[1.368s] Level 1:colcon.colcon_core.environment:checking '/home/mcfb/ros2_ws/install/ai_navigator/lib/pkgconfig/ai_navigator.pc'
[1.368s] Level 1:colcon.colcon_core.environment:checking '/home/mcfb/ros2_ws/install/ai_navigator/lib/python3.12/site-packages'
[1.369s] Level 1:colcon.colcon_core.shell:create_environment_hook('ai_navigator', 'pythonpath')
[1.369s] INFO:colcon.colcon_core.shell:Creating environment hook '/home/mcfb/ros2_ws/install/ai_navigator/share/ai_navigator/hook/pythonpath.ps1'
[1.369s] INFO:colcon.colcon_core.shell:Creating environment descriptor '/home/mcfb/ros2_ws/install/ai_navigator/share/ai_navigator/hook/pythonpath.dsv'
[1.370s] INFO:colcon.colcon_core.shell:Creating environment hook '/home/mcfb/ros2_ws/install/ai_navigator/share/ai_navigator/hook/pythonpath.sh'
[1.370s] Level 1:colcon.colcon_core.environment:checking '/home/mcfb/ros2_ws/install/ai_navigator/bin'
[1.370s] Level 1:colcon.colcon_core.environment:create_environment_scripts_only(ai_navigator)
[1.370s] INFO:colcon.colcon_core.shell:Creating package script '/home/mcfb/ros2_ws/install/ai_navigator/share/ai_navigator/package.ps1'
[1.371s] INFO:colcon.colcon_core.shell:Creating package descriptor '/home/mcfb/ros2_ws/install/ai_navigator/share/ai_navigator/package.dsv'
[1.372s] INFO:colcon.colcon_core.shell:Creating package script '/home/mcfb/ros2_ws/install/ai_navigator/share/ai_navigator/package.sh'
[1.372s] INFO:colcon.colcon_core.shell:Creating package script '/home/mcfb/ros2_ws/install/ai_navigator/share/ai_navigator/package.bash'
[1.373s] INFO:colcon.colcon_core.shell:Creating package script '/home/mcfb/ros2_ws/install/ai_navigator/share/ai_navigator/package.zsh'
[1.374s] Level 1:colcon.colcon_core.environment:create_file_with_runtime_dependencies(/home/mcfb/ros2_ws/install/ai_navigator/share/colcon-core/packages/ai_navigator)
[5.609s] DEBUG:colcon.colcon_core.event_handler.log_command:Invoked command in '/home/mcfb/ros2_ws/build/px4_msgs' returned '0': CMAKE_PREFIX_PATH=${CMAKE_PREFIX_PATH}:/home/mcfb/ros2_ws/install/ai_navigator:/home/mcfb/ros2_ws/install/px4_offboard:/opt/ros/jazzy DEBUGINFOD_URLS=https://debuginfod.ubuntu.com /usr/bin/cmake /home/mcfb/ros2_ws/src/px4_msgs -DCMAKE_INSTALL_PREFIX=/home/mcfb/ros2_ws/install/px4_msgs
[5.610s] DEBUG:colcon.colcon_core.event_handler.log_command:Invoking command in '/home/mcfb/ros2_ws/build/px4_msgs': CMAKE_PREFIX_PATH=${CMAKE_PREFIX_PATH}:/home/mcfb/ros2_ws/install/ai_navigator:/home/mcfb/ros2_ws/install/px4_offboard:/opt/ros/jazzy DEBUGINFOD_URLS=https://debuginfod.ubuntu.com /usr/bin/cmake --build /home/mcfb/ros2_ws/build/px4_msgs -- -j12 -l12
[219.523s] DEBUG:colcon.colcon_core.event_handler.log_command:Invoked command in '/home/mcfb/ros2_ws/build/px4_msgs' returned '0': CMAKE_PREFIX_PATH=${CMAKE_PREFIX_PATH}:/home/mcfb/ros2_ws/install/ai_navigator:/home/mcfb/ros2_ws/install/px4_offboard:/opt/ros/jazzy DEBUGINFOD_URLS=https://debuginfod.ubuntu.com /usr/bin/cmake --build /home/mcfb/ros2_ws/build/px4_msgs -- -j12 -l12
[219.533s] DEBUG:colcon.colcon_core.event_handler.log_command:Invoking command in '/home/mcfb/ros2_ws/build/px4_msgs': CMAKE_PREFIX_PATH=${CMAKE_PREFIX_PATH}:/home/mcfb/ros2_ws/install/ai_navigator:/home/mcfb/ros2_ws/install/px4_offboard:/opt/ros/jazzy DEBUGINFOD_URLS=https://debuginfod.ubuntu.com /usr/bin/cmake --install /home/mcfb/ros2_ws/build/px4_msgs
[220.520s] Level 1:colcon.colcon_core.environment:create_environment_scripts_only(px4_msgs)
[220.520s] Level 1:colcon.colcon_core.environment:checking '/home/mcfb/ros2_ws/install/px4_msgs' for CMake module files
[220.520s] DEBUG:colcon.colcon_core.event_handler.log_command:Invoked command in '/home/mcfb/ros2_ws/build/px4_msgs' returned '0': CMAKE_PREFIX_PATH=${CMAKE_PREFIX_PATH}:/home/mcfb/ros2_ws/install/ai_navigator:/home/mcfb/ros2_ws/install/px4_offboard:/opt/ros/jazzy DEBUGINFOD_URLS=https://debuginfod.ubuntu.com /usr/bin/cmake --install /home/mcfb/ros2_ws/build/px4_msgs
[220.521s] Level 1:colcon.colcon_core.environment:checking '/home/mcfb/ros2_ws/install/px4_msgs' for CMake config files
[220.521s] Level 1:colcon.colcon_core.shell:create_environment_hook('px4_msgs', 'cmake_prefix_path')
[220.521s] INFO:colcon.colcon_core.shell:Creating environment hook '/home/mcfb/ros2_ws/install/px4_msgs/share/px4_msgs/hook/cmake_prefix_path.ps1'
[220.522s] INFO:colcon.colcon_core.shell:Creating environment descriptor '/home/mcfb/ros2_ws/install/px4_msgs/share/px4_msgs/hook/cmake_prefix_path.dsv'
[220.522s] INFO:colcon.colcon_core.shell:Creating environment hook '/home/mcfb/ros2_ws/install/px4_msgs/share/px4_msgs/hook/cmake_prefix_path.sh'
[220.522s] Level 1:colcon.colcon_core.environment:checking '/home/mcfb/ros2_ws/install/px4_msgs/lib'
[220.522s] Level 1:colcon.colcon_core.shell:create_environment_hook('px4_msgs', 'ld_library_path_lib')
[220.523s] INFO:colcon.colcon_core.shell:Creating environment hook '/home/mcfb/ros2_ws/install/px4_msgs/share/px4_msgs/hook/ld_library_path_lib.ps1'
[220.523s] INFO:colcon.colcon_core.shell:Creating environment descriptor '/home/mcfb/ros2_ws/install/px4_msgs/share/px4_msgs/hook/ld_library_path_lib.dsv'
[220.523s] INFO:colcon.colcon_core.shell:Creating environment hook '/home/mcfb/ros2_ws/install/px4_msgs/share/px4_msgs/hook/ld_library_path_lib.sh'
[220.523s] Level 1:colcon.colcon_core.environment:checking '/home/mcfb/ros2_ws/install/px4_msgs/bin'
[220.523s] Level 1:colcon.colcon_core.environment:checking '/home/mcfb/ros2_ws/install/px4_msgs/lib/pkgconfig/px4_msgs.pc'
[220.524s] Level 1:colcon.colcon_core.environment:checking '/home/mcfb/ros2_ws/install/px4_msgs/lib/python3.12/site-packages'
[220.524s] Level 1:colcon.colcon_core.shell:create_environment_hook('px4_msgs', 'pythonpath')
[220.524s] INFO:colcon.colcon_core.shell:Creating environment hook '/home/mcfb/ros2_ws/install/px4_msgs/share/px4_msgs/hook/pythonpath.ps1'
[220.524s] INFO:colcon.colcon_core.shell:Creating environment descriptor '/home/mcfb/ros2_ws/install/px4_msgs/share/px4_msgs/hook/pythonpath.dsv'
[220.525s] INFO:colcon.colcon_core.shell:Creating environment hook '/home/mcfb/ros2_ws/install/px4_msgs/share/px4_msgs/hook/pythonpath.sh'
[220.525s] Level 1:colcon.colcon_core.environment:checking '/home/mcfb/ros2_ws/install/px4_msgs/bin'
[220.525s] INFO:colcon.colcon_core.shell:Creating package script '/home/mcfb/ros2_ws/install/px4_msgs/share/px4_msgs/package.ps1'
[220.526s] INFO:colcon.colcon_core.shell:Creating package descriptor '/home/mcfb/ros2_ws/install/px4_msgs/share/px4_msgs/package.dsv'
[220.526s] INFO:colcon.colcon_core.shell:Creating package script '/home/mcfb/ros2_ws/install/px4_msgs/share/px4_msgs/package.sh'
[220.526s] INFO:colcon.colcon_core.shell:Creating package script '/home/mcfb/ros2_ws/install/px4_msgs/share/px4_msgs/package.bash'
[220.527s] INFO:colcon.colcon_core.shell:Creating package script '/home/mcfb/ros2_ws/install/px4_msgs/share/px4_msgs/package.zsh'
[220.527s] Level 1:colcon.colcon_core.environment:create_file_with_runtime_dependencies(/home/mcfb/ros2_ws/install/px4_msgs/share/colcon-core/packages/px4_msgs)
[220.527s] Level 1:colcon.colcon_core.environment:create_environment_scripts_only(px4_msgs)
[220.527s] Level 1:colcon.colcon_core.environment:checking '/home/mcfb/ros2_ws/install/px4_msgs' for CMake module files
[220.528s] Level 1:colcon.colcon_core.environment:checking '/home/mcfb/ros2_ws/install/px4_msgs' for CMake config files
[220.528s] Level 1:colcon.colcon_core.shell:create_environment_hook('px4_msgs', 'cmake_prefix_path')
[220.528s] INFO:colcon.colcon_core.shell:Creating environment hook '/home/mcfb/ros2_ws/install/px4_msgs/share/px4_msgs/hook/cmake_prefix_path.ps1'
[220.528s] INFO:colcon.colcon_core.shell:Creating environment descriptor '/home/mcfb/ros2_ws/install/px4_msgs/share/px4_msgs/hook/cmake_prefix_path.dsv'
[220.529s] INFO:colcon.colcon_core.shell:Creating environment hook '/home/mcfb/ros2_ws/install/px4_msgs/share/px4_msgs/hook/cmake_prefix_path.sh'
[220.530s] Level 1:colcon.colcon_core.environment:checking '/home/mcfb/ros2_ws/install/px4_msgs/lib'
[220.530s] Level 1:colcon.colcon_core.shell:create_environment_hook('px4_msgs', 'ld_library_path_lib')
[220.530s] INFO:colcon.colcon_core.shell:Creating environment hook '/home/mcfb/ros2_ws/install/px4_msgs/share/px4_msgs/hook/ld_library_path_lib.ps1'
[220.530s] INFO:colcon.colcon_core.shell:Creating environment descriptor '/home/mcfb/ros2_ws/install/px4_msgs/share/px4_msgs/hook/ld_library_path_lib.dsv'
[220.531s] INFO:colcon.colcon_core.shell:Creating environment hook '/home/mcfb/ros2_ws/install/px4_msgs/share/px4_msgs/hook/ld_library_path_lib.sh'
[220.531s] Level 1:colcon.colcon_core.environment:checking '/home/mcfb/ros2_ws/install/px4_msgs/bin'
[220.531s] Level 1:colcon.colcon_core.environment:checking '/home/mcfb/ros2_ws/install/px4_msgs/lib/pkgconfig/px4_msgs.pc'
[220.531s] Level 1:colcon.colcon_core.environment:checking '/home/mcfb/ros2_ws/install/px4_msgs/lib/python3.12/site-packages'
[220.531s] Level 1:colcon.colcon_core.shell:create_environment_hook('px4_msgs', 'pythonpath')
[220.531s] INFO:colcon.colcon_core.shell:Creating environment hook '/home/mcfb/ros2_ws/install/px4_msgs/share/px4_msgs/hook/pythonpath.ps1'
[220.532s] INFO:colcon.colcon_core.shell:Creating environment descriptor '/home/mcfb/ros2_ws/install/px4_msgs/share/px4_msgs/hook/pythonpath.dsv'
[220.532s] INFO:colcon.colcon_core.shell:Creating environment hook '/home/mcfb/ros2_ws/install/px4_msgs/share/px4_msgs/hook/pythonpath.sh'
[220.533s] Level 1:colcon.colcon_core.environment:checking '/home/mcfb/ros2_ws/install/px4_msgs/bin'
[220.533s] INFO:colcon.colcon_core.shell:Creating package script '/home/mcfb/ros2_ws/install/px4_msgs/share/px4_msgs/package.ps1'
[220.534s] INFO:colcon.colcon_core.shell:Creating package descriptor '/home/mcfb/ros2_ws/install/px4_msgs/share/px4_msgs/package.dsv'
[220.534s] INFO:colcon.colcon_core.shell:Creating package script '/home/mcfb/ros2_ws/install/px4_msgs/share/px4_msgs/package.sh'
[220.535s] INFO:colcon.colcon_core.shell:Creating package script '/home/mcfb/ros2_ws/install/px4_msgs/share/px4_msgs/package.bash'
[220.535s] INFO:colcon.colcon_core.shell:Creating package script '/home/mcfb/ros2_ws/install/px4_msgs/share/px4_msgs/package.zsh'
[220.536s] Level 1:colcon.colcon_core.environment:create_file_with_runtime_dependencies(/home/mcfb/ros2_ws/install/px4_msgs/share/colcon-core/packages/px4_msgs)
[220.536s] INFO:colcon.colcon_ros.task.ament_python.build:Building ROS package in '/home/mcfb/ros2_ws/src/px4-offboard' with build type 'ament_python'
[220.536s] Level 1:colcon.colcon_core.shell:create_environment_hook('px4_offboard', 'ament_prefix_path')
[220.536s] INFO:colcon.colcon_core.shell:Creating environment hook '/home/mcfb/ros2_ws/install/px4_offboard/share/px4_offboard/hook/ament_prefix_path.ps1'
[220.537s] INFO:colcon.colcon_core.shell:Creating environment descriptor '/home/mcfb/ros2_ws/install/px4_offboard/share/px4_offboard/hook/ament_prefix_path.dsv'
[220.537s] INFO:colcon.colcon_core.shell:Creating environment hook '/home/mcfb/ros2_ws/install/px4_offboard/share/px4_offboard/hook/ament_prefix_path.sh'
[220.538s] INFO:colcon.colcon_core.shell:Skip shell extension 'powershell' for command environment: Not usable outside of PowerShell
[220.538s] DEBUG:colcon.colcon_core.shell:Skip shell extension 'dsv' for command environment
[220.540s] INFO:colcon.colcon_ros.task.ament_cmake.build:Building ROS package in '/home/mcfb/ros2_ws/src/px4_ros_com' with build type 'ament_cmake'
[220.540s] INFO:colcon.colcon_cmake.task.cmake.build:Building CMake package in '/home/mcfb/ros2_ws/src/px4_ros_com'
[220.540s] INFO:colcon.colcon_core.shell:Skip shell extension 'powershell' for command environment: Not usable outside of PowerShell
[220.540s] DEBUG:colcon.colcon_core.shell:Skip shell extension 'dsv' for command environment
[220.741s] INFO:colcon.colcon_core.task.python.build:Building Python package in '/home/mcfb/ros2_ws/src/px4-offboard'
[220.741s] INFO:colcon.colcon_core.shell:Skip shell extension 'powershell' for command environment: Not usable outside of PowerShell
[220.741s] DEBUG:colcon.colcon_core.shell:Skip shell extension 'dsv' for command environment
[220.748s] DEBUG:colcon.colcon_core.event_handler.log_command:Invoking command in '/home/mcfb/ros2_ws/build/px4_ros_com': CMAKE_PREFIX_PATH=/home/mcfb/ros2_ws/install/px4_msgs:/home/mcfb/ros2_ws/install/px4_ros_com:/opt/ros/jazzy/opt/gz_sim_vendor:/opt/ros/jazzy/opt/gz_sensors_vendor:/opt/ros/jazzy/opt/gz_physics_vendor:/opt/ros/jazzy/opt/sdformat_vendor:/opt/ros/jazzy/opt/gz_gui_vendor:/opt/ros/jazzy/opt/gz_transport_vendor:/opt/ros/jazzy/opt/gz_rendering_vendor:/opt/ros/jazzy/opt/gz_plugin_vendor:/opt/ros/jazzy/opt/gz_fuel_tools_vendor:/opt/ros/jazzy/opt/gz_msgs_vendor:/opt/ros/jazzy/opt/gz_common_vendor:/opt/ros/jazzy/opt/gz_math_vendor:/opt/ros/jazzy/opt/gz_utils_vendor:/opt/ros/jazzy/opt/gz_tools_vendor:/opt/ros/jazzy/opt/gz_ogre_next_vendor:/opt/ros/jazzy/opt/gz_dartsim_vendor:/opt/ros/jazzy/opt/gz_cmake_vendor:/home/mcfb/ros2_ws/install/ai_navigator:/home/mcfb/ros2_ws/install/px4_offboard:/opt/ros/jazzy DEBUGINFOD_URLS=https://debuginfod.ubuntu.com LD_LIBRARY_PATH=/home/mcfb/ros2_ws/install/px4_msgs/lib:/home/mcfb/ros2_ws/install/px4_ros_com/lib:/opt/ros/jazzy/opt/gz_sim_vendor/lib:/opt/ros/jazzy/opt/gz_sensors_vendor/lib:/opt/ros/jazzy/opt/gz_physics_vendor/lib:/opt/ros/jazzy/opt/sdformat_vendor/lib:/opt/ros/jazzy/opt/rviz_ogre_vendor/lib:/opt/ros/jazzy/lib/x86_64-linux-gnu:/opt/ros/jazzy/opt/gz_gui_vendor/lib:/opt/ros/jazzy/opt/gz_transport_vendor/lib:/opt/ros/jazzy/opt/gz_rendering_vendor/lib:/opt/ros/jazzy/opt/gz_plugin_vendor/lib:/opt/ros/jazzy/opt/gz_fuel_tools_vendor/lib:/opt/ros/jazzy/opt/gz_msgs_vendor/lib:/opt/ros/jazzy/opt/gz_common_vendor/lib:/opt/ros/jazzy/opt/gz_math_vendor/lib:/opt/ros/jazzy/opt/gz_utils_vendor/lib:/opt/ros/jazzy/opt/gz_tools_vendor/lib:/opt/ros/jazzy/opt/gz_ogre_next_vendor/lib:/opt/ros/jazzy/opt/gz_dartsim_vendor/lib:/opt/ros/jazzy/opt/gz_cmake_vendor/lib:/opt/ros/jazzy/lib PYTHONPATH=/home/mcfb/ros2_ws/install/px4_msgs/lib/python3.12/site-packages:/home/mcfb/ros2_ws/install/ai_navigator/lib/python3.12/site-packages:/home/mcfb/ros2_ws/install/px4_ros_com/lib/python3.12/site-packages:/home/mcfb/ros2_ws/install/px4_offboard/lib/python3.12/site-packages:/home/mcfb/drone_venv/lib/python3.12/site-packages:/opt/ros/jazzy/lib/python3.12/site-packages /usr/bin/cmake /home/mcfb/ros2_ws/src/px4_ros_com -DCMAKE_INSTALL_PREFIX=/home/mcfb/ros2_ws/install/px4_ros_com
[221.150s] DEBUG:colcon.colcon_core.event_handler.log_command:Invoking command in '/home/mcfb/ros2_ws/src/px4-offboard': CMAKE_PREFIX_PATH=/home/mcfb/ros2_ws/install/px4_msgs:/home/mcfb/ros2_ws/install/px4_ros_com:/opt/ros/jazzy/opt/gz_sim_vendor:/opt/ros/jazzy/opt/gz_sensors_vendor:/opt/ros/jazzy/opt/gz_physics_vendor:/opt/ros/jazzy/opt/sdformat_vendor:/opt/ros/jazzy/opt/gz_gui_vendor:/opt/ros/jazzy/opt/gz_transport_vendor:/opt/ros/jazzy/opt/gz_rendering_vendor:/opt/ros/jazzy/opt/gz_plugin_vendor:/opt/ros/jazzy/opt/gz_fuel_tools_vendor:/opt/ros/jazzy/opt/gz_msgs_vendor:/opt/ros/jazzy/opt/gz_common_vendor:/opt/ros/jazzy/opt/gz_math_vendor:/opt/ros/jazzy/opt/gz_utils_vendor:/opt/ros/jazzy/opt/gz_tools_vendor:/opt/ros/jazzy/opt/gz_ogre_next_vendor:/opt/ros/jazzy/opt/gz_dartsim_vendor:/opt/ros/jazzy/opt/gz_cmake_vendor DEBUGINFOD_URLS=https://debuginfod.ubuntu.com LD_LIBRARY_PATH=/home/mcfb/ros2_ws/install/px4_msgs/lib:/home/mcfb/ros2_ws/install/px4_ros_com/lib:/opt/ros/jazzy/opt/gz_sim_vendor/lib:/opt/ros/jazzy/opt/gz_sensors_vendor/lib:/opt/ros/jazzy/opt/gz_physics_vendor/lib:/opt/ros/jazzy/opt/sdformat_vendor/lib:/opt/ros/jazzy/opt/rviz_ogre_vendor/lib:/opt/ros/jazzy/lib/x86_64-linux-gnu:/opt/ros/jazzy/opt/gz_gui_vendor/lib:/opt/ros/jazzy/opt/gz_transport_vendor/lib:/opt/ros/jazzy/opt/gz_rendering_vendor/lib:/opt/ros/jazzy/opt/gz_plugin_vendor/lib:/opt/ros/jazzy/opt/gz_fuel_tools_vendor/lib:/opt/ros/jazzy/opt/gz_msgs_vendor/lib:/opt/ros/jazzy/opt/gz_common_vendor/lib:/opt/ros/jazzy/opt/gz_math_vendor/lib:/opt/ros/jazzy/opt/gz_utils_vendor/lib:/opt/ros/jazzy/opt/gz_tools_vendor/lib:/opt/ros/jazzy/opt/gz_ogre_next_vendor/lib:/opt/ros/jazzy/opt/gz_dartsim_vendor/lib:/opt/ros/jazzy/opt/gz_cmake_vendor/lib:/opt/ros/jazzy/lib PYTHONPATH=/home/mcfb/ros2_ws/build/px4_offboard/prefix_override:/usr/lib/python3/dist-packages/colcon_core/task/python/colcon_distutils_commands:/home/mcfb/ros2_ws/install/px4_offboard/lib/python3.12/site-packages:/home/mcfb/ros2_ws/install/px4_msgs/lib/python3.12/site-packages:/home/mcfb/ros2_ws/install/ai_navigator/lib/python3.12/site-packages:/home/mcfb/ros2_ws/install/px4_ros_com/lib/python3.12/site-packages:/home/mcfb/ros2_ws/install/px4_offboard/lib/python3.12/site-packages:/home/mcfb/drone_venv/lib/python3.12/site-packages:/opt/ros/jazzy/lib/python3.12/site-packages /usr/bin/python3 -W ignore:setup.py install is deprecated -W ignore:easy_install command is deprecated setup.py egg_info --egg-base ../../build/px4_offboard build --build-base /home/mcfb/ros2_ws/build/px4_offboard/build install --record /home/mcfb/ros2_ws/build/px4_offboard/install.log --single-version-externally-managed install_data
[221.557s] Level 1:colcon.colcon_core.environment:checking '/home/mcfb/ros2_ws/install/px4_offboard' for CMake module files
[221.558s] DEBUG:colcon.colcon_core.event_handler.log_command:Invoked command in '/home/mcfb/ros2_ws/src/px4-offboard' returned '0': CMAKE_PREFIX_PATH=/home/mcfb/ros2_ws/install/px4_msgs:/home/mcfb/ros2_ws/install/px4_ros_com:/opt/ros/jazzy/opt/gz_sim_vendor:/opt/ros/jazzy/opt/gz_sensors_vendor:/opt/ros/jazzy/opt/gz_physics_vendor:/opt/ros/jazzy/opt/sdformat_vendor:/opt/ros/jazzy/opt/gz_gui_vendor:/opt/ros/jazzy/opt/gz_transport_vendor:/opt/ros/jazzy/opt/gz_rendering_vendor:/opt/ros/jazzy/opt/gz_plugin_vendor:/opt/ros/jazzy/opt/gz_fuel_tools_vendor:/opt/ros/jazzy/opt/gz_msgs_vendor:/opt/ros/jazzy/opt/gz_common_vendor:/opt/ros/jazzy/opt/gz_math_vendor:/opt/ros/jazzy/opt/gz_utils_vendor:/opt/ros/jazzy/opt/gz_tools_vendor:/opt/ros/jazzy/opt/gz_ogre_next_vendor:/opt/ros/jazzy/opt/gz_dartsim_vendor:/opt/ros/jazzy/opt/gz_cmake_vendor DEBUGINFOD_URLS=https://debuginfod.ubuntu.com LD_LIBRARY_PATH=/home/mcfb/ros2_ws/install/px4_msgs/lib:/home/mcfb/ros2_ws/install/px4_ros_com/lib:/opt/ros/jazzy/opt/gz_sim_vendor/lib:/opt/ros/jazzy/opt/gz_sensors_vendor/lib:/opt/ros/jazzy/opt/gz_physics_vendor/lib:/opt/ros/jazzy/opt/sdformat_vendor/lib:/opt/ros/jazzy/opt/rviz_ogre_vendor/lib:/opt/ros/jazzy/lib/x86_64-linux-gnu:/opt/ros/jazzy/opt/gz_gui_vendor/lib:/opt/ros/jazzy/opt/gz_transport_vendor/lib:/opt/ros/jazzy/opt/gz_rendering_vendor/lib:/opt/ros/jazzy/opt/gz_plugin_vendor/lib:/opt/ros/jazzy/opt/gz_fuel_tools_vendor/lib:/opt/ros/jazzy/opt/gz_msgs_vendor/lib:/opt/ros/jazzy/opt/gz_common_vendor/lib:/opt/ros/jazzy/opt/gz_math_vendor/lib:/opt/ros/jazzy/opt/gz_utils_vendor/lib:/opt/ros/jazzy/opt/gz_tools_vendor/lib:/opt/ros/jazzy/opt/gz_ogre_next_vendor/lib:/opt/ros/jazzy/opt/gz_dartsim_vendor/lib:/opt/ros/jazzy/opt/gz_cmake_vendor/lib:/opt/ros/jazzy/lib PYTHONPATH=/home/mcfb/ros2_ws/build/px4_offboard/prefix_override:/usr/lib/python3/dist-packages/colcon_core/task/python/colcon_distutils_commands:/home/mcfb/ros2_ws/install/px4_offboard/lib/python3.12/site-packages:/home/mcfb/ros2_ws/install/px4_msgs/lib/python3.12/site-packages:/home/mcfb/ros2_ws/install/ai_navigator/lib/python3.12/site-packages:/home/mcfb/ros2_ws/install/px4_ros_com/lib/python3.12/site-packages:/home/mcfb/ros2_ws/install/px4_offboard/lib/python3.12/site-packages:/home/mcfb/drone_venv/lib/python3.12/site-packages:/opt/ros/jazzy/lib/python3.12/site-packages /usr/bin/python3 -W ignore:setup.py install is deprecated -W ignore:easy_install command is deprecated setup.py egg_info --egg-base ../../build/px4_offboard build --build-base /home/mcfb/ros2_ws/build/px4_offboard/build install --record /home/mcfb/ros2_ws/build/px4_offboard/install.log --single-version-externally-managed install_data
[221.558s] Level 1:colcon.colcon_core.environment:checking '/home/mcfb/ros2_ws/install/px4_offboard' for CMake config files
[221.558s] Level 1:colcon.colcon_core.environment:checking '/home/mcfb/ros2_ws/install/px4_offboard/lib'
[221.558s] Level 1:colcon.colcon_core.environment:checking '/home/mcfb/ros2_ws/install/px4_offboard/bin'
[221.558s] Level 1:colcon.colcon_core.environment:checking '/home/mcfb/ros2_ws/install/px4_offboard/lib/pkgconfig/px4_offboard.pc'
[221.559s] Level 1:colcon.colcon_core.environment:checking '/home/mcfb/ros2_ws/install/px4_offboard/lib/python3.12/site-packages'
[221.559s] Level 1:colcon.colcon_core.shell:create_environment_hook('px4_offboard', 'pythonpath')
[221.559s] INFO:colcon.colcon_core.shell:Creating environment hook '/home/mcfb/ros2_ws/install/px4_offboard/share/px4_offboard/hook/pythonpath.ps1'
[221.559s] INFO:colcon.colcon_core.shell:Creating environment descriptor '/home/mcfb/ros2_ws/install/px4_offboard/share/px4_offboard/hook/pythonpath.dsv'
[221.560s] INFO:colcon.colcon_core.shell:Creating environment hook '/home/mcfb/ros2_ws/install/px4_offboard/share/px4_offboard/hook/pythonpath.sh'
[221.560s] Level 1:colcon.colcon_core.environment:checking '/home/mcfb/ros2_ws/install/px4_offboard/bin'
[221.560s] Level 1:colcon.colcon_core.environment:create_environment_scripts_only(px4_offboard)
[221.560s] INFO:colcon.colcon_core.shell:Creating package script '/home/mcfb/ros2_ws/install/px4_offboard/share/px4_offboard/package.ps1'
[221.561s] INFO:colcon.colcon_core.shell:Creating package descriptor '/home/mcfb/ros2_ws/install/px4_offboard/share/px4_offboard/package.dsv'
[221.561s] INFO:colcon.colcon_core.shell:Creating package script '/home/mcfb/ros2_ws/install/px4_offboard/share/px4_offboard/package.sh'
[221.562s] INFO:colcon.colcon_core.shell:Creating package script '/home/mcfb/ros2_ws/install/px4_offboard/share/px4_offboard/package.bash'
[221.562s] INFO:colcon.colcon_core.shell:Creating package script '/home/mcfb/ros2_ws/install/px4_offboard/share/px4_offboard/package.zsh'
[221.562s] Level 1:colcon.colcon_core.environment:create_file_with_runtime_dependencies(/home/mcfb/ros2_ws/install/px4_offboard/share/colcon-core/packages/px4_offboard)
[221.974s] DEBUG:colcon.colcon_core.event_handler.log_command:Invoked command in '/home/mcfb/ros2_ws/build/px4_ros_com' returned '0': CMAKE_PREFIX_PATH=/home/mcfb/ros2_ws/install/px4_msgs:/home/mcfb/ros2_ws/install/px4_ros_com:/opt/ros/jazzy/opt/gz_sim_vendor:/opt/ros/jazzy/opt/gz_sensors_vendor:/opt/ros/jazzy/opt/gz_physics_vendor:/opt/ros/jazzy/opt/sdformat_vendor:/opt/ros/jazzy/opt/gz_gui_vendor:/opt/ros/jazzy/opt/gz_transport_vendor:/opt/ros/jazzy/opt/gz_rendering_vendor:/opt/ros/jazzy/opt/gz_plugin_vendor:/opt/ros/jazzy/opt/gz_fuel_tools_vendor:/opt/ros/jazzy/opt/gz_msgs_vendor:/opt/ros/jazzy/opt/gz_common_vendor:/opt/ros/jazzy/opt/gz_math_vendor:/opt/ros/jazzy/opt/gz_utils_vendor:/opt/ros/jazzy/opt/gz_tools_vendor:/opt/ros/jazzy/opt/gz_ogre_next_vendor:/opt/ros/jazzy/opt/gz_dartsim_vendor:/opt/ros/jazzy/opt/gz_cmake_vendor:/home/mcfb/ros2_ws/install/ai_navigator:/home/mcfb/ros2_ws/install/px4_offboard:/opt/ros/jazzy DEBUGINFOD_URLS=https://debuginfod.ubuntu.com LD_LIBRARY_PATH=/home/mcfb/ros2_ws/install/px4_msgs/lib:/home/mcfb/ros2_ws/install/px4_ros_com/lib:/opt/ros/jazzy/opt/gz_sim_vendor/lib:/opt/ros/jazzy/opt/gz_sensors_vendor/lib:/opt/ros/jazzy/opt/gz_physics_vendor/lib:/opt/ros/jazzy/opt/sdformat_vendor/lib:/opt/ros/jazzy/opt/rviz_ogre_vendor/lib:/opt/ros/jazzy/lib/x86_64-linux-gnu:/opt/ros/jazzy/opt/gz_gui_vendor/lib:/opt/ros/jazzy/opt/gz_transport_vendor/lib:/opt/ros/jazzy/opt/gz_rendering_vendor/lib:/opt/ros/jazzy/opt/gz_plugin_vendor/lib:/opt/ros/jazzy/opt/gz_fuel_tools_vendor/lib:/opt/ros/jazzy/opt/gz_msgs_vendor/lib:/opt/ros/jazzy/opt/gz_common_vendor/lib:/opt/ros/jazzy/opt/gz_math_vendor/lib:/opt/ros/jazzy/opt/gz_utils_vendor/lib:/opt/ros/jazzy/opt/gz_tools_vendor/lib:/opt/ros/jazzy/opt/gz_ogre_next_vendor/lib:/opt/ros/jazzy/opt/gz_dartsim_vendor/lib:/opt/ros/jazzy/opt/gz_cmake_vendor/lib:/opt/ros/jazzy/lib PYTHONPATH=/home/mcfb/ros2_ws/install/px4_msgs/lib/python3.12/site-packages:/home/mcfb/ros2_ws/install/ai_navigator/lib/python3.12/site-packages:/home/mcfb/ros2_ws/install/px4_ros_com/lib/python3.12/site-packages:/home/mcfb/ros2_ws/install/px4_offboard/lib/python3.12/site-packages:/home/mcfb/drone_venv/lib/python3.12/site-packages:/opt/ros/jazzy/lib/python3.12/site-packages /usr/bin/cmake /home/mcfb/ros2_ws/src/px4_ros_com -DCMAKE_INSTALL_PREFIX=/home/mcfb/ros2_ws/install/px4_ros_com
[221.975s] DEBUG:colcon.colcon_core.event_handler.log_command:Invoking command in '/home/mcfb/ros2_ws/build/px4_ros_com': CMAKE_PREFIX_PATH=/home/mcfb/ros2_ws/install/px4_msgs:/home/mcfb/ros2_ws/install/px4_ros_com:/opt/ros/jazzy/opt/gz_sim_vendor:/opt/ros/jazzy/opt/gz_sensors_vendor:/opt/ros/jazzy/opt/gz_physics_vendor:/opt/ros/jazzy/opt/sdformat_vendor:/opt/ros/jazzy/opt/gz_gui_vendor:/opt/ros/jazzy/opt/gz_transport_vendor:/opt/ros/jazzy/opt/gz_rendering_vendor:/opt/ros/jazzy/opt/gz_plugin_vendor:/opt/ros/jazzy/opt/gz_fuel_tools_vendor:/opt/ros/jazzy/opt/gz_msgs_vendor:/opt/ros/jazzy/opt/gz_common_vendor:/opt/ros/jazzy/opt/gz_math_vendor:/opt/ros/jazzy/opt/gz_utils_vendor:/opt/ros/jazzy/opt/gz_tools_vendor:/opt/ros/jazzy/opt/gz_ogre_next_vendor:/opt/ros/jazzy/opt/gz_dartsim_vendor:/opt/ros/jazzy/opt/gz_cmake_vendor:/home/mcfb/ros2_ws/install/ai_navigator:/home/mcfb/ros2_ws/install/px4_offboard:/opt/ros/jazzy DEBUGINFOD_URLS=https://debuginfod.ubuntu.com LD_LIBRARY_PATH=/home/mcfb/ros2_ws/install/px4_msgs/lib:/home/mcfb/ros2_ws/install/px4_ros_com/lib:/opt/ros/jazzy/opt/gz_sim_vendor/lib:/opt/ros/jazzy/opt/gz_sensors_vendor/lib:/opt/ros/jazzy/opt/gz_physics_vendor/lib:/opt/ros/jazzy/opt/sdformat_vendor/lib:/opt/ros/jazzy/opt/rviz_ogre_vendor/lib:/opt/ros/jazzy/lib/x86_64-linux-gnu:/opt/ros/jazzy/opt/gz_gui_vendor/lib:/opt/ros/jazzy/opt/gz_transport_vendor/lib:/opt/ros/jazzy/opt/gz_rendering_vendor/lib:/opt/ros/jazzy/opt/gz_plugin_vendor/lib:/opt/ros/jazzy/opt/gz_fuel_tools_vendor/lib:/opt/ros/jazzy/opt/gz_msgs_vendor/lib:/opt/ros/jazzy/opt/gz_common_vendor/lib:/opt/ros/jazzy/opt/gz_math_vendor/lib:/opt/ros/jazzy/opt/gz_utils_vendor/lib:/opt/ros/jazzy/opt/gz_tools_vendor/lib:/opt/ros/jazzy/opt/gz_ogre_next_vendor/lib:/opt/ros/jazzy/opt/gz_dartsim_vendor/lib:/opt/ros/jazzy/opt/gz_cmake_vendor/lib:/opt/ros/jazzy/lib PYTHONPATH=/home/mcfb/ros2_ws/install/px4_msgs/lib/python3.12/site-packages:/home/mcfb/ros2_ws/install/ai_navigator/lib/python3.12/site-packages:/home/mcfb/ros2_ws/install/px4_ros_com/lib/python3.12/site-packages:/home/mcfb/ros2_ws/install/px4_offboard/lib/python3.12/site-packages:/home/mcfb/drone_venv/lib/python3.12/site-packages:/opt/ros/jazzy/lib/python3.12/site-packages /usr/bin/cmake --build /home/mcfb/ros2_ws/build/px4_ros_com -- -j12 -l12
[228.712s] DEBUG:colcon.colcon_core.event_handler.log_command:Invoked command in '/home/mcfb/ros2_ws/build/px4_ros_com' returned '0': CMAKE_PREFIX_PATH=/home/mcfb/ros2_ws/install/px4_msgs:/home/mcfb/ros2_ws/install/px4_ros_com:/opt/ros/jazzy/opt/gz_sim_vendor:/opt/ros/jazzy/opt/gz_sensors_vendor:/opt/ros/jazzy/opt/gz_physics_vendor:/opt/ros/jazzy/opt/sdformat_vendor:/opt/ros/jazzy/opt/gz_gui_vendor:/opt/ros/jazzy/opt/gz_transport_vendor:/opt/ros/jazzy/opt/gz_rendering_vendor:/opt/ros/jazzy/opt/gz_plugin_vendor:/opt/ros/jazzy/opt/gz_fuel_tools_vendor:/opt/ros/jazzy/opt/gz_msgs_vendor:/opt/ros/jazzy/opt/gz_common_vendor:/opt/ros/jazzy/opt/gz_math_vendor:/opt/ros/jazzy/opt/gz_utils_vendor:/opt/ros/jazzy/opt/gz_tools_vendor:/opt/ros/jazzy/opt/gz_ogre_next_vendor:/opt/ros/jazzy/opt/gz_dartsim_vendor:/opt/ros/jazzy/opt/gz_cmake_vendor:/home/mcfb/ros2_ws/install/ai_navigator:/home/mcfb/ros2_ws/install/px4_offboard:/opt/ros/jazzy DEBUGINFOD_URLS=https://debuginfod.ubuntu.com LD_LIBRARY_PATH=/home/mcfb/ros2_ws/install/px4_msgs/lib:/home/mcfb/ros2_ws/install/px4_ros_com/lib:/opt/ros/jazzy/opt/gz_sim_vendor/lib:/opt/ros/jazzy/opt/gz_sensors_vendor/lib:/opt/ros/jazzy/opt/gz_physics_vendor/lib:/opt/ros/jazzy/opt/sdformat_vendor/lib:/opt/ros/jazzy/opt/rviz_ogre_vendor/lib:/opt/ros/jazzy/lib/x86_64-linux-gnu:/opt/ros/jazzy/opt/gz_gui_vendor/lib:/opt/ros/jazzy/opt/gz_transport_vendor/lib:/opt/ros/jazzy/opt/gz_rendering_vendor/lib:/opt/ros/jazzy/opt/gz_plugin_vendor/lib:/opt/ros/jazzy/opt/gz_fuel_tools_vendor/lib:/opt/ros/jazzy/opt/gz_msgs_vendor/lib:/opt/ros/jazzy/opt/gz_common_vendor/lib:/opt/ros/jazzy/opt/gz_math_vendor/lib:/opt/ros/jazzy/opt/gz_utils_vendor/lib:/opt/ros/jazzy/opt/gz_tools_vendor/lib:/opt/ros/jazzy/opt/gz_ogre_next_vendor/lib:/opt/ros/jazzy/opt/gz_dartsim_vendor/lib:/opt/ros/jazzy/opt/gz_cmake_vendor/lib:/opt/ros/jazzy/lib PYTHONPATH=/home/mcfb/ros2_ws/install/px4_msgs/lib/python3.12/site-packages:/home/mcfb/ros2_ws/install/ai_navigator/lib/python3.12/site-packages:/home/mcfb/ros2_ws/install/px4_ros_com/lib/python3.12/site-packages:/home/mcfb/ros2_ws/install/px4_offboard/lib/python3.12/site-packages:/home/mcfb/drone_venv/lib/python3.12/site-packages:/opt/ros/jazzy/lib/python3.12/site-packages /usr/bin/cmake --build /home/mcfb/ros2_ws/build/px4_ros_com -- -j12 -l12
[228.713s] DEBUG:colcon.colcon_core.event_handler.log_command:Invoking command in '/home/mcfb/ros2_ws/build/px4_ros_com': CMAKE_PREFIX_PATH=/home/mcfb/ros2_ws/install/px4_msgs:/home/mcfb/ros2_ws/install/px4_ros_com:/opt/ros/jazzy/opt/gz_sim_vendor:/opt/ros/jazzy/opt/gz_sensors_vendor:/opt/ros/jazzy/opt/gz_physics_vendor:/opt/ros/jazzy/opt/sdformat_vendor:/opt/ros/jazzy/opt/gz_gui_vendor:/opt/ros/jazzy/opt/gz_transport_vendor:/opt/ros/jazzy/opt/gz_rendering_vendor:/opt/ros/jazzy/opt/gz_plugin_vendor:/opt/ros/jazzy/opt/gz_fuel_tools_vendor:/opt/ros/jazzy/opt/gz_msgs_vendor:/opt/ros/jazzy/opt/gz_common_vendor:/opt/ros/jazzy/opt/gz_math_vendor:/opt/ros/jazzy/opt/gz_utils_vendor:/opt/ros/jazzy/opt/gz_tools_vendor:/opt/ros/jazzy/opt/gz_ogre_next_vendor:/opt/ros/jazzy/opt/gz_dartsim_vendor:/opt/ros/jazzy/opt/gz_cmake_vendor:/home/mcfb/ros2_ws/install/ai_navigator:/home/mcfb/ros2_ws/install/px4_offboard:/opt/ros/jazzy DEBUGINFOD_URLS=https://debuginfod.ubuntu.com LD_LIBRARY_PATH=/home/mcfb/ros2_ws/install/px4_msgs/lib:/home/mcfb/ros2_ws/install/px4_ros_com/lib:/opt/ros/jazzy/opt/gz_sim_vendor/lib:/opt/ros/jazzy/opt/gz_sensors_vendor/lib:/opt/ros/jazzy/opt/gz_physics_vendor/lib:/opt/ros/jazzy/opt/sdformat_vendor/lib:/opt/ros/jazzy/opt/rviz_ogre_vendor/lib:/opt/ros/jazzy/lib/x86_64-linux-gnu:/opt/ros/jazzy/opt/gz_gui_vendor/lib:/opt/ros/jazzy/opt/gz_transport_vendor/lib:/opt/ros/jazzy/opt/gz_rendering_vendor/lib:/opt/ros/jazzy/opt/gz_plugin_vendor/lib:/opt/ros/jazzy/opt/gz_fuel_tools_vendor/lib:/opt/ros/jazzy/opt/gz_msgs_vendor/lib:/opt/ros/jazzy/opt/gz_common_vendor/lib:/opt/ros/jazzy/opt/gz_math_vendor/lib:/opt/ros/jazzy/opt/gz_utils_vendor/lib:/opt/ros/jazzy/opt/gz_tools_vendor/lib:/opt/ros/jazzy/opt/gz_ogre_next_vendor/lib:/opt/ros/jazzy/opt/gz_dartsim_vendor/lib:/opt/ros/jazzy/opt/gz_cmake_vendor/lib:/opt/ros/jazzy/lib PYTHONPATH=/home/mcfb/ros2_ws/install/px4_msgs/lib/python3.12/site-packages:/home/mcfb/ros2_ws/install/ai_navigator/lib/python3.12/site-packages:/home/mcfb/ros2_ws/install/px4_ros_com/lib/python3.12/site-packages:/home/mcfb/ros2_ws/install/px4_offboard/lib/python3.12/site-packages:/home/mcfb/drone_venv/lib/python3.12/site-packages:/opt/ros/jazzy/lib/python3.12/site-packages /usr/bin/cmake --install /home/mcfb/ros2_ws/build/px4_ros_com
[228.773s] Level 1:colcon.colcon_core.environment:create_environment_scripts_only(px4_ros_com)
[228.773s] Level 1:colcon.colcon_core.environment:checking '/home/mcfb/ros2_ws/install/px4_ros_com' for CMake module files
[228.774s] DEBUG:colcon.colcon_core.event_handler.log_command:Invoked command in '/home/mcfb/ros2_ws/build/px4_ros_com' returned '0': CMAKE_PREFIX_PATH=/home/mcfb/ros2_ws/install/px4_msgs:/home/mcfb/ros2_ws/install/px4_ros_com:/opt/ros/jazzy/opt/gz_sim_vendor:/opt/ros/jazzy/opt/gz_sensors_vendor:/opt/ros/jazzy/opt/gz_physics_vendor:/opt/ros/jazzy/opt/sdformat_vendor:/opt/ros/jazzy/opt/gz_gui_vendor:/opt/ros/jazzy/opt/gz_transport_vendor:/opt/ros/jazzy/opt/gz_rendering_vendor:/opt/ros/jazzy/opt/gz_plugin_vendor:/opt/ros/jazzy/opt/gz_fuel_tools_vendor:/opt/ros/jazzy/opt/gz_msgs_vendor:/opt/ros/jazzy/opt/gz_common_vendor:/opt/ros/jazzy/opt/gz_math_vendor:/opt/ros/jazzy/opt/gz_utils_vendor:/opt/ros/jazzy/opt/gz_tools_vendor:/opt/ros/jazzy/opt/gz_ogre_next_vendor:/opt/ros/jazzy/opt/gz_dartsim_vendor:/opt/ros/jazzy/opt/gz_cmake_vendor:/home/mcfb/ros2_ws/install/ai_navigator:/home/mcfb/ros2_ws/install/px4_offboard:/opt/ros/jazzy DEBUGINFOD_URLS=https://debuginfod.ubuntu.com LD_LIBRARY_PATH=/home/mcfb/ros2_ws/install/px4_msgs/lib:/home/mcfb/ros2_ws/install/px4_ros_com/lib:/opt/ros/jazzy/opt/gz_sim_vendor/lib:/opt/ros/jazzy/opt/gz_sensors_vendor/lib:/opt/ros/jazzy/opt/gz_physics_vendor/lib:/opt/ros/jazzy/opt/sdformat_vendor/lib:/opt/ros/jazzy/opt/rviz_ogre_vendor/lib:/opt/ros/jazzy/lib/x86_64-linux-gnu:/opt/ros/jazzy/opt/gz_gui_vendor/lib:/opt/ros/jazzy/opt/gz_transport_vendor/lib:/opt/ros/jazzy/opt/gz_rendering_vendor/lib:/opt/ros/jazzy/opt/gz_plugin_vendor/lib:/opt/ros/jazzy/opt/gz_fuel_tools_vendor/lib:/opt/ros/jazzy/opt/gz_msgs_vendor/lib:/opt/ros/jazzy/opt/gz_common_vendor/lib:/opt/ros/jazzy/opt/gz_math_vendor/lib:/opt/ros/jazzy/opt/gz_utils_vendor/lib:/opt/ros/jazzy/opt/gz_tools_vendor/lib:/opt/ros/jazzy/opt/gz_ogre_next_vendor/lib:/opt/ros/jazzy/opt/gz_dartsim_vendor/lib:/opt/ros/jazzy/opt/gz_cmake_vendor/lib:/opt/ros/jazzy/lib PYTHONPATH=/home/mcfb/ros2_ws/install/px4_msgs/lib/python3.12/site-packages:/home/mcfb/ros2_ws/install/ai_navigator/lib/python3.12/site-packages:/home/mcfb/ros2_ws/install/px4_ros_com/lib/python3.12/site-packages:/home/mcfb/ros2_ws/install/px4_offboard/lib/python3.12/site-packages:/home/mcfb/drone_venv/lib/python3.12/site-packages:/opt/ros/jazzy/lib/python3.12/site-packages /usr/bin/cmake --install /home/mcfb/ros2_ws/build/px4_ros_com
[228.774s] Level 1:colcon.colcon_core.environment:checking '/home/mcfb/ros2_ws/install/px4_ros_com' for CMake config files
[228.774s] Level 1:colcon.colcon_core.shell:create_environment_hook('px4_ros_com', 'cmake_prefix_path')
[228.774s] INFO:colcon.colcon_core.shell:Creating environment hook '/home/mcfb/ros2_ws/install/px4_ros_com/share/px4_ros_com/hook/cmake_prefix_path.ps1'
[228.775s] INFO:colcon.colcon_core.shell:Creating environment descriptor '/home/mcfb/ros2_ws/install/px4_ros_com/share/px4_ros_com/hook/cmake_prefix_path.dsv'
[228.775s] INFO:colcon.colcon_core.shell:Creating environment hook '/home/mcfb/ros2_ws/install/px4_ros_com/share/px4_ros_com/hook/cmake_prefix_path.sh'
[228.776s] Level 1:colcon.colcon_core.environment:checking '/home/mcfb/ros2_ws/install/px4_ros_com/lib'
[228.776s] Level 1:colcon.colcon_core.shell:create_environment_hook('px4_ros_com', 'ld_library_path_lib')
[228.776s] INFO:colcon.colcon_core.shell:Creating environment hook '/home/mcfb/ros2_ws/install/px4_ros_com/share/px4_ros_com/hook/ld_library_path_lib.ps1'
[228.777s] INFO:colcon.colcon_core.shell:Creating environment descriptor '/home/mcfb/ros2_ws/install/px4_ros_com/share/px4_ros_com/hook/ld_library_path_lib.dsv'
[228.777s] INFO:colcon.colcon_core.shell:Creating environment hook '/home/mcfb/ros2_ws/install/px4_ros_com/share/px4_ros_com/hook/ld_library_path_lib.sh'
[228.777s] Level 1:colcon.colcon_core.environment:checking '/home/mcfb/ros2_ws/install/px4_ros_com/bin'
[228.777s] Level 1:colcon.colcon_core.environment:checking '/home/mcfb/ros2_ws/install/px4_ros_com/lib/pkgconfig/px4_ros_com.pc'
[228.778s] Level 1:colcon.colcon_core.environment:checking '/home/mcfb/ros2_ws/install/px4_ros_com/lib/python3.12/site-packages'
[228.778s] Level 1:colcon.colcon_core.shell:create_environment_hook('px4_ros_com', 'pythonpath')
[228.778s] INFO:colcon.colcon_core.shell:Creating environment hook '/home/mcfb/ros2_ws/install/px4_ros_com/share/px4_ros_com/hook/pythonpath.ps1'
[228.779s] INFO:colcon.colcon_core.shell:Creating environment descriptor '/home/mcfb/ros2_ws/install/px4_ros_com/share/px4_ros_com/hook/pythonpath.dsv'
[228.780s] INFO:colcon.colcon_core.shell:Creating environment hook '/home/mcfb/ros2_ws/install/px4_ros_com/share/px4_ros_com/hook/pythonpath.sh'
[228.780s] Level 1:colcon.colcon_core.environment:checking '/home/mcfb/ros2_ws/install/px4_ros_com/bin'
[228.780s] INFO:colcon.colcon_core.shell:Creating package script '/home/mcfb/ros2_ws/install/px4_ros_com/share/px4_ros_com/package.ps1'
[228.781s] INFO:colcon.colcon_core.shell:Creating package descriptor '/home/mcfb/ros2_ws/install/px4_ros_com/share/px4_ros_com/package.dsv'
[228.781s] INFO:colcon.colcon_core.shell:Creating package script '/home/mcfb/ros2_ws/install/px4_ros_com/share/px4_ros_com/package.sh'
[228.782s] INFO:colcon.colcon_core.shell:Creating package script '/home/mcfb/ros2_ws/install/px4_ros_com/share/px4_ros_com/package.bash'
[228.782s] INFO:colcon.colcon_core.shell:Creating package script '/home/mcfb/ros2_ws/install/px4_ros_com/share/px4_ros_com/package.zsh'
[228.782s] Level 1:colcon.colcon_core.environment:create_file_with_runtime_dependencies(/home/mcfb/ros2_ws/install/px4_ros_com/share/colcon-core/packages/px4_ros_com)
[228.783s] Level 1:colcon.colcon_core.environment:create_environment_scripts_only(px4_ros_com)
[228.783s] Level 1:colcon.colcon_core.environment:checking '/home/mcfb/ros2_ws/install/px4_ros_com' for CMake module files
[228.783s] Level 1:colcon.colcon_core.environment:checking '/home/mcfb/ros2_ws/install/px4_ros_com' for CMake config files
[228.784s] Level 1:colcon.colcon_core.shell:create_environment_hook('px4_ros_com', 'cmake_prefix_path')
[228.784s] INFO:colcon.colcon_core.shell:Creating environment hook '/home/mcfb/ros2_ws/install/px4_ros_com/share/px4_ros_com/hook/cmake_prefix_path.ps1'
[228.784s] INFO:colcon.colcon_core.shell:Creating environment descriptor '/home/mcfb/ros2_ws/install/px4_ros_com/share/px4_ros_com/hook/cmake_prefix_path.dsv'
[228.785s] INFO:colcon.colcon_core.shell:Creating environment hook '/home/mcfb/ros2_ws/install/px4_ros_com/share/px4_ros_com/hook/cmake_prefix_path.sh'
[228.785s] Level 1:colcon.colcon_core.environment:checking '/home/mcfb/ros2_ws/install/px4_ros_com/lib'
[228.785s] Level 1:colcon.colcon_core.shell:create_environment_hook('px4_ros_com', 'ld_library_path_lib')
[228.785s] INFO:colcon.colcon_core.shell:Creating environment hook '/home/mcfb/ros2_ws/install/px4_ros_com/share/px4_ros_com/hook/ld_library_path_lib.ps1'
[228.786s] INFO:colcon.colcon_core.shell:Creating environment descriptor '/home/mcfb/ros2_ws/install/px4_ros_com/share/px4_ros_com/hook/ld_library_path_lib.dsv'
[228.786s] INFO:colcon.colcon_core.shell:Creating environment hook '/home/mcfb/ros2_ws/install/px4_ros_com/share/px4_ros_com/hook/ld_library_path_lib.sh'
[228.787s] Level 1:colcon.colcon_core.environment:checking '/home/mcfb/ros2_ws/install/px4_ros_com/bin'
[228.787s] Level 1:colcon.colcon_core.environment:checking '/home/mcfb/ros2_ws/install/px4_ros_com/lib/pkgconfig/px4_ros_com.pc'
[228.787s] Level 1:colcon.colcon_core.environment:checking '/home/mcfb/ros2_ws/install/px4_ros_com/lib/python3.12/site-packages'
[228.787s] Level 1:colcon.colcon_core.shell:create_environment_hook('px4_ros_com', 'pythonpath')
[228.787s] INFO:colcon.colcon_core.shell:Creating environment hook '/home/mcfb/ros2_ws/install/px4_ros_com/share/px4_ros_com/hook/pythonpath.ps1'
[228.787s] INFO:colcon.colcon_core.shell:Creating environment descriptor '/home/mcfb/ros2_ws/install/px4_ros_com/share/px4_ros_com/hook/pythonpath.dsv'
[228.788s] INFO:colcon.colcon_core.shell:Creating environment hook '/home/mcfb/ros2_ws/install/px4_ros_com/share/px4_ros_com/hook/pythonpath.sh'
[228.788s] Level 1:colcon.colcon_core.environment:checking '/home/mcfb/ros2_ws/install/px4_ros_com/bin'
[228.789s] INFO:colcon.colcon_core.shell:Creating package script '/home/mcfb/ros2_ws/install/px4_ros_com/share/px4_ros_com/package.ps1'
[228.789s] INFO:colcon.colcon_core.shell:Creating package descriptor '/home/mcfb/ros2_ws/install/px4_ros_com/share/px4_ros_com/package.dsv'
[228.789s] INFO:colcon.colcon_core.shell:Creating package script '/home/mcfb/ros2_ws/install/px4_ros_com/share/px4_ros_com/package.sh'
[228.790s] INFO:colcon.colcon_core.shell:Creating package script '/home/mcfb/ros2_ws/install/px4_ros_com/share/px4_ros_com/package.bash'
[228.790s] INFO:colcon.colcon_core.shell:Creating package script '/home/mcfb/ros2_ws/install/px4_ros_com/share/px4_ros_com/package.zsh'
[228.790s] Level 1:colcon.colcon_core.environment:create_file_with_runtime_dependencies(/home/mcfb/ros2_ws/install/px4_ros_com/share/colcon-core/packages/px4_ros_com)
[228.791s] DEBUG:colcon.colcon_parallel_executor.executor.parallel:closing loop
[228.791s] DEBUG:colcon.colcon_parallel_executor.executor.parallel:loop closed
[228.791s] DEBUG:colcon.colcon_parallel_executor.executor.parallel:run_until_complete finished with '0'
[228.791s] DEBUG:colcon.colcon_core.event_reactor:joining thread
[228.811s] INFO:colcon.colcon_core.plugin_system:Skipping extension 'colcon_notification.desktop_notification.terminal_notifier': Not used on non-Darwin systems
[228.811s] INFO:colcon.colcon_core.plugin_system:Skipping extension 'colcon_notification.desktop_notification.win32': Not used on non-Windows systems
[228.811s] INFO:colcon.colcon_notification.desktop_notification:Sending desktop notification using 'notify2'
[228.827s] DEBUG:colcon.colcon_core.event_reactor:joined thread
[228.828s] INFO:colcon.colcon_core.shell:Creating prefix script '/home/mcfb/ros2_ws/install/local_setup.ps1'
[228.829s] INFO:colcon.colcon_core.shell:Creating prefix util module '/home/mcfb/ros2_ws/install/_local_setup_util_ps1.py'
[228.830s] INFO:colcon.colcon_core.shell:Creating prefix chain script '/home/mcfb/ros2_ws/install/setup.ps1'
[228.832s] INFO:colcon.colcon_core.shell:Creating prefix script '/home/mcfb/ros2_ws/install/local_setup.sh'
[228.833s] INFO:colcon.colcon_core.shell:Creating prefix util module '/home/mcfb/ros2_ws/install/_local_setup_util_sh.py'
[228.833s] INFO:colcon.colcon_core.shell:Creating prefix chain script '/home/mcfb/ros2_ws/install/setup.sh'
[228.834s] INFO:colcon.colcon_core.shell:Creating prefix script '/home/mcfb/ros2_ws/install/local_setup.bash'
[228.835s] INFO:colcon.colcon_core.shell:Creating prefix chain script '/home/mcfb/ros2_ws/install/setup.bash'
[228.836s] INFO:colcon.colcon_core.shell:Creating prefix script '/home/mcfb/ros2_ws/install/local_setup.zsh'
[228.836s] INFO:colcon.colcon_core.shell:Creating prefix chain script '/home/mcfb/ros2_ws/install/setup.zsh'
