[0.098s] DEBUG:colcon:Command line arguments: ['/usr/bin/colcon', 'build']
[0.098s] DEBUG:colcon:Parsed command line arguments: Namespace(log_base=None, log_level=None, verb_name='build', build_base='build', install_base='install', merge_install=False, symlink_install=False, test_result_base=None, continue_on_error=False, executor='parallel', parallel_workers=12, event_handlers=None, ignore_user_meta=False, metas=['./colcon.meta'], base_paths=['.'], packages_ignore=None, packages_ignore_regex=None, paths=None, packages_up_to=None, packages_up_to_regex=None, packages_above=None, packages_above_and_dependencies=None, packages_above_depth=None, packages_select_by_dep=None, packages_skip_by_dep=None, packages_skip_up_to=None, packages_select_build_failed=False, packages_skip_build_finished=False, packages_select_test_failures=False, packages_skip_test_passed=False, packages_select=None, packages_skip=None, packages_select_regex=None, packages_skip_regex=None, packages_start=None, packages_end=None, allow_overriding=[], cmake_args=None, cmake_target=None, cmake_target_skip_unavailable=False, cmake_clean_cache=False, cmake_clean_first=False, cmake_force_configure=False, ament_cmake_args=None, catkin_cmake_args=None, catkin_skip_building_tests=False, mixin_files=None, mixin=None, verb_parser=<colcon_mixin.mixin.mixin_argument.MixinArgumentDecorator object at 0x795f6b104b30>, verb_extension=<colcon_core.verb.build.BuildVerb object at 0x795f6b1048f0>, main=<bound method BuildVerb.main of <colcon_core.verb.build.BuildVerb object at 0x795f6b1048f0>>, mixin_verb=('build',))
[0.132s] Level 1:colcon.colcon_core.package_discovery:discover_packages(colcon_meta) check parameters
[0.132s] Level 1:colcon.colcon_core.package_discovery:discover_packages(recursive) check parameters
[0.132s] Level 1:colcon.colcon_core.package_discovery:discover_packages(ignore) check parameters
[0.132s] Level 1:colcon.colcon_core.package_discovery:discover_packages(path) check parameters
[0.132s] Level 1:colcon.colcon_core.package_discovery:discover_packages(colcon_meta) discover
[0.132s] Level 1:colcon.colcon_core.package_discovery:discover_packages(recursive) discover
[0.132s] INFO:colcon.colcon_core.package_discovery:Crawling recursively for packages in '/home/mcfb/ros2_ws'
[0.132s] Level 1:colcon.colcon_core.package_identification:_identify(.) by extensions ['ignore', 'ignore_ament_install']
[0.132s] Level 1:colcon.colcon_core.package_identification:_identify(.) by extension 'ignore'
[0.132s] Level 1:colcon.colcon_core.package_identification:_identify(.) by extension 'ignore_ament_install'
[0.132s] Level 1:colcon.colcon_core.package_identification:_identify(.) by extensions ['colcon_pkg']
[0.132s] Level 1:colcon.colcon_core.package_identification:_identify(.) by extension 'colcon_pkg'
[0.132s] Level 1:colcon.colcon_core.package_identification:_identify(.) by extensions ['colcon_meta']
[0.132s] Level 1:colcon.colcon_core.package_identification:_identify(.) by extension 'colcon_meta'
[0.132s] Level 1:colcon.colcon_core.package_identification:_identify(.) by extensions ['ros']
[0.132s] Level 1:colcon.colcon_core.package_identification:_identify(.) by extension 'ros'
[0.156s] Level 1:colcon.colcon_core.package_identification:_identify(.) by extensions ['cmake', 'python']
[0.156s] Level 1:colcon.colcon_core.package_identification:_identify(.) by extension 'cmake'
[0.156s] Level 1:colcon.colcon_core.package_identification:_identify(.) by extension 'python'
[0.156s] Level 1:colcon.colcon_core.package_identification:_identify(.) by extensions ['python_setup_py']
[0.156s] Level 1:colcon.colcon_core.package_identification:_identify(.) by extension 'python_setup_py'
[0.157s] Level 1:colcon.colcon_core.package_identification:_identify(build) by extensions ['ignore', 'ignore_ament_install']
[0.157s] Level 1:colcon.colcon_core.package_identification:_identify(build) by extension 'ignore'
[0.157s] Level 1:colcon.colcon_core.package_identification:_identify(build) ignored
[0.157s] Level 1:colcon.colcon_core.package_identification:_identify(install) by extensions ['ignore', 'ignore_ament_install']
[0.157s] Level 1:colcon.colcon_core.package_identification:_identify(install) by extension 'ignore'
[0.157s] Level 1:colcon.colcon_core.package_identification:_identify(install) ignored
[0.157s] Level 1:colcon.colcon_core.package_identification:_identify(log) by extensions ['ignore', 'ignore_ament_install']
[0.157s] Level 1:colcon.colcon_core.package_identification:_identify(log) by extension 'ignore'
[0.157s] Level 1:colcon.colcon_core.package_identification:_identify(log) ignored
[0.157s] Level 1:colcon.colcon_core.package_identification:_identify(src) by extensions ['ignore', 'ignore_ament_install']
[0.157s] Level 1:colcon.colcon_core.package_identification:_identify(src) by extension 'ignore'
[0.157s] Level 1:colcon.colcon_core.package_identification:_identify(src) by extension 'ignore_ament_install'
[0.157s] Level 1:colcon.colcon_core.package_identification:_identify(src) by extensions ['colcon_pkg']
[0.157s] Level 1:colcon.colcon_core.package_identification:_identify(src) by extension 'colcon_pkg'
[0.157s] Level 1:colcon.colcon_core.package_identification:_identify(src) by extensions ['colcon_meta']
[0.157s] Level 1:colcon.colcon_core.package_identification:_identify(src) by extension 'colcon_meta'
[0.157s] Level 1:colcon.colcon_core.package_identification:_identify(src) by extensions ['ros']
[0.157s] Level 1:colcon.colcon_core.package_identification:_identify(src) by extension 'ros'
[0.157s] Level 1:colcon.colcon_core.package_identification:_identify(src) by extensions ['cmake', 'python']
[0.157s] Level 1:colcon.colcon_core.package_identification:_identify(src) by extension 'cmake'
[0.157s] Level 1:colcon.colcon_core.package_identification:_identify(src) by extension 'python'
[0.157s] Level 1:colcon.colcon_core.package_identification:_identify(src) by extensions ['python_setup_py']
[0.157s] Level 1:colcon.colcon_core.package_identification:_identify(src) by extension 'python_setup_py'
[0.157s] Level 1:colcon.colcon_core.package_identification:_identify(src/ai_navigator) by extensions ['ignore', 'ignore_ament_install']
[0.157s] Level 1:colcon.colcon_core.package_identification:_identify(src/ai_navigator) by extension 'ignore'
[0.157s] Level 1:colcon.colcon_core.package_identification:_identify(src/ai_navigator) by extension 'ignore_ament_install'
[0.158s] Level 1:colcon.colcon_core.package_identification:_identify(src/ai_navigator) by extensions ['colcon_pkg']
[0.158s] Level 1:colcon.colcon_core.package_identification:_identify(src/ai_navigator) by extension 'colcon_pkg'
[0.158s] Level 1:colcon.colcon_core.package_identification:_identify(src/ai_navigator) by extensions ['colcon_meta']
[0.158s] Level 1:colcon.colcon_core.package_identification:_identify(src/ai_navigator) by extension 'colcon_meta'
[0.158s] Level 1:colcon.colcon_core.package_identification:_identify(src/ai_navigator) by extensions ['ros']
[0.158s] Level 1:colcon.colcon_core.package_identification:_identify(src/ai_navigator) by extension 'ros'
[0.160s] DEBUG:colcon.colcon_core.package_identification:Package 'src/ai_navigator' with type 'ros.ament_python' and name 'ai_navigator'
[0.160s] Level 1:colcon.colcon_core.package_identification:_identify(src/px4-offboard) by extensions ['ignore', 'ignore_ament_install']
[0.160s] Level 1:colcon.colcon_core.package_identification:_identify(src/px4-offboard) by extension 'ignore'
[0.160s] Level 1:colcon.colcon_core.package_identification:_identify(src/px4-offboard) by extension 'ignore_ament_install'
[0.160s] Level 1:colcon.colcon_core.package_identification:_identify(src/px4-offboard) by extensions ['colcon_pkg']
[0.160s] Level 1:colcon.colcon_core.package_identification:_identify(src/px4-offboard) by extension 'colcon_pkg'
[0.160s] Level 1:colcon.colcon_core.package_identification:_identify(src/px4-offboard) by extensions ['colcon_meta']
[0.160s] Level 1:colcon.colcon_core.package_identification:_identify(src/px4-offboard) by extension 'colcon_meta'
[0.160s] Level 1:colcon.colcon_core.package_identification:_identify(src/px4-offboard) by extensions ['ros']
[0.160s] Level 1:colcon.colcon_core.package_identification:_identify(src/px4-offboard) by extension 'ros'
[0.160s] DEBUG:colcon.colcon_core.package_identification:Package 'src/px4-offboard' with type 'ros.ament_python' and name 'px4_offboard'
[0.161s] Level 1:colcon.colcon_core.package_identification:_identify(src/px4_msgs) by extensions ['ignore', 'ignore_ament_install']
[0.161s] Level 1:colcon.colcon_core.package_identification:_identify(src/px4_msgs) by extension 'ignore'
[0.161s] Level 1:colcon.colcon_core.package_identification:_identify(src/px4_msgs) by extension 'ignore_ament_install'
[0.161s] Level 1:colcon.colcon_core.package_identification:_identify(src/px4_msgs) by extensions ['colcon_pkg']
[0.161s] Level 1:colcon.colcon_core.package_identification:_identify(src/px4_msgs) by extension 'colcon_pkg'
[0.161s] Level 1:colcon.colcon_core.package_identification:_identify(src/px4_msgs) by extensions ['colcon_meta']
[0.161s] Level 1:colcon.colcon_core.package_identification:_identify(src/px4_msgs) by extension 'colcon_meta'
[0.161s] Level 1:colcon.colcon_core.package_identification:_identify(src/px4_msgs) by extensions ['ros']
[0.161s] Level 1:colcon.colcon_core.package_identification:_identify(src/px4_msgs) by extension 'ros'
[0.161s] DEBUG:colcon.colcon_core.package_identification:Package 'src/px4_msgs' with type 'ros.ament_cmake' and name 'px4_msgs'
[0.161s] Level 1:colcon.colcon_core.package_identification:_identify(src/px4_ros_com) by extensions ['ignore', 'ignore_ament_install']
[0.161s] Level 1:colcon.colcon_core.package_identification:_identify(src/px4_ros_com) by extension 'ignore'
[0.161s] Level 1:colcon.colcon_core.package_identification:_identify(src/px4_ros_com) by extension 'ignore_ament_install'
[0.161s] Level 1:colcon.colcon_core.package_identification:_identify(src/px4_ros_com) by extensions ['colcon_pkg']
[0.161s] Level 1:colcon.colcon_core.package_identification:_identify(src/px4_ros_com) by extension 'colcon_pkg'
[0.161s] Level 1:colcon.colcon_core.package_identification:_identify(src/px4_ros_com) by extensions ['colcon_meta']
[0.161s] Level 1:colcon.colcon_core.package_identification:_identify(src/px4_ros_com) by extension 'colcon_meta'
[0.161s] Level 1:colcon.colcon_core.package_identification:_identify(src/px4_ros_com) by extensions ['ros']
[0.161s] Level 1:colcon.colcon_core.package_identification:_identify(src/px4_ros_com) by extension 'ros'
[0.162s] DEBUG:colcon.colcon_core.package_identification:Package 'src/px4_ros_com' with type 'ros.ament_cmake' and name 'px4_ros_com'
[0.162s] Level 1:colcon.colcon_core.package_discovery:discover_packages(recursive) using defaults
[0.162s] Level 1:colcon.colcon_core.package_discovery:discover_packages(ignore) discover
[0.162s] Level 1:colcon.colcon_core.package_discovery:discover_packages(ignore) using defaults
[0.162s] Level 1:colcon.colcon_core.package_discovery:discover_packages(path) discover
[0.162s] Level 1:colcon.colcon_core.package_discovery:discover_packages(path) using defaults
[0.179s] Level 1:colcon.colcon_core.package_discovery:discover_packages(prefix_path) check parameters
[0.179s] Level 1:colcon.colcon_core.package_discovery:discover_packages(prefix_path) discover
[0.180s] WARNING:colcon.colcon_ros.prefix_path.ament:The path '/home/mcfb/ros2_ws/install/px4_ros_com' in the environment variable AMENT_PREFIX_PATH doesn't exist
[0.180s] WARNING:colcon.colcon_ros.prefix_path.ament:The path '/home/mcfb/ros2_ws/install/px4_offboard' in the environment variable AMENT_PREFIX_PATH doesn't exist
[0.180s] WARNING:colcon.colcon_ros.prefix_path.ament:The path '/home/mcfb/ros2_ws/install/px4_msgs' in the environment variable AMENT_PREFIX_PATH doesn't exist
[0.180s] WARNING:colcon.colcon_ros.prefix_path.ament:The path '/home/mcfb/ros2_ws/install/ai_navigator' in the environment variable AMENT_PREFIX_PATH doesn't exist
[0.180s] WARNING:colcon.colcon_ros.prefix_path.catkin:The path '/home/mcfb/ros2_ws/install/px4_ros_com' in the environment variable CMAKE_PREFIX_PATH doesn't exist
[0.180s] WARNING:colcon.colcon_ros.prefix_path.catkin:The path '/home/mcfb/ros2_ws/install/px4_msgs' in the environment variable CMAKE_PREFIX_PATH doesn't exist
[0.181s] DEBUG:colcon.colcon_installed_package_information.package_discovery:Found 0 installed packages in /home/mcfb/ros2_ws/install
[0.182s] DEBUG:colcon.colcon_installed_package_information.package_discovery:Found 386 installed packages in /opt/ros/jazzy
[0.183s] Level 1:colcon.colcon_core.package_discovery:discover_packages(prefix_path) using defaults
[0.220s] Level 5:colcon.colcon_core.verb:set package 'ai_navigator' build argument 'cmake_args' from command line to 'None'
[0.220s] Level 5:colcon.colcon_core.verb:set package 'ai_navigator' build argument 'cmake_target' from command line to 'None'
[0.221s] Level 5:colcon.colcon_core.verb:set package 'ai_navigator' build argument 'cmake_target_skip_unavailable' from command line to 'False'
[0.221s] Level 5:colcon.colcon_core.verb:set package 'ai_navigator' build argument 'cmake_clean_cache' from command line to 'False'
[0.221s] Level 5:colcon.colcon_core.verb:set package 'ai_navigator' build argument 'cmake_clean_first' from command line to 'False'
[0.221s] Level 5:colcon.colcon_core.verb:set package 'ai_navigator' build argument 'cmake_force_configure' from command line to 'False'
[0.221s] Level 5:colcon.colcon_core.verb:set package 'ai_navigator' build argument 'ament_cmake_args' from command line to 'None'
[0.221s] Level 5:colcon.colcon_core.verb:set package 'ai_navigator' build argument 'catkin_cmake_args' from command line to 'None'
[0.221s] Level 5:colcon.colcon_core.verb:set package 'ai_navigator' build argument 'catkin_skip_building_tests' from command line to 'False'
[0.221s] DEBUG:colcon.colcon_core.verb:Building package 'ai_navigator' with the following arguments: {'ament_cmake_args': None, 'build_base': '/home/mcfb/ros2_ws/build/ai_navigator', 'catkin_cmake_args': None, 'catkin_skip_building_tests': False, 'cmake_args': None, 'cmake_clean_cache': False, 'cmake_clean_first': False, 'cmake_force_configure': False, 'cmake_target': None, 'cmake_target_skip_unavailable': False, 'install_base': '/home/mcfb/ros2_ws/install/ai_navigator', 'merge_install': False, 'path': '/home/mcfb/ros2_ws/src/ai_navigator', 'symlink_install': False, 'test_result_base': None}
[0.221s] Level 5:colcon.colcon_core.verb:set package 'px4_msgs' build argument 'cmake_args' from command line to 'None'
[0.221s] Level 5:colcon.colcon_core.verb:set package 'px4_msgs' build argument 'cmake_target' from command line to 'None'
[0.221s] Level 5:colcon.colcon_core.verb:set package 'px4_msgs' build argument 'cmake_target_skip_unavailable' from command line to 'False'
[0.221s] Level 5:colcon.colcon_core.verb:set package 'px4_msgs' build argument 'cmake_clean_cache' from command line to 'False'
[0.221s] Level 5:colcon.colcon_core.verb:set package 'px4_msgs' build argument 'cmake_clean_first' from command line to 'False'
[0.221s] Level 5:colcon.colcon_core.verb:set package 'px4_msgs' build argument 'cmake_force_configure' from command line to 'False'
[0.221s] Level 5:colcon.colcon_core.verb:set package 'px4_msgs' build argument 'ament_cmake_args' from command line to 'None'
[0.221s] Level 5:colcon.colcon_core.verb:set package 'px4_msgs' build argument 'catkin_cmake_args' from command line to 'None'
[0.221s] Level 5:colcon.colcon_core.verb:set package 'px4_msgs' build argument 'catkin_skip_building_tests' from command line to 'False'
[0.221s] DEBUG:colcon.colcon_core.verb:Building package 'px4_msgs' with the following arguments: {'ament_cmake_args': None, 'build_base': '/home/mcfb/ros2_ws/build/px4_msgs', 'catkin_cmake_args': None, 'catkin_skip_building_tests': False, 'cmake_args': None, 'cmake_clean_cache': False, 'cmake_clean_first': False, 'cmake_force_configure': False, 'cmake_target': None, 'cmake_target_skip_unavailable': False, 'install_base': '/home/mcfb/ros2_ws/install/px4_msgs', 'merge_install': False, 'path': '/home/mcfb/ros2_ws/src/px4_msgs', 'symlink_install': False, 'test_result_base': None}
[0.221s] Level 5:colcon.colcon_core.verb:set package 'px4_offboard' build argument 'cmake_args' from command line to 'None'
[0.221s] Level 5:colcon.colcon_core.verb:set package 'px4_offboard' build argument 'cmake_target' from command line to 'None'
[0.221s] Level 5:colcon.colcon_core.verb:set package 'px4_offboard' build argument 'cmake_target_skip_unavailable' from command line to 'False'
[0.221s] Level 5:colcon.colcon_core.verb:set package 'px4_offboard' build argument 'cmake_clean_cache' from command line to 'False'
[0.221s] Level 5:colcon.colcon_core.verb:set package 'px4_offboard' build argument 'cmake_clean_first' from command line to 'False'
[0.221s] Level 5:colcon.colcon_core.verb:set package 'px4_offboard' build argument 'cmake_force_configure' from command line to 'False'
[0.221s] Level 5:colcon.colcon_core.verb:set package 'px4_offboard' build argument 'ament_cmake_args' from command line to 'None'
[0.221s] Level 5:colcon.colcon_core.verb:set package 'px4_offboard' build argument 'catkin_cmake_args' from command line to 'None'
[0.221s] Level 5:colcon.colcon_core.verb:set package 'px4_offboard' build argument 'catkin_skip_building_tests' from command line to 'False'
[0.221s] DEBUG:colcon.colcon_core.verb:Building package 'px4_offboard' with the following arguments: {'ament_cmake_args': None, 'build_base': '/home/mcfb/ros2_ws/build/px4_offboard', 'catkin_cmake_args': None, 'catkin_skip_building_tests': False, 'cmake_args': None, 'cmake_clean_cache': False, 'cmake_clean_first': False, 'cmake_force_configure': False, 'cmake_target': None, 'cmake_target_skip_unavailable': False, 'install_base': '/home/mcfb/ros2_ws/install/px4_offboard', 'merge_install': False, 'path': '/home/mcfb/ros2_ws/src/px4-offboard', 'symlink_install': False, 'test_result_base': None}
[0.221s] Level 5:colcon.colcon_core.verb:set package 'px4_ros_com' build argument 'cmake_args' from command line to 'None'
[0.221s] Level 5:colcon.colcon_core.verb:set package 'px4_ros_com' build argument 'cmake_target' from command line to 'None'
[0.221s] Level 5:colcon.colcon_core.verb:set package 'px4_ros_com' build argument 'cmake_target_skip_unavailable' from command line to 'False'
[0.221s] Level 5:colcon.colcon_core.verb:set package 'px4_ros_com' build argument 'cmake_clean_cache' from command line to 'False'
[0.221s] Level 5:colcon.colcon_core.verb:set package 'px4_ros_com' build argument 'cmake_clean_first' from command line to 'False'
[0.221s] Level 5:colcon.colcon_core.verb:set package 'px4_ros_com' build argument 'cmake_force_configure' from command line to 'False'
[0.221s] Level 5:colcon.colcon_core.verb:set package 'px4_ros_com' build argument 'ament_cmake_args' from command line to 'None'
[0.221s] Level 5:colcon.colcon_core.verb:set package 'px4_ros_com' build argument 'catkin_cmake_args' from command line to 'None'
[0.221s] Level 5:colcon.colcon_core.verb:set package 'px4_ros_com' build argument 'catkin_skip_building_tests' from command line to 'False'
[0.221s] DEBUG:colcon.colcon_core.verb:Building package 'px4_ros_com' with the following arguments: {'ament_cmake_args': None, 'build_base': '/home/mcfb/ros2_ws/build/px4_ros_com', 'catkin_cmake_args': None, 'catkin_skip_building_tests': False, 'cmake_args': None, 'cmake_clean_cache': False, 'cmake_clean_first': False, 'cmake_force_configure': False, 'cmake_target': None, 'cmake_target_skip_unavailable': False, 'install_base': '/home/mcfb/ros2_ws/install/px4_ros_com', 'merge_install': False, 'path': '/home/mcfb/ros2_ws/src/px4_ros_com', 'symlink_install': False, 'test_result_base': None}
[0.222s] INFO:colcon.colcon_core.executor:Executing jobs using 'parallel' executor
[0.222s] DEBUG:colcon.colcon_parallel_executor.executor.parallel:run_until_complete
[0.223s] INFO:colcon.colcon_ros.task.ament_cmake.build:Building ROS package in '/home/mcfb/ros2_ws/src/px4_msgs' with build type 'ament_cmake'
[0.223s] INFO:colcon.colcon_cmake.task.cmake.build:Building CMake package in '/home/mcfb/ros2_ws/src/px4_msgs'
[0.224s] INFO:colcon.colcon_core.plugin_system:Skipping extension 'colcon_core.shell.bat': Not used on non-Windows systems
[0.225s] INFO:colcon.colcon_core.shell:Skip shell extension 'powershell' for command environment: Not usable outside of PowerShell
[0.225s] DEBUG:colcon.colcon_core.shell:Skip shell extension 'dsv' for command environment
[0.228s] INFO:colcon.colcon_ros.task.ament_python.build:Building ROS package in '/home/mcfb/ros2_ws/src/ai_navigator' with build type 'ament_python'
[0.229s] Level 1:colcon.colcon_core.shell:create_environment_hook('ai_navigator', 'ament_prefix_path')
[0.229s] INFO:colcon.colcon_core.shell:Creating environment hook '/home/mcfb/ros2_ws/install/ai_navigator/share/ai_navigator/hook/ament_prefix_path.ps1'
[0.230s] INFO:colcon.colcon_core.shell:Creating environment descriptor '/home/mcfb/ros2_ws/install/ai_navigator/share/ai_navigator/hook/ament_prefix_path.dsv'
[0.230s] INFO:colcon.colcon_core.shell:Creating environment hook '/home/mcfb/ros2_ws/install/ai_navigator/share/ai_navigator/hook/ament_prefix_path.sh'
[0.231s] INFO:colcon.colcon_core.shell:Skip shell extension 'powershell' for command environment: Not usable outside of PowerShell
[0.231s] DEBUG:colcon.colcon_core.shell:Skip shell extension 'dsv' for command environment
[0.235s] DEBUG:colcon.colcon_core.event_handler.log_command:Invoking command in '/home/mcfb/ros2_ws/build/px4_msgs': CMAKE_PREFIX_PATH=${CMAKE_PREFIX_PATH}:/home/mcfb/ros2_ws/install/px4_offboard:/home/mcfb/ros2_ws/install/ai_navigator:/opt/ros/jazzy DEBUGINFOD_URLS=https://debuginfod.ubuntu.com /usr/bin/cmake /home/mcfb/ros2_ws/src/px4_msgs -DCMAKE_INSTALL_PREFIX=/home/mcfb/ros2_ws/install/px4_msgs
[0.442s] INFO:colcon.colcon_core.task.python.build:Building Python package in '/home/mcfb/ros2_ws/src/ai_navigator'
[0.442s] INFO:colcon.colcon_core.shell:Skip shell extension 'powershell' for command environment: Not usable outside of PowerShell
[0.442s] DEBUG:colcon.colcon_core.shell:Skip shell extension 'dsv' for command environment
[0.847s] DEBUG:colcon.colcon_core.event_handler.log_command:Invoking command in '/home/mcfb/ros2_ws/src/ai_navigator': DEBUGINFOD_URLS=https://debuginfod.ubuntu.com PYTHONPATH=/home/mcfb/ros2_ws/build/ai_navigator/prefix_override:/usr/lib/python3/dist-packages/colcon_core/task/python/colcon_distutils_commands:/home/mcfb/ros2_ws/install/ai_navigator/lib/python3.12/site-packages:${PYTHONPATH} /usr/bin/python3 -W ignore:setup.py install is deprecated -W ignore:easy_install command is deprecated setup.py egg_info --egg-base ../../build/ai_navigator build --build-base /home/mcfb/ros2_ws/build/ai_navigator/build install --record /home/mcfb/ros2_ws/build/ai_navigator/install.log --single-version-externally-managed install_data
[1.272s] DEBUG:colcon.colcon_core.event_handler.log_command:Invoked command in '/home/mcfb/ros2_ws/src/ai_navigator' returned '0': DEBUGINFOD_URLS=https://debuginfod.ubuntu.com PYTHONPATH=/home/mcfb/ros2_ws/build/ai_navigator/prefix_override:/usr/lib/python3/dist-packages/colcon_core/task/python/colcon_distutils_commands:/home/mcfb/ros2_ws/install/ai_navigator/lib/python3.12/site-packages:${PYTHONPATH} /usr/bin/python3 -W ignore:setup.py install is deprecated -W ignore:easy_install command is deprecated setup.py egg_info --egg-base ../../build/ai_navigator build --build-base /home/mcfb/ros2_ws/build/ai_navigator/build install --record /home/mcfb/ros2_ws/build/ai_navigator/install.log --single-version-externally-managed install_data
[1.274s] Level 1:colcon.colcon_core.environment:checking '/home/mcfb/ros2_ws/install/ai_navigator' for CMake module files
[1.275s] Level 1:colcon.colcon_core.environment:checking '/home/mcfb/ros2_ws/install/ai_navigator' for CMake config files
[1.275s] Level 1:colcon.colcon_core.environment:checking '/home/mcfb/ros2_ws/install/ai_navigator/lib'
[1.275s] Level 1:colcon.colcon_core.environment:checking '/home/mcfb/ros2_ws/install/ai_navigator/bin'
[1.275s] Level 1:colcon.colcon_core.environment:checking '/home/mcfb/ros2_ws/install/ai_navigator/lib/pkgconfig/ai_navigator.pc'
[1.276s] Level 1:colcon.colcon_core.environment:checking '/home/mcfb/ros2_ws/install/ai_navigator/lib/python3.12/site-packages'
[1.276s] Level 1:colcon.colcon_core.shell:create_environment_hook('ai_navigator', 'pythonpath')
[1.276s] INFO:colcon.colcon_core.shell:Creating environment hook '/home/mcfb/ros2_ws/install/ai_navigator/share/ai_navigator/hook/pythonpath.ps1'
[1.276s] INFO:colcon.colcon_core.shell:Creating environment descriptor '/home/mcfb/ros2_ws/install/ai_navigator/share/ai_navigator/hook/pythonpath.dsv'
[1.277s] INFO:colcon.colcon_core.shell:Creating environment hook '/home/mcfb/ros2_ws/install/ai_navigator/share/ai_navigator/hook/pythonpath.sh'
[1.277s] Level 1:colcon.colcon_core.environment:checking '/home/mcfb/ros2_ws/install/ai_navigator/bin'
[1.277s] Level 1:colcon.colcon_core.environment:create_environment_scripts_only(ai_navigator)
[1.277s] INFO:colcon.colcon_core.shell:Creating package script '/home/mcfb/ros2_ws/install/ai_navigator/share/ai_navigator/package.ps1'
[1.278s] INFO:colcon.colcon_core.shell:Creating package descriptor '/home/mcfb/ros2_ws/install/ai_navigator/share/ai_navigator/package.dsv'
[1.279s] INFO:colcon.colcon_core.shell:Creating package script '/home/mcfb/ros2_ws/install/ai_navigator/share/ai_navigator/package.sh'
[1.279s] INFO:colcon.colcon_core.shell:Creating package script '/home/mcfb/ros2_ws/install/ai_navigator/share/ai_navigator/package.bash'
[1.280s] INFO:colcon.colcon_core.shell:Creating package script '/home/mcfb/ros2_ws/install/ai_navigator/share/ai_navigator/package.zsh'
[1.281s] Level 1:colcon.colcon_core.environment:create_file_with_runtime_dependencies(/home/mcfb/ros2_ws/install/ai_navigator/share/colcon-core/packages/ai_navigator)
[5.081s] DEBUG:colcon.colcon_core.event_handler.log_command:Invoked command in '/home/mcfb/ros2_ws/build/px4_msgs' returned '0': CMAKE_PREFIX_PATH=${CMAKE_PREFIX_PATH}:/home/mcfb/ros2_ws/install/px4_offboard:/home/mcfb/ros2_ws/install/ai_navigator:/opt/ros/jazzy DEBUGINFOD_URLS=https://debuginfod.ubuntu.com /usr/bin/cmake /home/mcfb/ros2_ws/src/px4_msgs -DCMAKE_INSTALL_PREFIX=/home/mcfb/ros2_ws/install/px4_msgs
[5.083s] DEBUG:colcon.colcon_core.event_handler.log_command:Invoking command in '/home/mcfb/ros2_ws/build/px4_msgs': CMAKE_PREFIX_PATH=${CMAKE_PREFIX_PATH}:/home/mcfb/ros2_ws/install/px4_offboard:/home/mcfb/ros2_ws/install/ai_navigator:/opt/ros/jazzy DEBUGINFOD_URLS=https://debuginfod.ubuntu.com /usr/bin/cmake --build /home/mcfb/ros2_ws/build/px4_msgs -- -j12 -l12
[215.583s] DEBUG:colcon.colcon_core.event_handler.log_command:Invoked command in '/home/mcfb/ros2_ws/build/px4_msgs' returned '0': CMAKE_PREFIX_PATH=${CMAKE_PREFIX_PATH}:/home/mcfb/ros2_ws/install/px4_offboard:/home/mcfb/ros2_ws/install/ai_navigator:/opt/ros/jazzy DEBUGINFOD_URLS=https://debuginfod.ubuntu.com /usr/bin/cmake --build /home/mcfb/ros2_ws/build/px4_msgs -- -j12 -l12
[215.593s] DEBUG:colcon.colcon_core.event_handler.log_command:Invoking command in '/home/mcfb/ros2_ws/build/px4_msgs': CMAKE_PREFIX_PATH=${CMAKE_PREFIX_PATH}:/home/mcfb/ros2_ws/install/px4_offboard:/home/mcfb/ros2_ws/install/ai_navigator:/opt/ros/jazzy DEBUGINFOD_URLS=https://debuginfod.ubuntu.com /usr/bin/cmake --install /home/mcfb/ros2_ws/build/px4_msgs
[216.580s] Level 1:colcon.colcon_core.environment:create_environment_scripts_only(px4_msgs)
[216.581s] Level 1:colcon.colcon_core.environment:checking '/home/mcfb/ros2_ws/install/px4_msgs' for CMake module files
[216.581s] DEBUG:colcon.colcon_core.event_handler.log_command:Invoked command in '/home/mcfb/ros2_ws/build/px4_msgs' returned '0': CMAKE_PREFIX_PATH=${CMAKE_PREFIX_PATH}:/home/mcfb/ros2_ws/install/px4_offboard:/home/mcfb/ros2_ws/install/ai_navigator:/opt/ros/jazzy DEBUGINFOD_URLS=https://debuginfod.ubuntu.com /usr/bin/cmake --install /home/mcfb/ros2_ws/build/px4_msgs
[216.581s] Level 1:colcon.colcon_core.environment:checking '/home/mcfb/ros2_ws/install/px4_msgs' for CMake config files
[216.582s] Level 1:colcon.colcon_core.shell:create_environment_hook('px4_msgs', 'cmake_prefix_path')
[216.582s] INFO:colcon.colcon_core.shell:Creating environment hook '/home/mcfb/ros2_ws/install/px4_msgs/share/px4_msgs/hook/cmake_prefix_path.ps1'
[216.583s] INFO:colcon.colcon_core.shell:Creating environment descriptor '/home/mcfb/ros2_ws/install/px4_msgs/share/px4_msgs/hook/cmake_prefix_path.dsv'
[216.583s] INFO:colcon.colcon_core.shell:Creating environment hook '/home/mcfb/ros2_ws/install/px4_msgs/share/px4_msgs/hook/cmake_prefix_path.sh'
[216.584s] Level 1:colcon.colcon_core.environment:checking '/home/mcfb/ros2_ws/install/px4_msgs/lib'
[216.584s] Level 1:colcon.colcon_core.shell:create_environment_hook('px4_msgs', 'ld_library_path_lib')
[216.584s] INFO:colcon.colcon_core.shell:Creating environment hook '/home/mcfb/ros2_ws/install/px4_msgs/share/px4_msgs/hook/ld_library_path_lib.ps1'
[216.584s] INFO:colcon.colcon_core.shell:Creating environment descriptor '/home/mcfb/ros2_ws/install/px4_msgs/share/px4_msgs/hook/ld_library_path_lib.dsv'
[216.585s] INFO:colcon.colcon_core.shell:Creating environment hook '/home/mcfb/ros2_ws/install/px4_msgs/share/px4_msgs/hook/ld_library_path_lib.sh'
[216.585s] Level 1:colcon.colcon_core.environment:checking '/home/mcfb/ros2_ws/install/px4_msgs/bin'
[216.585s] Level 1:colcon.colcon_core.environment:checking '/home/mcfb/ros2_ws/install/px4_msgs/lib/pkgconfig/px4_msgs.pc'
[216.585s] Level 1:colcon.colcon_core.environment:checking '/home/mcfb/ros2_ws/install/px4_msgs/lib/python3.12/site-packages'
[216.585s] Level 1:colcon.colcon_core.shell:create_environment_hook('px4_msgs', 'pythonpath')
[216.585s] INFO:colcon.colcon_core.shell:Creating environment hook '/home/mcfb/ros2_ws/install/px4_msgs/share/px4_msgs/hook/pythonpath.ps1'
[216.586s] INFO:colcon.colcon_core.shell:Creating environment descriptor '/home/mcfb/ros2_ws/install/px4_msgs/share/px4_msgs/hook/pythonpath.dsv'
[216.586s] INFO:colcon.colcon_core.shell:Creating environment hook '/home/mcfb/ros2_ws/install/px4_msgs/share/px4_msgs/hook/pythonpath.sh'
[216.587s] Level 1:colcon.colcon_core.environment:checking '/home/mcfb/ros2_ws/install/px4_msgs/bin'
[216.587s] INFO:colcon.colcon_core.shell:Creating package script '/home/mcfb/ros2_ws/install/px4_msgs/share/px4_msgs/package.ps1'
[216.589s] INFO:colcon.colcon_core.shell:Creating package descriptor '/home/mcfb/ros2_ws/install/px4_msgs/share/px4_msgs/package.dsv'
[216.589s] INFO:colcon.colcon_core.shell:Creating package script '/home/mcfb/ros2_ws/install/px4_msgs/share/px4_msgs/package.sh'
[216.590s] INFO:colcon.colcon_core.shell:Creating package script '/home/mcfb/ros2_ws/install/px4_msgs/share/px4_msgs/package.bash'
[216.590s] INFO:colcon.colcon_core.shell:Creating package script '/home/mcfb/ros2_ws/install/px4_msgs/share/px4_msgs/package.zsh'
[216.591s] Level 1:colcon.colcon_core.environment:create_file_with_runtime_dependencies(/home/mcfb/ros2_ws/install/px4_msgs/share/colcon-core/packages/px4_msgs)
[216.591s] Level 1:colcon.colcon_core.environment:create_environment_scripts_only(px4_msgs)
[216.591s] Level 1:colcon.colcon_core.environment:checking '/home/mcfb/ros2_ws/install/px4_msgs' for CMake module files
[216.592s] Level 1:colcon.colcon_core.environment:checking '/home/mcfb/ros2_ws/install/px4_msgs' for CMake config files
[216.592s] Level 1:colcon.colcon_core.shell:create_environment_hook('px4_msgs', 'cmake_prefix_path')
[216.592s] INFO:colcon.colcon_core.shell:Creating environment hook '/home/mcfb/ros2_ws/install/px4_msgs/share/px4_msgs/hook/cmake_prefix_path.ps1'
[216.593s] INFO:colcon.colcon_core.shell:Creating environment descriptor '/home/mcfb/ros2_ws/install/px4_msgs/share/px4_msgs/hook/cmake_prefix_path.dsv'
[216.593s] INFO:colcon.colcon_core.shell:Creating environment hook '/home/mcfb/ros2_ws/install/px4_msgs/share/px4_msgs/hook/cmake_prefix_path.sh'
[216.594s] Level 1:colcon.colcon_core.environment:checking '/home/mcfb/ros2_ws/install/px4_msgs/lib'
[216.594s] Level 1:colcon.colcon_core.shell:create_environment_hook('px4_msgs', 'ld_library_path_lib')
[216.594s] INFO:colcon.colcon_core.shell:Creating environment hook '/home/mcfb/ros2_ws/install/px4_msgs/share/px4_msgs/hook/ld_library_path_lib.ps1'
[216.595s] INFO:colcon.colcon_core.shell:Creating environment descriptor '/home/mcfb/ros2_ws/install/px4_msgs/share/px4_msgs/hook/ld_library_path_lib.dsv'
[216.595s] INFO:colcon.colcon_core.shell:Creating environment hook '/home/mcfb/ros2_ws/install/px4_msgs/share/px4_msgs/hook/ld_library_path_lib.sh'
[216.596s] Level 1:colcon.colcon_core.environment:checking '/home/mcfb/ros2_ws/install/px4_msgs/bin'
[216.596s] Level 1:colcon.colcon_core.environment:checking '/home/mcfb/ros2_ws/install/px4_msgs/lib/pkgconfig/px4_msgs.pc'
[216.596s] Level 1:colcon.colcon_core.environment:checking '/home/mcfb/ros2_ws/install/px4_msgs/lib/python3.12/site-packages'
[216.596s] Level 1:colcon.colcon_core.shell:create_environment_hook('px4_msgs', 'pythonpath')
[216.596s] INFO:colcon.colcon_core.shell:Creating environment hook '/home/mcfb/ros2_ws/install/px4_msgs/share/px4_msgs/hook/pythonpath.ps1'
[216.597s] INFO:colcon.colcon_core.shell:Creating environment descriptor '/home/mcfb/ros2_ws/install/px4_msgs/share/px4_msgs/hook/pythonpath.dsv'
[216.597s] INFO:colcon.colcon_core.shell:Creating environment hook '/home/mcfb/ros2_ws/install/px4_msgs/share/px4_msgs/hook/pythonpath.sh'
[216.597s] Level 1:colcon.colcon_core.environment:checking '/home/mcfb/ros2_ws/install/px4_msgs/bin'
[216.598s] INFO:colcon.colcon_core.shell:Creating package script '/home/mcfb/ros2_ws/install/px4_msgs/share/px4_msgs/package.ps1'
[216.598s] INFO:colcon.colcon_core.shell:Creating package descriptor '/home/mcfb/ros2_ws/install/px4_msgs/share/px4_msgs/package.dsv'
[216.598s] INFO:colcon.colcon_core.shell:Creating package script '/home/mcfb/ros2_ws/install/px4_msgs/share/px4_msgs/package.sh'
[216.599s] INFO:colcon.colcon_core.shell:Creating package script '/home/mcfb/ros2_ws/install/px4_msgs/share/px4_msgs/package.bash'
[216.599s] INFO:colcon.colcon_core.shell:Creating package script '/home/mcfb/ros2_ws/install/px4_msgs/share/px4_msgs/package.zsh'
[216.600s] Level 1:colcon.colcon_core.environment:create_file_with_runtime_dependencies(/home/mcfb/ros2_ws/install/px4_msgs/share/colcon-core/packages/px4_msgs)
[216.600s] INFO:colcon.colcon_ros.task.ament_python.build:Building ROS package in '/home/mcfb/ros2_ws/src/px4-offboard' with build type 'ament_python'
[216.600s] Level 1:colcon.colcon_core.shell:create_environment_hook('px4_offboard', 'ament_prefix_path')
[216.600s] INFO:colcon.colcon_core.shell:Creating environment hook '/home/mcfb/ros2_ws/install/px4_offboard/share/px4_offboard/hook/ament_prefix_path.ps1'
[216.601s] INFO:colcon.colcon_core.shell:Creating environment descriptor '/home/mcfb/ros2_ws/install/px4_offboard/share/px4_offboard/hook/ament_prefix_path.dsv'
[216.602s] INFO:colcon.colcon_core.shell:Creating environment hook '/home/mcfb/ros2_ws/install/px4_offboard/share/px4_offboard/hook/ament_prefix_path.sh'
[216.602s] INFO:colcon.colcon_core.shell:Skip shell extension 'powershell' for command environment: Not usable outside of PowerShell
[216.602s] DEBUG:colcon.colcon_core.shell:Skip shell extension 'dsv' for command environment
[216.605s] INFO:colcon.colcon_ros.task.ament_cmake.build:Building ROS package in '/home/mcfb/ros2_ws/src/px4_ros_com' with build type 'ament_cmake'
[216.605s] INFO:colcon.colcon_cmake.task.cmake.build:Building CMake package in '/home/mcfb/ros2_ws/src/px4_ros_com'
[216.605s] INFO:colcon.colcon_core.shell:Skip shell extension 'powershell' for command environment: Not usable outside of PowerShell
[216.605s] DEBUG:colcon.colcon_core.shell:Skip shell extension 'dsv' for command environment
[216.802s] INFO:colcon.colcon_core.task.python.build:Building Python package in '/home/mcfb/ros2_ws/src/px4-offboard'
[216.802s] INFO:colcon.colcon_core.shell:Skip shell extension 'powershell' for command environment: Not usable outside of PowerShell
[216.803s] DEBUG:colcon.colcon_core.shell:Skip shell extension 'dsv' for command environment
[216.807s] DEBUG:colcon.colcon_core.event_handler.log_command:Invoking command in '/home/mcfb/ros2_ws/build/px4_ros_com': CMAKE_PREFIX_PATH=/home/mcfb/ros2_ws/install/px4_msgs:/home/mcfb/ros2_ws/install/px4_ros_com:/opt/ros/jazzy/opt/gz_sim_vendor:/opt/ros/jazzy/opt/gz_sensors_vendor:/opt/ros/jazzy/opt/gz_physics_vendor:/opt/ros/jazzy/opt/sdformat_vendor:/opt/ros/jazzy/opt/gz_gui_vendor:/opt/ros/jazzy/opt/gz_transport_vendor:/opt/ros/jazzy/opt/gz_rendering_vendor:/opt/ros/jazzy/opt/gz_plugin_vendor:/opt/ros/jazzy/opt/gz_fuel_tools_vendor:/opt/ros/jazzy/opt/gz_msgs_vendor:/opt/ros/jazzy/opt/gz_common_vendor:/opt/ros/jazzy/opt/gz_math_vendor:/opt/ros/jazzy/opt/gz_utils_vendor:/opt/ros/jazzy/opt/gz_tools_vendor:/opt/ros/jazzy/opt/gz_ogre_next_vendor:/opt/ros/jazzy/opt/gz_dartsim_vendor:/opt/ros/jazzy/opt/gz_cmake_vendor:/home/mcfb/ros2_ws/install/px4_offboard:/home/mcfb/ros2_ws/install/ai_navigator:/opt/ros/jazzy DEBUGINFOD_URLS=https://debuginfod.ubuntu.com LD_LIBRARY_PATH=/home/mcfb/ros2_ws/install/px4_msgs/lib:/home/mcfb/ros2_ws/install/px4_ros_com/lib:/opt/ros/jazzy/opt/gz_sim_vendor/lib:/opt/ros/jazzy/opt/gz_sensors_vendor/lib:/opt/ros/jazzy/opt/gz_physics_vendor/lib:/opt/ros/jazzy/opt/sdformat_vendor/lib:/opt/ros/jazzy/opt/rviz_ogre_vendor/lib:/opt/ros/jazzy/lib/x86_64-linux-gnu:/opt/ros/jazzy/opt/gz_gui_vendor/lib:/opt/ros/jazzy/opt/gz_transport_vendor/lib:/opt/ros/jazzy/opt/gz_rendering_vendor/lib:/opt/ros/jazzy/opt/gz_plugin_vendor/lib:/opt/ros/jazzy/opt/gz_fuel_tools_vendor/lib:/opt/ros/jazzy/opt/gz_msgs_vendor/lib:/opt/ros/jazzy/opt/gz_common_vendor/lib:/opt/ros/jazzy/opt/gz_math_vendor/lib:/opt/ros/jazzy/opt/gz_utils_vendor/lib:/opt/ros/jazzy/opt/gz_tools_vendor/lib:/opt/ros/jazzy/opt/gz_ogre_next_vendor/lib:/opt/ros/jazzy/opt/gz_dartsim_vendor/lib:/opt/ros/jazzy/opt/gz_cmake_vendor/lib:/opt/ros/jazzy/lib PYTHONPATH=/home/mcfb/ros2_ws/install/px4_msgs/lib/python3.12/site-packages:/home/mcfb/ros2_ws/install/px4_ros_com/lib/python3.12/site-packages:/home/mcfb/ros2_ws/install/px4_offboard/lib/python3.12/site-packages:/home/mcfb/ros2_ws/install/ai_navigator/lib/python3.12/site-packages:/home/mcfb/drone_venv/lib/python3.12/site-packages:/opt/ros/jazzy/lib/python3.12/site-packages /usr/bin/cmake /home/mcfb/ros2_ws/src/px4_ros_com -DCMAKE_INSTALL_PREFIX=/home/mcfb/ros2_ws/install/px4_ros_com
[217.210s] DEBUG:colcon.colcon_core.event_handler.log_command:Invoking command in '/home/mcfb/ros2_ws/src/px4-offboard': CMAKE_PREFIX_PATH=/home/mcfb/ros2_ws/install/px4_msgs:/home/mcfb/ros2_ws/install/px4_ros_com:/opt/ros/jazzy/opt/gz_sim_vendor:/opt/ros/jazzy/opt/gz_sensors_vendor:/opt/ros/jazzy/opt/gz_physics_vendor:/opt/ros/jazzy/opt/sdformat_vendor:/opt/ros/jazzy/opt/gz_gui_vendor:/opt/ros/jazzy/opt/gz_transport_vendor:/opt/ros/jazzy/opt/gz_rendering_vendor:/opt/ros/jazzy/opt/gz_plugin_vendor:/opt/ros/jazzy/opt/gz_fuel_tools_vendor:/opt/ros/jazzy/opt/gz_msgs_vendor:/opt/ros/jazzy/opt/gz_common_vendor:/opt/ros/jazzy/opt/gz_math_vendor:/opt/ros/jazzy/opt/gz_utils_vendor:/opt/ros/jazzy/opt/gz_tools_vendor:/opt/ros/jazzy/opt/gz_ogre_next_vendor:/opt/ros/jazzy/opt/gz_dartsim_vendor:/opt/ros/jazzy/opt/gz_cmake_vendor DEBUGINFOD_URLS=https://debuginfod.ubuntu.com LD_LIBRARY_PATH=/home/mcfb/ros2_ws/install/px4_msgs/lib:/home/mcfb/ros2_ws/install/px4_ros_com/lib:/opt/ros/jazzy/opt/gz_sim_vendor/lib:/opt/ros/jazzy/opt/gz_sensors_vendor/lib:/opt/ros/jazzy/opt/gz_physics_vendor/lib:/opt/ros/jazzy/opt/sdformat_vendor/lib:/opt/ros/jazzy/opt/rviz_ogre_vendor/lib:/opt/ros/jazzy/lib/x86_64-linux-gnu:/opt/ros/jazzy/opt/gz_gui_vendor/lib:/opt/ros/jazzy/opt/gz_transport_vendor/lib:/opt/ros/jazzy/opt/gz_rendering_vendor/lib:/opt/ros/jazzy/opt/gz_plugin_vendor/lib:/opt/ros/jazzy/opt/gz_fuel_tools_vendor/lib:/opt/ros/jazzy/opt/gz_msgs_vendor/lib:/opt/ros/jazzy/opt/gz_common_vendor/lib:/opt/ros/jazzy/opt/gz_math_vendor/lib:/opt/ros/jazzy/opt/gz_utils_vendor/lib:/opt/ros/jazzy/opt/gz_tools_vendor/lib:/opt/ros/jazzy/opt/gz_ogre_next_vendor/lib:/opt/ros/jazzy/opt/gz_dartsim_vendor/lib:/opt/ros/jazzy/opt/gz_cmake_vendor/lib:/opt/ros/jazzy/lib PYTHONPATH=/home/mcfb/ros2_ws/build/px4_offboard/prefix_override:/usr/lib/python3/dist-packages/colcon_core/task/python/colcon_distutils_commands:/home/mcfb/ros2_ws/install/px4_offboard/lib/python3.12/site-packages:/home/mcfb/ros2_ws/install/px4_msgs/lib/python3.12/site-packages:/home/mcfb/ros2_ws/install/px4_ros_com/lib/python3.12/site-packages:/home/mcfb/ros2_ws/install/px4_offboard/lib/python3.12/site-packages:/home/mcfb/ros2_ws/install/ai_navigator/lib/python3.12/site-packages:/home/mcfb/drone_venv/lib/python3.12/site-packages:/opt/ros/jazzy/lib/python3.12/site-packages /usr/bin/python3 -W ignore:setup.py install is deprecated -W ignore:easy_install command is deprecated setup.py egg_info --egg-base ../../build/px4_offboard build --build-base /home/mcfb/ros2_ws/build/px4_offboard/build install --record /home/mcfb/ros2_ws/build/px4_offboard/install.log --single-version-externally-managed install_data
[217.616s] Level 1:colcon.colcon_core.environment:checking '/home/mcfb/ros2_ws/install/px4_offboard' for CMake module files
[217.617s] DEBUG:colcon.colcon_core.event_handler.log_command:Invoked command in '/home/mcfb/ros2_ws/src/px4-offboard' returned '0': CMAKE_PREFIX_PATH=/home/mcfb/ros2_ws/install/px4_msgs:/home/mcfb/ros2_ws/install/px4_ros_com:/opt/ros/jazzy/opt/gz_sim_vendor:/opt/ros/jazzy/opt/gz_sensors_vendor:/opt/ros/jazzy/opt/gz_physics_vendor:/opt/ros/jazzy/opt/sdformat_vendor:/opt/ros/jazzy/opt/gz_gui_vendor:/opt/ros/jazzy/opt/gz_transport_vendor:/opt/ros/jazzy/opt/gz_rendering_vendor:/opt/ros/jazzy/opt/gz_plugin_vendor:/opt/ros/jazzy/opt/gz_fuel_tools_vendor:/opt/ros/jazzy/opt/gz_msgs_vendor:/opt/ros/jazzy/opt/gz_common_vendor:/opt/ros/jazzy/opt/gz_math_vendor:/opt/ros/jazzy/opt/gz_utils_vendor:/opt/ros/jazzy/opt/gz_tools_vendor:/opt/ros/jazzy/opt/gz_ogre_next_vendor:/opt/ros/jazzy/opt/gz_dartsim_vendor:/opt/ros/jazzy/opt/gz_cmake_vendor DEBUGINFOD_URLS=https://debuginfod.ubuntu.com LD_LIBRARY_PATH=/home/mcfb/ros2_ws/install/px4_msgs/lib:/home/mcfb/ros2_ws/install/px4_ros_com/lib:/opt/ros/jazzy/opt/gz_sim_vendor/lib:/opt/ros/jazzy/opt/gz_sensors_vendor/lib:/opt/ros/jazzy/opt/gz_physics_vendor/lib:/opt/ros/jazzy/opt/sdformat_vendor/lib:/opt/ros/jazzy/opt/rviz_ogre_vendor/lib:/opt/ros/jazzy/lib/x86_64-linux-gnu:/opt/ros/jazzy/opt/gz_gui_vendor/lib:/opt/ros/jazzy/opt/gz_transport_vendor/lib:/opt/ros/jazzy/opt/gz_rendering_vendor/lib:/opt/ros/jazzy/opt/gz_plugin_vendor/lib:/opt/ros/jazzy/opt/gz_fuel_tools_vendor/lib:/opt/ros/jazzy/opt/gz_msgs_vendor/lib:/opt/ros/jazzy/opt/gz_common_vendor/lib:/opt/ros/jazzy/opt/gz_math_vendor/lib:/opt/ros/jazzy/opt/gz_utils_vendor/lib:/opt/ros/jazzy/opt/gz_tools_vendor/lib:/opt/ros/jazzy/opt/gz_ogre_next_vendor/lib:/opt/ros/jazzy/opt/gz_dartsim_vendor/lib:/opt/ros/jazzy/opt/gz_cmake_vendor/lib:/opt/ros/jazzy/lib PYTHONPATH=/home/mcfb/ros2_ws/build/px4_offboard/prefix_override:/usr/lib/python3/dist-packages/colcon_core/task/python/colcon_distutils_commands:/home/mcfb/ros2_ws/install/px4_offboard/lib/python3.12/site-packages:/home/mcfb/ros2_ws/install/px4_msgs/lib/python3.12/site-packages:/home/mcfb/ros2_ws/install/px4_ros_com/lib/python3.12/site-packages:/home/mcfb/ros2_ws/install/px4_offboard/lib/python3.12/site-packages:/home/mcfb/ros2_ws/install/ai_navigator/lib/python3.12/site-packages:/home/mcfb/drone_venv/lib/python3.12/site-packages:/opt/ros/jazzy/lib/python3.12/site-packages /usr/bin/python3 -W ignore:setup.py install is deprecated -W ignore:easy_install command is deprecated setup.py egg_info --egg-base ../../build/px4_offboard build --build-base /home/mcfb/ros2_ws/build/px4_offboard/build install --record /home/mcfb/ros2_ws/build/px4_offboard/install.log --single-version-externally-managed install_data
[217.617s] Level 1:colcon.colcon_core.environment:checking '/home/mcfb/ros2_ws/install/px4_offboard' for CMake config files
[217.618s] Level 1:colcon.colcon_core.environment:checking '/home/mcfb/ros2_ws/install/px4_offboard/lib'
[217.618s] Level 1:colcon.colcon_core.environment:checking '/home/mcfb/ros2_ws/install/px4_offboard/bin'
[217.618s] Level 1:colcon.colcon_core.environment:checking '/home/mcfb/ros2_ws/install/px4_offboard/lib/pkgconfig/px4_offboard.pc'
[217.618s] Level 1:colcon.colcon_core.environment:checking '/home/mcfb/ros2_ws/install/px4_offboard/lib/python3.12/site-packages'
[217.618s] Level 1:colcon.colcon_core.shell:create_environment_hook('px4_offboard', 'pythonpath')
[217.618s] INFO:colcon.colcon_core.shell:Creating environment hook '/home/mcfb/ros2_ws/install/px4_offboard/share/px4_offboard/hook/pythonpath.ps1'
[217.619s] INFO:colcon.colcon_core.shell:Creating environment descriptor '/home/mcfb/ros2_ws/install/px4_offboard/share/px4_offboard/hook/pythonpath.dsv'
[217.619s] INFO:colcon.colcon_core.shell:Creating environment hook '/home/mcfb/ros2_ws/install/px4_offboard/share/px4_offboard/hook/pythonpath.sh'
[217.620s] Level 1:colcon.colcon_core.environment:checking '/home/mcfb/ros2_ws/install/px4_offboard/bin'
[217.620s] Level 1:colcon.colcon_core.environment:create_environment_scripts_only(px4_offboard)
[217.621s] INFO:colcon.colcon_core.shell:Creating package script '/home/mcfb/ros2_ws/install/px4_offboard/share/px4_offboard/package.ps1'
[217.621s] INFO:colcon.colcon_core.shell:Creating package descriptor '/home/mcfb/ros2_ws/install/px4_offboard/share/px4_offboard/package.dsv'
[217.622s] INFO:colcon.colcon_core.shell:Creating package script '/home/mcfb/ros2_ws/install/px4_offboard/share/px4_offboard/package.sh'
[217.622s] INFO:colcon.colcon_core.shell:Creating package script '/home/mcfb/ros2_ws/install/px4_offboard/share/px4_offboard/package.bash'
[217.622s] INFO:colcon.colcon_core.shell:Creating package script '/home/mcfb/ros2_ws/install/px4_offboard/share/px4_offboard/package.zsh'
[217.622s] Level 1:colcon.colcon_core.environment:create_file_with_runtime_dependencies(/home/mcfb/ros2_ws/install/px4_offboard/share/colcon-core/packages/px4_offboard)
[217.982s] DEBUG:colcon.colcon_core.event_handler.log_command:Invoked command in '/home/mcfb/ros2_ws/build/px4_ros_com' returned '0': CMAKE_PREFIX_PATH=/home/mcfb/ros2_ws/install/px4_msgs:/home/mcfb/ros2_ws/install/px4_ros_com:/opt/ros/jazzy/opt/gz_sim_vendor:/opt/ros/jazzy/opt/gz_sensors_vendor:/opt/ros/jazzy/opt/gz_physics_vendor:/opt/ros/jazzy/opt/sdformat_vendor:/opt/ros/jazzy/opt/gz_gui_vendor:/opt/ros/jazzy/opt/gz_transport_vendor:/opt/ros/jazzy/opt/gz_rendering_vendor:/opt/ros/jazzy/opt/gz_plugin_vendor:/opt/ros/jazzy/opt/gz_fuel_tools_vendor:/opt/ros/jazzy/opt/gz_msgs_vendor:/opt/ros/jazzy/opt/gz_common_vendor:/opt/ros/jazzy/opt/gz_math_vendor:/opt/ros/jazzy/opt/gz_utils_vendor:/opt/ros/jazzy/opt/gz_tools_vendor:/opt/ros/jazzy/opt/gz_ogre_next_vendor:/opt/ros/jazzy/opt/gz_dartsim_vendor:/opt/ros/jazzy/opt/gz_cmake_vendor:/home/mcfb/ros2_ws/install/px4_offboard:/home/mcfb/ros2_ws/install/ai_navigator:/opt/ros/jazzy DEBUGINFOD_URLS=https://debuginfod.ubuntu.com LD_LIBRARY_PATH=/home/mcfb/ros2_ws/install/px4_msgs/lib:/home/mcfb/ros2_ws/install/px4_ros_com/lib:/opt/ros/jazzy/opt/gz_sim_vendor/lib:/opt/ros/jazzy/opt/gz_sensors_vendor/lib:/opt/ros/jazzy/opt/gz_physics_vendor/lib:/opt/ros/jazzy/opt/sdformat_vendor/lib:/opt/ros/jazzy/opt/rviz_ogre_vendor/lib:/opt/ros/jazzy/lib/x86_64-linux-gnu:/opt/ros/jazzy/opt/gz_gui_vendor/lib:/opt/ros/jazzy/opt/gz_transport_vendor/lib:/opt/ros/jazzy/opt/gz_rendering_vendor/lib:/opt/ros/jazzy/opt/gz_plugin_vendor/lib:/opt/ros/jazzy/opt/gz_fuel_tools_vendor/lib:/opt/ros/jazzy/opt/gz_msgs_vendor/lib:/opt/ros/jazzy/opt/gz_common_vendor/lib:/opt/ros/jazzy/opt/gz_math_vendor/lib:/opt/ros/jazzy/opt/gz_utils_vendor/lib:/opt/ros/jazzy/opt/gz_tools_vendor/lib:/opt/ros/jazzy/opt/gz_ogre_next_vendor/lib:/opt/ros/jazzy/opt/gz_dartsim_vendor/lib:/opt/ros/jazzy/opt/gz_cmake_vendor/lib:/opt/ros/jazzy/lib PYTHONPATH=/home/mcfb/ros2_ws/install/px4_msgs/lib/python3.12/site-packages:/home/mcfb/ros2_ws/install/px4_ros_com/lib/python3.12/site-packages:/home/mcfb/ros2_ws/install/px4_offboard/lib/python3.12/site-packages:/home/mcfb/ros2_ws/install/ai_navigator/lib/python3.12/site-packages:/home/mcfb/drone_venv/lib/python3.12/site-packages:/opt/ros/jazzy/lib/python3.12/site-packages /usr/bin/cmake /home/mcfb/ros2_ws/src/px4_ros_com -DCMAKE_INSTALL_PREFIX=/home/mcfb/ros2_ws/install/px4_ros_com
[217.983s] DEBUG:colcon.colcon_core.event_handler.log_command:Invoking command in '/home/mcfb/ros2_ws/build/px4_ros_com': CMAKE_PREFIX_PATH=/home/mcfb/ros2_ws/install/px4_msgs:/home/mcfb/ros2_ws/install/px4_ros_com:/opt/ros/jazzy/opt/gz_sim_vendor:/opt/ros/jazzy/opt/gz_sensors_vendor:/opt/ros/jazzy/opt/gz_physics_vendor:/opt/ros/jazzy/opt/sdformat_vendor:/opt/ros/jazzy/opt/gz_gui_vendor:/opt/ros/jazzy/opt/gz_transport_vendor:/opt/ros/jazzy/opt/gz_rendering_vendor:/opt/ros/jazzy/opt/gz_plugin_vendor:/opt/ros/jazzy/opt/gz_fuel_tools_vendor:/opt/ros/jazzy/opt/gz_msgs_vendor:/opt/ros/jazzy/opt/gz_common_vendor:/opt/ros/jazzy/opt/gz_math_vendor:/opt/ros/jazzy/opt/gz_utils_vendor:/opt/ros/jazzy/opt/gz_tools_vendor:/opt/ros/jazzy/opt/gz_ogre_next_vendor:/opt/ros/jazzy/opt/gz_dartsim_vendor:/opt/ros/jazzy/opt/gz_cmake_vendor:/home/mcfb/ros2_ws/install/px4_offboard:/home/mcfb/ros2_ws/install/ai_navigator:/opt/ros/jazzy DEBUGINFOD_URLS=https://debuginfod.ubuntu.com LD_LIBRARY_PATH=/home/mcfb/ros2_ws/install/px4_msgs/lib:/home/mcfb/ros2_ws/install/px4_ros_com/lib:/opt/ros/jazzy/opt/gz_sim_vendor/lib:/opt/ros/jazzy/opt/gz_sensors_vendor/lib:/opt/ros/jazzy/opt/gz_physics_vendor/lib:/opt/ros/jazzy/opt/sdformat_vendor/lib:/opt/ros/jazzy/opt/rviz_ogre_vendor/lib:/opt/ros/jazzy/lib/x86_64-linux-gnu:/opt/ros/jazzy/opt/gz_gui_vendor/lib:/opt/ros/jazzy/opt/gz_transport_vendor/lib:/opt/ros/jazzy/opt/gz_rendering_vendor/lib:/opt/ros/jazzy/opt/gz_plugin_vendor/lib:/opt/ros/jazzy/opt/gz_fuel_tools_vendor/lib:/opt/ros/jazzy/opt/gz_msgs_vendor/lib:/opt/ros/jazzy/opt/gz_common_vendor/lib:/opt/ros/jazzy/opt/gz_math_vendor/lib:/opt/ros/jazzy/opt/gz_utils_vendor/lib:/opt/ros/jazzy/opt/gz_tools_vendor/lib:/opt/ros/jazzy/opt/gz_ogre_next_vendor/lib:/opt/ros/jazzy/opt/gz_dartsim_vendor/lib:/opt/ros/jazzy/opt/gz_cmake_vendor/lib:/opt/ros/jazzy/lib PYTHONPATH=/home/mcfb/ros2_ws/install/px4_msgs/lib/python3.12/site-packages:/home/mcfb/ros2_ws/install/px4_ros_com/lib/python3.12/site-packages:/home/mcfb/ros2_ws/install/px4_offboard/lib/python3.12/site-packages:/home/mcfb/ros2_ws/install/ai_navigator/lib/python3.12/site-packages:/home/mcfb/drone_venv/lib/python3.12/site-packages:/opt/ros/jazzy/lib/python3.12/site-packages /usr/bin/cmake --build /home/mcfb/ros2_ws/build/px4_ros_com -- -j12 -l12
[227.242s] DEBUG:colcon.colcon_core.event_handler.log_command:Invoked command in '/home/mcfb/ros2_ws/build/px4_ros_com' returned '0': CMAKE_PREFIX_PATH=/home/mcfb/ros2_ws/install/px4_msgs:/home/mcfb/ros2_ws/install/px4_ros_com:/opt/ros/jazzy/opt/gz_sim_vendor:/opt/ros/jazzy/opt/gz_sensors_vendor:/opt/ros/jazzy/opt/gz_physics_vendor:/opt/ros/jazzy/opt/sdformat_vendor:/opt/ros/jazzy/opt/gz_gui_vendor:/opt/ros/jazzy/opt/gz_transport_vendor:/opt/ros/jazzy/opt/gz_rendering_vendor:/opt/ros/jazzy/opt/gz_plugin_vendor:/opt/ros/jazzy/opt/gz_fuel_tools_vendor:/opt/ros/jazzy/opt/gz_msgs_vendor:/opt/ros/jazzy/opt/gz_common_vendor:/opt/ros/jazzy/opt/gz_math_vendor:/opt/ros/jazzy/opt/gz_utils_vendor:/opt/ros/jazzy/opt/gz_tools_vendor:/opt/ros/jazzy/opt/gz_ogre_next_vendor:/opt/ros/jazzy/opt/gz_dartsim_vendor:/opt/ros/jazzy/opt/gz_cmake_vendor:/home/mcfb/ros2_ws/install/px4_offboard:/home/mcfb/ros2_ws/install/ai_navigator:/opt/ros/jazzy DEBUGINFOD_URLS=https://debuginfod.ubuntu.com LD_LIBRARY_PATH=/home/mcfb/ros2_ws/install/px4_msgs/lib:/home/mcfb/ros2_ws/install/px4_ros_com/lib:/opt/ros/jazzy/opt/gz_sim_vendor/lib:/opt/ros/jazzy/opt/gz_sensors_vendor/lib:/opt/ros/jazzy/opt/gz_physics_vendor/lib:/opt/ros/jazzy/opt/sdformat_vendor/lib:/opt/ros/jazzy/opt/rviz_ogre_vendor/lib:/opt/ros/jazzy/lib/x86_64-linux-gnu:/opt/ros/jazzy/opt/gz_gui_vendor/lib:/opt/ros/jazzy/opt/gz_transport_vendor/lib:/opt/ros/jazzy/opt/gz_rendering_vendor/lib:/opt/ros/jazzy/opt/gz_plugin_vendor/lib:/opt/ros/jazzy/opt/gz_fuel_tools_vendor/lib:/opt/ros/jazzy/opt/gz_msgs_vendor/lib:/opt/ros/jazzy/opt/gz_common_vendor/lib:/opt/ros/jazzy/opt/gz_math_vendor/lib:/opt/ros/jazzy/opt/gz_utils_vendor/lib:/opt/ros/jazzy/opt/gz_tools_vendor/lib:/opt/ros/jazzy/opt/gz_ogre_next_vendor/lib:/opt/ros/jazzy/opt/gz_dartsim_vendor/lib:/opt/ros/jazzy/opt/gz_cmake_vendor/lib:/opt/ros/jazzy/lib PYTHONPATH=/home/mcfb/ros2_ws/install/px4_msgs/lib/python3.12/site-packages:/home/mcfb/ros2_ws/install/px4_ros_com/lib/python3.12/site-packages:/home/mcfb/ros2_ws/install/px4_offboard/lib/python3.12/site-packages:/home/mcfb/ros2_ws/install/ai_navigator/lib/python3.12/site-packages:/home/mcfb/drone_venv/lib/python3.12/site-packages:/opt/ros/jazzy/lib/python3.12/site-packages /usr/bin/cmake --build /home/mcfb/ros2_ws/build/px4_ros_com -- -j12 -l12
[227.243s] DEBUG:colcon.colcon_core.event_handler.log_command:Invoking command in '/home/mcfb/ros2_ws/build/px4_ros_com': CMAKE_PREFIX_PATH=/home/mcfb/ros2_ws/install/px4_msgs:/home/mcfb/ros2_ws/install/px4_ros_com:/opt/ros/jazzy/opt/gz_sim_vendor:/opt/ros/jazzy/opt/gz_sensors_vendor:/opt/ros/jazzy/opt/gz_physics_vendor:/opt/ros/jazzy/opt/sdformat_vendor:/opt/ros/jazzy/opt/gz_gui_vendor:/opt/ros/jazzy/opt/gz_transport_vendor:/opt/ros/jazzy/opt/gz_rendering_vendor:/opt/ros/jazzy/opt/gz_plugin_vendor:/opt/ros/jazzy/opt/gz_fuel_tools_vendor:/opt/ros/jazzy/opt/gz_msgs_vendor:/opt/ros/jazzy/opt/gz_common_vendor:/opt/ros/jazzy/opt/gz_math_vendor:/opt/ros/jazzy/opt/gz_utils_vendor:/opt/ros/jazzy/opt/gz_tools_vendor:/opt/ros/jazzy/opt/gz_ogre_next_vendor:/opt/ros/jazzy/opt/gz_dartsim_vendor:/opt/ros/jazzy/opt/gz_cmake_vendor:/home/mcfb/ros2_ws/install/px4_offboard:/home/mcfb/ros2_ws/install/ai_navigator:/opt/ros/jazzy DEBUGINFOD_URLS=https://debuginfod.ubuntu.com LD_LIBRARY_PATH=/home/mcfb/ros2_ws/install/px4_msgs/lib:/home/mcfb/ros2_ws/install/px4_ros_com/lib:/opt/ros/jazzy/opt/gz_sim_vendor/lib:/opt/ros/jazzy/opt/gz_sensors_vendor/lib:/opt/ros/jazzy/opt/gz_physics_vendor/lib:/opt/ros/jazzy/opt/sdformat_vendor/lib:/opt/ros/jazzy/opt/rviz_ogre_vendor/lib:/opt/ros/jazzy/lib/x86_64-linux-gnu:/opt/ros/jazzy/opt/gz_gui_vendor/lib:/opt/ros/jazzy/opt/gz_transport_vendor/lib:/opt/ros/jazzy/opt/gz_rendering_vendor/lib:/opt/ros/jazzy/opt/gz_plugin_vendor/lib:/opt/ros/jazzy/opt/gz_fuel_tools_vendor/lib:/opt/ros/jazzy/opt/gz_msgs_vendor/lib:/opt/ros/jazzy/opt/gz_common_vendor/lib:/opt/ros/jazzy/opt/gz_math_vendor/lib:/opt/ros/jazzy/opt/gz_utils_vendor/lib:/opt/ros/jazzy/opt/gz_tools_vendor/lib:/opt/ros/jazzy/opt/gz_ogre_next_vendor/lib:/opt/ros/jazzy/opt/gz_dartsim_vendor/lib:/opt/ros/jazzy/opt/gz_cmake_vendor/lib:/opt/ros/jazzy/lib PYTHONPATH=/home/mcfb/ros2_ws/install/px4_msgs/lib/python3.12/site-packages:/home/mcfb/ros2_ws/install/px4_ros_com/lib/python3.12/site-packages:/home/mcfb/ros2_ws/install/px4_offboard/lib/python3.12/site-packages:/home/mcfb/ros2_ws/install/ai_navigator/lib/python3.12/site-packages:/home/mcfb/drone_venv/lib/python3.12/site-packages:/opt/ros/jazzy/lib/python3.12/site-packages /usr/bin/cmake --install /home/mcfb/ros2_ws/build/px4_ros_com
[227.305s] Level 1:colcon.colcon_core.environment:create_environment_scripts_only(px4_ros_com)
[227.305s] DEBUG:colcon.colcon_core.event_handler.log_command:Invoked command in '/home/mcfb/ros2_ws/build/px4_ros_com' returned '0': CMAKE_PREFIX_PATH=/home/mcfb/ros2_ws/install/px4_msgs:/home/mcfb/ros2_ws/install/px4_ros_com:/opt/ros/jazzy/opt/gz_sim_vendor:/opt/ros/jazzy/opt/gz_sensors_vendor:/opt/ros/jazzy/opt/gz_physics_vendor:/opt/ros/jazzy/opt/sdformat_vendor:/opt/ros/jazzy/opt/gz_gui_vendor:/opt/ros/jazzy/opt/gz_transport_vendor:/opt/ros/jazzy/opt/gz_rendering_vendor:/opt/ros/jazzy/opt/gz_plugin_vendor:/opt/ros/jazzy/opt/gz_fuel_tools_vendor:/opt/ros/jazzy/opt/gz_msgs_vendor:/opt/ros/jazzy/opt/gz_common_vendor:/opt/ros/jazzy/opt/gz_math_vendor:/opt/ros/jazzy/opt/gz_utils_vendor:/opt/ros/jazzy/opt/gz_tools_vendor:/opt/ros/jazzy/opt/gz_ogre_next_vendor:/opt/ros/jazzy/opt/gz_dartsim_vendor:/opt/ros/jazzy/opt/gz_cmake_vendor:/home/mcfb/ros2_ws/install/px4_offboard:/home/mcfb/ros2_ws/install/ai_navigator:/opt/ros/jazzy DEBUGINFOD_URLS=https://debuginfod.ubuntu.com LD_LIBRARY_PATH=/home/mcfb/ros2_ws/install/px4_msgs/lib:/home/mcfb/ros2_ws/install/px4_ros_com/lib:/opt/ros/jazzy/opt/gz_sim_vendor/lib:/opt/ros/jazzy/opt/gz_sensors_vendor/lib:/opt/ros/jazzy/opt/gz_physics_vendor/lib:/opt/ros/jazzy/opt/sdformat_vendor/lib:/opt/ros/jazzy/opt/rviz_ogre_vendor/lib:/opt/ros/jazzy/lib/x86_64-linux-gnu:/opt/ros/jazzy/opt/gz_gui_vendor/lib:/opt/ros/jazzy/opt/gz_transport_vendor/lib:/opt/ros/jazzy/opt/gz_rendering_vendor/lib:/opt/ros/jazzy/opt/gz_plugin_vendor/lib:/opt/ros/jazzy/opt/gz_fuel_tools_vendor/lib:/opt/ros/jazzy/opt/gz_msgs_vendor/lib:/opt/ros/jazzy/opt/gz_common_vendor/lib:/opt/ros/jazzy/opt/gz_math_vendor/lib:/opt/ros/jazzy/opt/gz_utils_vendor/lib:/opt/ros/jazzy/opt/gz_tools_vendor/lib:/opt/ros/jazzy/opt/gz_ogre_next_vendor/lib:/opt/ros/jazzy/opt/gz_dartsim_vendor/lib:/opt/ros/jazzy/opt/gz_cmake_vendor/lib:/opt/ros/jazzy/lib PYTHONPATH=/home/mcfb/ros2_ws/install/px4_msgs/lib/python3.12/site-packages:/home/mcfb/ros2_ws/install/px4_ros_com/lib/python3.12/site-packages:/home/mcfb/ros2_ws/install/px4_offboard/lib/python3.12/site-packages:/home/mcfb/ros2_ws/install/ai_navigator/lib/python3.12/site-packages:/home/mcfb/drone_venv/lib/python3.12/site-packages:/opt/ros/jazzy/lib/python3.12/site-packages /usr/bin/cmake --install /home/mcfb/ros2_ws/build/px4_ros_com
[227.306s] Level 1:colcon.colcon_core.environment:checking '/home/mcfb/ros2_ws/install/px4_ros_com' for CMake module files
[227.306s] Level 1:colcon.colcon_core.environment:checking '/home/mcfb/ros2_ws/install/px4_ros_com' for CMake config files
[227.306s] Level 1:colcon.colcon_core.shell:create_environment_hook('px4_ros_com', 'cmake_prefix_path')
[227.306s] INFO:colcon.colcon_core.shell:Creating environment hook '/home/mcfb/ros2_ws/install/px4_ros_com/share/px4_ros_com/hook/cmake_prefix_path.ps1'
[227.307s] INFO:colcon.colcon_core.shell:Creating environment descriptor '/home/mcfb/ros2_ws/install/px4_ros_com/share/px4_ros_com/hook/cmake_prefix_path.dsv'
[227.307s] INFO:colcon.colcon_core.shell:Creating environment hook '/home/mcfb/ros2_ws/install/px4_ros_com/share/px4_ros_com/hook/cmake_prefix_path.sh'
[227.307s] Level 1:colcon.colcon_core.environment:checking '/home/mcfb/ros2_ws/install/px4_ros_com/lib'
[227.308s] Level 1:colcon.colcon_core.shell:create_environment_hook('px4_ros_com', 'ld_library_path_lib')
[227.308s] INFO:colcon.colcon_core.shell:Creating environment hook '/home/mcfb/ros2_ws/install/px4_ros_com/share/px4_ros_com/hook/ld_library_path_lib.ps1'
[227.308s] INFO:colcon.colcon_core.shell:Creating environment descriptor '/home/mcfb/ros2_ws/install/px4_ros_com/share/px4_ros_com/hook/ld_library_path_lib.dsv'
[227.308s] INFO:colcon.colcon_core.shell:Creating environment hook '/home/mcfb/ros2_ws/install/px4_ros_com/share/px4_ros_com/hook/ld_library_path_lib.sh'
[227.309s] Level 1:colcon.colcon_core.environment:checking '/home/mcfb/ros2_ws/install/px4_ros_com/bin'
[227.309s] Level 1:colcon.colcon_core.environment:checking '/home/mcfb/ros2_ws/install/px4_ros_com/lib/pkgconfig/px4_ros_com.pc'
[227.309s] Level 1:colcon.colcon_core.environment:checking '/home/mcfb/ros2_ws/install/px4_ros_com/lib/python3.12/site-packages'
[227.309s] Level 1:colcon.colcon_core.shell:create_environment_hook('px4_ros_com', 'pythonpath')
[227.310s] INFO:colcon.colcon_core.shell:Creating environment hook '/home/mcfb/ros2_ws/install/px4_ros_com/share/px4_ros_com/hook/pythonpath.ps1'
[227.311s] INFO:colcon.colcon_core.shell:Creating environment descriptor '/home/mcfb/ros2_ws/install/px4_ros_com/share/px4_ros_com/hook/pythonpath.dsv'
[227.311s] INFO:colcon.colcon_core.shell:Creating environment hook '/home/mcfb/ros2_ws/install/px4_ros_com/share/px4_ros_com/hook/pythonpath.sh'
[227.312s] Level 1:colcon.colcon_core.environment:checking '/home/mcfb/ros2_ws/install/px4_ros_com/bin'
[227.312s] INFO:colcon.colcon_core.shell:Creating package script '/home/mcfb/ros2_ws/install/px4_ros_com/share/px4_ros_com/package.ps1'
[227.313s] INFO:colcon.colcon_core.shell:Creating package descriptor '/home/mcfb/ros2_ws/install/px4_ros_com/share/px4_ros_com/package.dsv'
[227.313s] INFO:colcon.colcon_core.shell:Creating package script '/home/mcfb/ros2_ws/install/px4_ros_com/share/px4_ros_com/package.sh'
[227.314s] INFO:colcon.colcon_core.shell:Creating package script '/home/mcfb/ros2_ws/install/px4_ros_com/share/px4_ros_com/package.bash'
[227.314s] INFO:colcon.colcon_core.shell:Creating package script '/home/mcfb/ros2_ws/install/px4_ros_com/share/px4_ros_com/package.zsh'
[227.314s] Level 1:colcon.colcon_core.environment:create_file_with_runtime_dependencies(/home/mcfb/ros2_ws/install/px4_ros_com/share/colcon-core/packages/px4_ros_com)
[227.315s] Level 1:colcon.colcon_core.environment:create_environment_scripts_only(px4_ros_com)
[227.315s] Level 1:colcon.colcon_core.environment:checking '/home/mcfb/ros2_ws/install/px4_ros_com' for CMake module files
[227.315s] Level 1:colcon.colcon_core.environment:checking '/home/mcfb/ros2_ws/install/px4_ros_com' for CMake config files
[227.315s] Level 1:colcon.colcon_core.shell:create_environment_hook('px4_ros_com', 'cmake_prefix_path')
[227.315s] INFO:colcon.colcon_core.shell:Creating environment hook '/home/mcfb/ros2_ws/install/px4_ros_com/share/px4_ros_com/hook/cmake_prefix_path.ps1'
[227.316s] INFO:colcon.colcon_core.shell:Creating environment descriptor '/home/mcfb/ros2_ws/install/px4_ros_com/share/px4_ros_com/hook/cmake_prefix_path.dsv'
[227.316s] INFO:colcon.colcon_core.shell:Creating environment hook '/home/mcfb/ros2_ws/install/px4_ros_com/share/px4_ros_com/hook/cmake_prefix_path.sh'
[227.317s] Level 1:colcon.colcon_core.environment:checking '/home/mcfb/ros2_ws/install/px4_ros_com/lib'
[227.317s] Level 1:colcon.colcon_core.shell:create_environment_hook('px4_ros_com', 'ld_library_path_lib')
[227.317s] INFO:colcon.colcon_core.shell:Creating environment hook '/home/mcfb/ros2_ws/install/px4_ros_com/share/px4_ros_com/hook/ld_library_path_lib.ps1'
[227.317s] INFO:colcon.colcon_core.shell:Creating environment descriptor '/home/mcfb/ros2_ws/install/px4_ros_com/share/px4_ros_com/hook/ld_library_path_lib.dsv'
[227.318s] INFO:colcon.colcon_core.shell:Creating environment hook '/home/mcfb/ros2_ws/install/px4_ros_com/share/px4_ros_com/hook/ld_library_path_lib.sh'
[227.318s] Level 1:colcon.colcon_core.environment:checking '/home/mcfb/ros2_ws/install/px4_ros_com/bin'
[227.318s] Level 1:colcon.colcon_core.environment:checking '/home/mcfb/ros2_ws/install/px4_ros_com/lib/pkgconfig/px4_ros_com.pc'
[227.318s] Level 1:colcon.colcon_core.environment:checking '/home/mcfb/ros2_ws/install/px4_ros_com/lib/python3.12/site-packages'
[227.318s] Level 1:colcon.colcon_core.shell:create_environment_hook('px4_ros_com', 'pythonpath')
[227.319s] INFO:colcon.colcon_core.shell:Creating environment hook '/home/mcfb/ros2_ws/install/px4_ros_com/share/px4_ros_com/hook/pythonpath.ps1'
[227.319s] INFO:colcon.colcon_core.shell:Creating environment descriptor '/home/mcfb/ros2_ws/install/px4_ros_com/share/px4_ros_com/hook/pythonpath.dsv'
[227.319s] INFO:colcon.colcon_core.shell:Creating environment hook '/home/mcfb/ros2_ws/install/px4_ros_com/share/px4_ros_com/hook/pythonpath.sh'
[227.320s] Level 1:colcon.colcon_core.environment:checking '/home/mcfb/ros2_ws/install/px4_ros_com/bin'
[227.320s] INFO:colcon.colcon_core.shell:Creating package script '/home/mcfb/ros2_ws/install/px4_ros_com/share/px4_ros_com/package.ps1'
[227.320s] INFO:colcon.colcon_core.shell:Creating package descriptor '/home/mcfb/ros2_ws/install/px4_ros_com/share/px4_ros_com/package.dsv'
[227.321s] INFO:colcon.colcon_core.shell:Creating package script '/home/mcfb/ros2_ws/install/px4_ros_com/share/px4_ros_com/package.sh'
[227.321s] INFO:colcon.colcon_core.shell:Creating package script '/home/mcfb/ros2_ws/install/px4_ros_com/share/px4_ros_com/package.bash'
[227.322s] INFO:colcon.colcon_core.shell:Creating package script '/home/mcfb/ros2_ws/install/px4_ros_com/share/px4_ros_com/package.zsh'
[227.322s] Level 1:colcon.colcon_core.environment:create_file_with_runtime_dependencies(/home/mcfb/ros2_ws/install/px4_ros_com/share/colcon-core/packages/px4_ros_com)
[227.322s] DEBUG:colcon.colcon_parallel_executor.executor.parallel:closing loop
[227.322s] DEBUG:colcon.colcon_parallel_executor.executor.parallel:loop closed
[227.322s] DEBUG:colcon.colcon_parallel_executor.executor.parallel:run_until_complete finished with '0'
[227.322s] DEBUG:colcon.colcon_core.event_reactor:joining thread
[227.344s] INFO:colcon.colcon_core.plugin_system:Skipping extension 'colcon_notification.desktop_notification.terminal_notifier': Not used on non-Darwin systems
[227.345s] INFO:colcon.colcon_core.plugin_system:Skipping extension 'colcon_notification.desktop_notification.win32': Not used on non-Windows systems
[227.345s] INFO:colcon.colcon_notification.desktop_notification:Sending desktop notification using 'notify2'
[227.355s] DEBUG:colcon.colcon_core.event_reactor:joined thread
[227.355s] INFO:colcon.colcon_core.shell:Creating prefix script '/home/mcfb/ros2_ws/install/local_setup.ps1'
[227.356s] INFO:colcon.colcon_core.shell:Creating prefix util module '/home/mcfb/ros2_ws/install/_local_setup_util_ps1.py'
[227.358s] INFO:colcon.colcon_core.shell:Creating prefix chain script '/home/mcfb/ros2_ws/install/setup.ps1'
[227.359s] INFO:colcon.colcon_core.shell:Creating prefix script '/home/mcfb/ros2_ws/install/local_setup.sh'
[227.360s] INFO:colcon.colcon_core.shell:Creating prefix util module '/home/mcfb/ros2_ws/install/_local_setup_util_sh.py'
[227.360s] INFO:colcon.colcon_core.shell:Creating prefix chain script '/home/mcfb/ros2_ws/install/setup.sh'
[227.361s] INFO:colcon.colcon_core.shell:Creating prefix script '/home/mcfb/ros2_ws/install/local_setup.bash'
[227.362s] INFO:colcon.colcon_core.shell:Creating prefix chain script '/home/mcfb/ros2_ws/install/setup.bash'
[227.363s] INFO:colcon.colcon_core.shell:Creating prefix script '/home/mcfb/ros2_ws/install/local_setup.zsh'
[227.363s] INFO:colcon.colcon_core.shell:Creating prefix chain script '/home/mcfb/ros2_ws/install/setup.zsh'
