[0.202s] Invoking command in '/home/mcfb/ros2_ws/build/px4_ros_com': CMAKE_PREFIX_PATH=/home/mcfb/ros2_ws/install/px4_msgs:/home/mcfb/ros2_ws/install/px4_ros_com:/opt/ros/jazzy/opt/gz_sim_vendor:/opt/ros/jazzy/opt/gz_sensors_vendor:/opt/ros/jazzy/opt/gz_physics_vendor:/opt/ros/jazzy/opt/sdformat_vendor:/opt/ros/jazzy/opt/gz_gui_vendor:/opt/ros/jazzy/opt/gz_transport_vendor:/opt/ros/jazzy/opt/gz_rendering_vendor:/opt/ros/jazzy/opt/gz_plugin_vendor:/opt/ros/jazzy/opt/gz_fuel_tools_vendor:/opt/ros/jazzy/opt/gz_msgs_vendor:/opt/ros/jazzy/opt/gz_common_vendor:/opt/ros/jazzy/opt/gz_math_vendor:/opt/ros/jazzy/opt/gz_utils_vendor:/opt/ros/jazzy/opt/gz_tools_vendor:/opt/ros/jazzy/opt/gz_ogre_next_vendor:/opt/ros/jazzy/opt/gz_dartsim_vendor:/opt/ros/jazzy/opt/gz_cmake_vendor:/home/mcfb/ros2_ws/install/px4_offboard:/home/mcfb/ros2_ws/install/ai_navigator:/opt/ros/jazzy DEBUGINFOD_URLS=https://debuginfod.ubuntu.com LD_LIBRARY_PATH=/home/mcfb/ros2_ws/install/px4_msgs/lib:/home/mcfb/ros2_ws/install/px4_ros_com/lib:/opt/ros/jazzy/opt/gz_sim_vendor/lib:/opt/ros/jazzy/opt/gz_sensors_vendor/lib:/opt/ros/jazzy/opt/gz_physics_vendor/lib:/opt/ros/jazzy/opt/sdformat_vendor/lib:/opt/ros/jazzy/opt/rviz_ogre_vendor/lib:/opt/ros/jazzy/lib/x86_64-linux-gnu:/opt/ros/jazzy/opt/gz_gui_vendor/lib:/opt/ros/jazzy/opt/gz_transport_vendor/lib:/opt/ros/jazzy/opt/gz_rendering_vendor/lib:/opt/ros/jazzy/opt/gz_plugin_vendor/lib:/opt/ros/jazzy/opt/gz_fuel_tools_vendor/lib:/opt/ros/jazzy/opt/gz_msgs_vendor/lib:/opt/ros/jazzy/opt/gz_common_vendor/lib:/opt/ros/jazzy/opt/gz_math_vendor/lib:/opt/ros/jazzy/opt/gz_utils_vendor/lib:/opt/ros/jazzy/opt/gz_tools_vendor/lib:/opt/ros/jazzy/opt/gz_ogre_next_vendor/lib:/opt/ros/jazzy/opt/gz_dartsim_vendor/lib:/opt/ros/jazzy/opt/gz_cmake_vendor/lib:/opt/ros/jazzy/lib PYTHONPATH=/home/mcfb/ros2_ws/install/px4_msgs/lib/python3.12/site-packages:/home/mcfb/ros2_ws/install/px4_ros_com/lib/python3.12/site-packages:/home/mcfb/ros2_ws/install/px4_offboard/lib/python3.12/site-packages:/home/mcfb/ros2_ws/install/ai_navigator/lib/python3.12/site-packages:/home/mcfb/drone_venv/lib/python3.12/site-packages:/opt/ros/jazzy/lib/python3.12/site-packages /usr/bin/cmake /home/mcfb/ros2_ws/src/px4_ros_com -DCMAKE_INSTALL_PREFIX=/home/mcfb/ros2_ws/install/px4_ros_com
[0.250s] -- The C compiler identification is GNU 13.3.0
[0.299s] -- The CXX compiler identification is GNU 13.3.0
[0.315s] -- Detecting C compiler ABI info
[0.392s] -- Detecting C compiler ABI info - done
[0.399s] -- Check for working C compiler: /usr/bin/cc - skipped
[0.399s] -- Detecting C compile features
[0.400s] -- Detecting C compile features - done
[0.408s] -- Detecting CXX compiler ABI info
[0.494s] -- Detecting CXX compiler ABI info - done
[0.501s] -- Check for working CXX compiler: /usr/bin/c++ - skipped
[0.501s] -- Detecting CXX compile features
[0.501s] -- Detecting CXX compile features - done
[0.505s] -- Found ament_cmake: 2.5.4 (/opt/ros/jazzy/share/ament_cmake/cmake)
[0.646s] -- Found Python3: /usr/bin/python3 (found version "3.12.3") found components: Interpreter 
[0.755s] -- Found builtin_interfaces: 2.0.2 (/opt/ros/jazzy/share/builtin_interfaces/cmake)
[0.793s] -- Found rosidl_generator_c: 4.6.5 (/opt/ros/jazzy/share/rosidl_generator_c/cmake)
[0.806s] -- Found rosidl_generator_cpp: 4.6.5 (/opt/ros/jazzy/share/rosidl_generator_cpp/cmake)
[0.823s] -- Using all available rosidl_typesupport_c: rosidl_typesupport_fastrtps_c;rosidl_typesupport_introspection_c
[0.840s] -- Using all available rosidl_typesupport_cpp: rosidl_typesupport_fastrtps_cpp;rosidl_typesupport_introspection_cpp
[0.857s] -- Found eigen3_cmake_module: 0.3.0 (/opt/ros/jazzy/share/eigen3_cmake_module/cmake)
[0.864s] -- Found Eigen3: TRUE (found version "3.4.0") 
[0.866s] -- Found geometry_msgs: 5.3.6 (/opt/ros/jazzy/share/geometry_msgs/cmake)
[0.895s] -- Found px4_msgs: 2.0.1 (/home/mcfb/ros2_ws/install/px4_msgs/share/px4_msgs/cmake)
[0.925s] -- Found rclcpp: 28.1.9 (/opt/ros/jazzy/share/rclcpp/cmake)
[0.972s] -- Found rmw_implementation_cmake: 7.3.2 (/opt/ros/jazzy/share/rmw_implementation_cmake/cmake)
[0.975s] -- Found rmw_fastrtps_cpp: 8.4.2 (/opt/ros/jazzy/share/rmw_fastrtps_cpp/cmake)
[1.059s] -- Found OpenSSL: /usr/lib/x86_64-linux-gnu/libcrypto.so (found version "3.0.13")  
[1.079s] -- Found FastRTPS: /opt/ros/jazzy/include (Required is at least version "2.13") 
[1.102s] -- Using RMW implementation 'rmw_fastrtps_cpp' as default
[1.169s] -- Found sensor_msgs: 5.3.6 (/opt/ros/jazzy/share/sensor_msgs/cmake)
[1.192s] -- Found rclpy: 7.1.4 (/opt/ros/jazzy/share/rclpy/cmake)
[1.200s] -- Found ament_lint_auto: 0.17.2 (/opt/ros/jazzy/share/ament_lint_auto/cmake)
[1.325s] -- Added test 'copyright' to check source files copyright and LICENSE
[1.327s] -- Added test 'cppcheck' to perform static code analysis on C / C++ code
[1.327s] -- Configured cppcheck include dirs: /home/mcfb/ros2_ws/src/px4_ros_com/include;$<BUILD_INTERFACE:/home/mcfb/ros2_ws/src/px4_ros_com/include/px4_ros_com>
[1.327s] -- Configured cppcheck exclude dirs and/or files: 
[1.329s] -- Added test 'cpplint' to check C / C++ code against the Google style
[1.329s] -- Configured cpplint exclude dirs and/or files: 
[1.330s] -- Added test 'flake8' to check Python code syntax and style conventions
[1.330s] -- Configured 'flake8' exclude dirs and/or files: 
[1.331s] -- Added test 'lint_cmake' to check CMake code style
[1.332s] -- Added test 'pep257' to check Python code against some of the docstring style conventions in PEP 257
[1.334s] -- Added test 'uncrustify' to check C / C++ code style
[1.334s] -- Configured uncrustify additional arguments: 
[1.334s] -- Added test 'xmllint' to check XML markup files
[1.336s] -- Configuring done (1.1s)
[1.358s] -- Generating done (0.0s)
[1.365s] -- Build files have been written to: /home/mcfb/ros2_ws/build/px4_ros_com
[1.376s] Invoked command in '/home/mcfb/ros2_ws/build/px4_ros_com' returned '0': CMAKE_PREFIX_PATH=/home/mcfb/ros2_ws/install/px4_msgs:/home/mcfb/ros2_ws/install/px4_ros_com:/opt/ros/jazzy/opt/gz_sim_vendor:/opt/ros/jazzy/opt/gz_sensors_vendor:/opt/ros/jazzy/opt/gz_physics_vendor:/opt/ros/jazzy/opt/sdformat_vendor:/opt/ros/jazzy/opt/gz_gui_vendor:/opt/ros/jazzy/opt/gz_transport_vendor:/opt/ros/jazzy/opt/gz_rendering_vendor:/opt/ros/jazzy/opt/gz_plugin_vendor:/opt/ros/jazzy/opt/gz_fuel_tools_vendor:/opt/ros/jazzy/opt/gz_msgs_vendor:/opt/ros/jazzy/opt/gz_common_vendor:/opt/ros/jazzy/opt/gz_math_vendor:/opt/ros/jazzy/opt/gz_utils_vendor:/opt/ros/jazzy/opt/gz_tools_vendor:/opt/ros/jazzy/opt/gz_ogre_next_vendor:/opt/ros/jazzy/opt/gz_dartsim_vendor:/opt/ros/jazzy/opt/gz_cmake_vendor:/home/mcfb/ros2_ws/install/px4_offboard:/home/mcfb/ros2_ws/install/ai_navigator:/opt/ros/jazzy DEBUGINFOD_URLS=https://debuginfod.ubuntu.com LD_LIBRARY_PATH=/home/mcfb/ros2_ws/install/px4_msgs/lib:/home/mcfb/ros2_ws/install/px4_ros_com/lib:/opt/ros/jazzy/opt/gz_sim_vendor/lib:/opt/ros/jazzy/opt/gz_sensors_vendor/lib:/opt/ros/jazzy/opt/gz_physics_vendor/lib:/opt/ros/jazzy/opt/sdformat_vendor/lib:/opt/ros/jazzy/opt/rviz_ogre_vendor/lib:/opt/ros/jazzy/lib/x86_64-linux-gnu:/opt/ros/jazzy/opt/gz_gui_vendor/lib:/opt/ros/jazzy/opt/gz_transport_vendor/lib:/opt/ros/jazzy/opt/gz_rendering_vendor/lib:/opt/ros/jazzy/opt/gz_plugin_vendor/lib:/opt/ros/jazzy/opt/gz_fuel_tools_vendor/lib:/opt/ros/jazzy/opt/gz_msgs_vendor/lib:/opt/ros/jazzy/opt/gz_common_vendor/lib:/opt/ros/jazzy/opt/gz_math_vendor/lib:/opt/ros/jazzy/opt/gz_utils_vendor/lib:/opt/ros/jazzy/opt/gz_tools_vendor/lib:/opt/ros/jazzy/opt/gz_ogre_next_vendor/lib:/opt/ros/jazzy/opt/gz_dartsim_vendor/lib:/opt/ros/jazzy/opt/gz_cmake_vendor/lib:/opt/ros/jazzy/lib PYTHONPATH=/home/mcfb/ros2_ws/install/px4_msgs/lib/python3.12/site-packages:/home/mcfb/ros2_ws/install/px4_ros_com/lib/python3.12/site-packages:/home/mcfb/ros2_ws/install/px4_offboard/lib/python3.12/site-packages:/home/mcfb/ros2_ws/install/ai_navigator/lib/python3.12/site-packages:/home/mcfb/drone_venv/lib/python3.12/site-packages:/opt/ros/jazzy/lib/python3.12/site-packages /usr/bin/cmake /home/mcfb/ros2_ws/src/px4_ros_com -DCMAKE_INSTALL_PREFIX=/home/mcfb/ros2_ws/install/px4_ros_com
[1.377s] Invoking command in '/home/mcfb/ros2_ws/build/px4_ros_com': CMAKE_PREFIX_PATH=/home/mcfb/ros2_ws/install/px4_msgs:/home/mcfb/ros2_ws/install/px4_ros_com:/opt/ros/jazzy/opt/gz_sim_vendor:/opt/ros/jazzy/opt/gz_sensors_vendor:/opt/ros/jazzy/opt/gz_physics_vendor:/opt/ros/jazzy/opt/sdformat_vendor:/opt/ros/jazzy/opt/gz_gui_vendor:/opt/ros/jazzy/opt/gz_transport_vendor:/opt/ros/jazzy/opt/gz_rendering_vendor:/opt/ros/jazzy/opt/gz_plugin_vendor:/opt/ros/jazzy/opt/gz_fuel_tools_vendor:/opt/ros/jazzy/opt/gz_msgs_vendor:/opt/ros/jazzy/opt/gz_common_vendor:/opt/ros/jazzy/opt/gz_math_vendor:/opt/ros/jazzy/opt/gz_utils_vendor:/opt/ros/jazzy/opt/gz_tools_vendor:/opt/ros/jazzy/opt/gz_ogre_next_vendor:/opt/ros/jazzy/opt/gz_dartsim_vendor:/opt/ros/jazzy/opt/gz_cmake_vendor:/home/mcfb/ros2_ws/install/px4_offboard:/home/mcfb/ros2_ws/install/ai_navigator:/opt/ros/jazzy DEBUGINFOD_URLS=https://debuginfod.ubuntu.com LD_LIBRARY_PATH=/home/mcfb/ros2_ws/install/px4_msgs/lib:/home/mcfb/ros2_ws/install/px4_ros_com/lib:/opt/ros/jazzy/opt/gz_sim_vendor/lib:/opt/ros/jazzy/opt/gz_sensors_vendor/lib:/opt/ros/jazzy/opt/gz_physics_vendor/lib:/opt/ros/jazzy/opt/sdformat_vendor/lib:/opt/ros/jazzy/opt/rviz_ogre_vendor/lib:/opt/ros/jazzy/lib/x86_64-linux-gnu:/opt/ros/jazzy/opt/gz_gui_vendor/lib:/opt/ros/jazzy/opt/gz_transport_vendor/lib:/opt/ros/jazzy/opt/gz_rendering_vendor/lib:/opt/ros/jazzy/opt/gz_plugin_vendor/lib:/opt/ros/jazzy/opt/gz_fuel_tools_vendor/lib:/opt/ros/jazzy/opt/gz_msgs_vendor/lib:/opt/ros/jazzy/opt/gz_common_vendor/lib:/opt/ros/jazzy/opt/gz_math_vendor/lib:/opt/ros/jazzy/opt/gz_utils_vendor/lib:/opt/ros/jazzy/opt/gz_tools_vendor/lib:/opt/ros/jazzy/opt/gz_ogre_next_vendor/lib:/opt/ros/jazzy/opt/gz_dartsim_vendor/lib:/opt/ros/jazzy/opt/gz_cmake_vendor/lib:/opt/ros/jazzy/lib PYTHONPATH=/home/mcfb/ros2_ws/install/px4_msgs/lib/python3.12/site-packages:/home/mcfb/ros2_ws/install/px4_ros_com/lib/python3.12/site-packages:/home/mcfb/ros2_ws/install/px4_offboard/lib/python3.12/site-packages:/home/mcfb/ros2_ws/install/ai_navigator/lib/python3.12/site-packages:/home/mcfb/drone_venv/lib/python3.12/site-packages:/opt/ros/jazzy/lib/python3.12/site-packages /usr/bin/cmake --build /home/mcfb/ros2_ws/build/px4_ros_com -- -j12 -l12
[1.424s] [ 25%] [32mBuilding CXX object CMakeFiles/vehicle_gps_position_listener.dir/src/examples/listeners/vehicle_gps_position_listener.cpp.o[0m
[1.424s] [ 25%] [32mBuilding CXX object CMakeFiles/sensor_combined_listener.dir/src/examples/listeners/sensor_combined_listener.cpp.o[0m
[1.424s] [ 25%] [32mBuilding CXX object CMakeFiles/offboard_control.dir/src/examples/offboard/offboard_control.cpp.o[0m
[1.424s] [ 33%] [32mBuilding CXX object CMakeFiles/frame_transforms.dir/src/lib/frame_transforms.cpp.o[0m
[1.425s] [ 41%] [32mBuilding CXX object CMakeFiles/debug_vect_advertiser.dir/src/examples/advertisers/debug_vect_advertiser.cpp.o[0m
[5.053s] [ 50%] [32m[1mLinking CXX executable debug_vect_advertiser[0m
[5.218s] [ 50%] Built target debug_vect_advertiser
[5.239s] [ 58%] [32mBuilding CXX object CMakeFiles/offboard_control_srv.dir/src/examples/offboard/offboard_control_srv.cpp.o[0m
[5.249s] [ 58%] Built target ament_cmake_python_copy_px4_ros_com
[5.463s] running egg_info
[5.483s] creating px4_ros_com.egg-info
[5.483s] writing px4_ros_com.egg-info/PKG-INFO
[5.483s] writing dependency_links to px4_ros_com.egg-info/dependency_links.txt
[5.483s] writing top-level names to px4_ros_com.egg-info/top_level.txt
[5.484s] writing manifest file 'px4_ros_com.egg-info/SOURCES.txt'
[5.545s] reading manifest file 'px4_ros_com.egg-info/SOURCES.txt'
[5.546s] writing manifest file 'px4_ros_com.egg-info/SOURCES.txt'
[5.582s] [ 58%] Built target ament_cmake_python_build_px4_ros_com_egg
[6.620s] [ 66%] [32m[1mLinking CXX executable offboard_control[0m
[6.816s] [ 66%] Built target offboard_control
[7.243s] [ 75%] [32m[1mLinking CXX shared library libframe_transforms.so[0m
[7.411s] [ 75%] Built target frame_transforms
[7.816s] [ 83%] [32m[1mLinking CXX executable sensor_combined_listener[0m
[7.849s] [ 91%] [32m[1mLinking CXX executable vehicle_gps_position_listener[0m
[8.059s] [ 91%] Built target sensor_combined_listener
[8.093s] [ 91%] Built target vehicle_gps_position_listener
[10.434s] [100%] [32m[1mLinking CXX executable offboard_control_srv[0m
[10.625s] [100%] Built target offboard_control_srv
[10.636s] Invoked command in '/home/mcfb/ros2_ws/build/px4_ros_com' returned '0': CMAKE_PREFIX_PATH=/home/mcfb/ros2_ws/install/px4_msgs:/home/mcfb/ros2_ws/install/px4_ros_com:/opt/ros/jazzy/opt/gz_sim_vendor:/opt/ros/jazzy/opt/gz_sensors_vendor:/opt/ros/jazzy/opt/gz_physics_vendor:/opt/ros/jazzy/opt/sdformat_vendor:/opt/ros/jazzy/opt/gz_gui_vendor:/opt/ros/jazzy/opt/gz_transport_vendor:/opt/ros/jazzy/opt/gz_rendering_vendor:/opt/ros/jazzy/opt/gz_plugin_vendor:/opt/ros/jazzy/opt/gz_fuel_tools_vendor:/opt/ros/jazzy/opt/gz_msgs_vendor:/opt/ros/jazzy/opt/gz_common_vendor:/opt/ros/jazzy/opt/gz_math_vendor:/opt/ros/jazzy/opt/gz_utils_vendor:/opt/ros/jazzy/opt/gz_tools_vendor:/opt/ros/jazzy/opt/gz_ogre_next_vendor:/opt/ros/jazzy/opt/gz_dartsim_vendor:/opt/ros/jazzy/opt/gz_cmake_vendor:/home/mcfb/ros2_ws/install/px4_offboard:/home/mcfb/ros2_ws/install/ai_navigator:/opt/ros/jazzy DEBUGINFOD_URLS=https://debuginfod.ubuntu.com LD_LIBRARY_PATH=/home/mcfb/ros2_ws/install/px4_msgs/lib:/home/mcfb/ros2_ws/install/px4_ros_com/lib:/opt/ros/jazzy/opt/gz_sim_vendor/lib:/opt/ros/jazzy/opt/gz_sensors_vendor/lib:/opt/ros/jazzy/opt/gz_physics_vendor/lib:/opt/ros/jazzy/opt/sdformat_vendor/lib:/opt/ros/jazzy/opt/rviz_ogre_vendor/lib:/opt/ros/jazzy/lib/x86_64-linux-gnu:/opt/ros/jazzy/opt/gz_gui_vendor/lib:/opt/ros/jazzy/opt/gz_transport_vendor/lib:/opt/ros/jazzy/opt/gz_rendering_vendor/lib:/opt/ros/jazzy/opt/gz_plugin_vendor/lib:/opt/ros/jazzy/opt/gz_fuel_tools_vendor/lib:/opt/ros/jazzy/opt/gz_msgs_vendor/lib:/opt/ros/jazzy/opt/gz_common_vendor/lib:/opt/ros/jazzy/opt/gz_math_vendor/lib:/opt/ros/jazzy/opt/gz_utils_vendor/lib:/opt/ros/jazzy/opt/gz_tools_vendor/lib:/opt/ros/jazzy/opt/gz_ogre_next_vendor/lib:/opt/ros/jazzy/opt/gz_dartsim_vendor/lib:/opt/ros/jazzy/opt/gz_cmake_vendor/lib:/opt/ros/jazzy/lib PYTHONPATH=/home/mcfb/ros2_ws/install/px4_msgs/lib/python3.12/site-packages:/home/mcfb/ros2_ws/install/px4_ros_com/lib/python3.12/site-packages:/home/mcfb/ros2_ws/install/px4_offboard/lib/python3.12/site-packages:/home/mcfb/ros2_ws/install/ai_navigator/lib/python3.12/site-packages:/home/mcfb/drone_venv/lib/python3.12/site-packages:/opt/ros/jazzy/lib/python3.12/site-packages /usr/bin/cmake --build /home/mcfb/ros2_ws/build/px4_ros_com -- -j12 -l12
[10.638s] Invoking command in '/home/mcfb/ros2_ws/build/px4_ros_com': CMAKE_PREFIX_PATH=/home/mcfb/ros2_ws/install/px4_msgs:/home/mcfb/ros2_ws/install/px4_ros_com:/opt/ros/jazzy/opt/gz_sim_vendor:/opt/ros/jazzy/opt/gz_sensors_vendor:/opt/ros/jazzy/opt/gz_physics_vendor:/opt/ros/jazzy/opt/sdformat_vendor:/opt/ros/jazzy/opt/gz_gui_vendor:/opt/ros/jazzy/opt/gz_transport_vendor:/opt/ros/jazzy/opt/gz_rendering_vendor:/opt/ros/jazzy/opt/gz_plugin_vendor:/opt/ros/jazzy/opt/gz_fuel_tools_vendor:/opt/ros/jazzy/opt/gz_msgs_vendor:/opt/ros/jazzy/opt/gz_common_vendor:/opt/ros/jazzy/opt/gz_math_vendor:/opt/ros/jazzy/opt/gz_utils_vendor:/opt/ros/jazzy/opt/gz_tools_vendor:/opt/ros/jazzy/opt/gz_ogre_next_vendor:/opt/ros/jazzy/opt/gz_dartsim_vendor:/opt/ros/jazzy/opt/gz_cmake_vendor:/home/mcfb/ros2_ws/install/px4_offboard:/home/mcfb/ros2_ws/install/ai_navigator:/opt/ros/jazzy DEBUGINFOD_URLS=https://debuginfod.ubuntu.com LD_LIBRARY_PATH=/home/mcfb/ros2_ws/install/px4_msgs/lib:/home/mcfb/ros2_ws/install/px4_ros_com/lib:/opt/ros/jazzy/opt/gz_sim_vendor/lib:/opt/ros/jazzy/opt/gz_sensors_vendor/lib:/opt/ros/jazzy/opt/gz_physics_vendor/lib:/opt/ros/jazzy/opt/sdformat_vendor/lib:/opt/ros/jazzy/opt/rviz_ogre_vendor/lib:/opt/ros/jazzy/lib/x86_64-linux-gnu:/opt/ros/jazzy/opt/gz_gui_vendor/lib:/opt/ros/jazzy/opt/gz_transport_vendor/lib:/opt/ros/jazzy/opt/gz_rendering_vendor/lib:/opt/ros/jazzy/opt/gz_plugin_vendor/lib:/opt/ros/jazzy/opt/gz_fuel_tools_vendor/lib:/opt/ros/jazzy/opt/gz_msgs_vendor/lib:/opt/ros/jazzy/opt/gz_common_vendor/lib:/opt/ros/jazzy/opt/gz_math_vendor/lib:/opt/ros/jazzy/opt/gz_utils_vendor/lib:/opt/ros/jazzy/opt/gz_tools_vendor/lib:/opt/ros/jazzy/opt/gz_ogre_next_vendor/lib:/opt/ros/jazzy/opt/gz_dartsim_vendor/lib:/opt/ros/jazzy/opt/gz_cmake_vendor/lib:/opt/ros/jazzy/lib PYTHONPATH=/home/mcfb/ros2_ws/install/px4_msgs/lib/python3.12/site-packages:/home/mcfb/ros2_ws/install/px4_ros_com/lib/python3.12/site-packages:/home/mcfb/ros2_ws/install/px4_offboard/lib/python3.12/site-packages:/home/mcfb/ros2_ws/install/ai_navigator/lib/python3.12/site-packages:/home/mcfb/drone_venv/lib/python3.12/site-packages:/opt/ros/jazzy/lib/python3.12/site-packages /usr/bin/cmake --install /home/mcfb/ros2_ws/build/px4_ros_com
[10.645s] -- Install configuration: ""
[10.645s] -- Installing: /home/mcfb/ros2_ws/install/px4_ros_com/lib/px4_ros_com/sensor_combined_listener
[10.648s] -- Set non-toolchain portion of runtime path of "/home/mcfb/ros2_ws/install/px4_ros_com/lib/px4_ros_com/sensor_combined_listener" to ""
[10.648s] -- Installing: /home/mcfb/ros2_ws/install/px4_ros_com/lib/px4_ros_com/vehicle_gps_position_listener
[10.650s] -- Set non-toolchain portion of runtime path of "/home/mcfb/ros2_ws/install/px4_ros_com/lib/px4_ros_com/vehicle_gps_position_listener" to ""
[10.650s] -- Installing: /home/mcfb/ros2_ws/install/px4_ros_com/lib/px4_ros_com/debug_vect_advertiser
[10.651s] -- Set non-toolchain portion of runtime path of "/home/mcfb/ros2_ws/install/px4_ros_com/lib/px4_ros_com/debug_vect_advertiser" to ""
[10.651s] -- Installing: /home/mcfb/ros2_ws/install/px4_ros_com/lib/px4_ros_com/offboard_control
[10.652s] -- Set non-toolchain portion of runtime path of "/home/mcfb/ros2_ws/install/px4_ros_com/lib/px4_ros_com/offboard_control" to ""
[10.653s] -- Installing: /home/mcfb/ros2_ws/install/px4_ros_com/lib/px4_ros_com/offboard_control_srv
[10.654s] -- Set non-toolchain portion of runtime path of "/home/mcfb/ros2_ws/install/px4_ros_com/lib/px4_ros_com/offboard_control_srv" to ""
[10.654s] -- Installing: /home/mcfb/ros2_ws/install/px4_ros_com/share/px4_ros_com/environment/library_path.sh
[10.654s] -- Installing: /home/mcfb/ros2_ws/install/px4_ros_com/share/px4_ros_com/environment/library_path.dsv
[10.654s] -- Installing: /home/mcfb/ros2_ws/install/px4_ros_com/include/px4_ros_com
[10.654s] -- Installing: /home/mcfb/ros2_ws/install/px4_ros_com/include/px4_ros_com/frame_transforms.h
[10.654s] -- Installing: /home/mcfb/ros2_ws/install/px4_ros_com/lib/libframe_transforms.so
[10.657s] -- Set non-toolchain portion of runtime path of "/home/mcfb/ros2_ws/install/px4_ros_com/lib/libframe_transforms.so" to ""
[10.657s] -- Installing: /home/mcfb/ros2_ws/install/px4_ros_com/share/px4_ros_com//launch
[10.657s] -- Installing: /home/mcfb/ros2_ws/install/px4_ros_com/share/px4_ros_com//launch/offboard_control_launch.yaml
[10.657s] -- Installing: /home/mcfb/ros2_ws/install/px4_ros_com/share/px4_ros_com//launch/sensor_combined_listener.launch.py
[10.657s] -- Installing: /home/mcfb/ros2_ws/install/px4_ros_com/share/px4_ros_com//test
[10.657s] -- Installing: /home/mcfb/ros2_ws/install/px4_ros_com/share/px4_ros_com//test/pipeline_io_test.py
[10.657s] -- Installing: /home/mcfb/ros2_ws/install/px4_ros_com/share/px4_ros_com//test/test_input.py
[10.657s] -- Installing: /home/mcfb/ros2_ws/install/px4_ros_com/share/px4_ros_com//test/test_output.py
[10.657s] -- Installing: /home/mcfb/ros2_ws/install/px4_ros_com/share/px4_ros_com//test/__init__.py
[10.657s] -- Installing: /home/mcfb/ros2_ws/install/px4_ros_com/share/px4_ros_com/environment/pythonpath.sh
[10.657s] -- Installing: /home/mcfb/ros2_ws/install/px4_ros_com/share/px4_ros_com/environment/pythonpath.dsv
[10.657s] -- Installing: /home/mcfb/ros2_ws/install/px4_ros_com/lib/python3.12/site-packages/px4_ros_com-0.1.0-py3.12.egg-info
[10.657s] -- Installing: /home/mcfb/ros2_ws/install/px4_ros_com/lib/python3.12/site-packages/px4_ros_com-0.1.0-py3.12.egg-info/dependency_links.txt
[10.657s] -- Installing: /home/mcfb/ros2_ws/install/px4_ros_com/lib/python3.12/site-packages/px4_ros_com-0.1.0-py3.12.egg-info/SOURCES.txt
[10.658s] -- Installing: /home/mcfb/ros2_ws/install/px4_ros_com/lib/python3.12/site-packages/px4_ros_com-0.1.0-py3.12.egg-info/top_level.txt
[10.658s] -- Installing: /home/mcfb/ros2_ws/install/px4_ros_com/lib/python3.12/site-packages/px4_ros_com-0.1.0-py3.12.egg-info/PKG-INFO
[10.658s] -- Installing: /home/mcfb/ros2_ws/install/px4_ros_com/lib/python3.12/site-packages/px4_ros_com
[10.658s] -- Installing: /home/mcfb/ros2_ws/install/px4_ros_com/lib/python3.12/site-packages/px4_ros_com/__init__.py
[10.658s] -- Installing: /home/mcfb/ros2_ws/install/px4_ros_com/lib/python3.12/site-packages/px4_ros_com/module_to_import.py
[10.691s] Listing '/home/mcfb/ros2_ws/install/px4_ros_com/lib/python3.12/site-packages/px4_ros_com'...
[10.691s] Compiling '/home/mcfb/ros2_ws/install/px4_ros_com/lib/python3.12/site-packages/px4_ros_com/__init__.py'...
[10.691s] Compiling '/home/mcfb/ros2_ws/install/px4_ros_com/lib/python3.12/site-packages/px4_ros_com/module_to_import.py'...
[10.697s] -- Installing: /home/mcfb/ros2_ws/install/px4_ros_com/lib/px4_ros_com/offboard_control.py
[10.697s] -- Installing: /home/mcfb/ros2_ws/install/px4_ros_com/share/ament_index/resource_index/package_run_dependencies/px4_ros_com
[10.697s] -- Installing: /home/mcfb/ros2_ws/install/px4_ros_com/share/ament_index/resource_index/parent_prefix_path/px4_ros_com
[10.697s] -- Installing: /home/mcfb/ros2_ws/install/px4_ros_com/share/px4_ros_com/environment/ament_prefix_path.sh
[10.697s] -- Installing: /home/mcfb/ros2_ws/install/px4_ros_com/share/px4_ros_com/environment/ament_prefix_path.dsv
[10.697s] -- Installing: /home/mcfb/ros2_ws/install/px4_ros_com/share/px4_ros_com/environment/path.sh
[10.698s] -- Installing: /home/mcfb/ros2_ws/install/px4_ros_com/share/px4_ros_com/environment/path.dsv
[10.698s] -- Installing: /home/mcfb/ros2_ws/install/px4_ros_com/share/px4_ros_com/local_setup.bash
[10.698s] -- Installing: /home/mcfb/ros2_ws/install/px4_ros_com/share/px4_ros_com/local_setup.sh
[10.698s] -- Installing: /home/mcfb/ros2_ws/install/px4_ros_com/share/px4_ros_com/local_setup.zsh
[10.698s] -- Installing: /home/mcfb/ros2_ws/install/px4_ros_com/share/px4_ros_com/local_setup.dsv
[10.698s] -- Installing: /home/mcfb/ros2_ws/install/px4_ros_com/share/px4_ros_com/package.dsv
[10.698s] -- Installing: /home/mcfb/ros2_ws/install/px4_ros_com/share/ament_index/resource_index/packages/px4_ros_com
[10.698s] -- Installing: /home/mcfb/ros2_ws/install/px4_ros_com/share/px4_ros_com/cmake/export_frame_transformsExport.cmake
[10.698s] -- Installing: /home/mcfb/ros2_ws/install/px4_ros_com/share/px4_ros_com/cmake/export_frame_transformsExport-noconfig.cmake
[10.698s] -- Installing: /home/mcfb/ros2_ws/install/px4_ros_com/share/px4_ros_com/cmake/ament_cmake_export_dependencies-extras.cmake
[10.698s] -- Installing: /home/mcfb/ros2_ws/install/px4_ros_com/share/px4_ros_com/cmake/ament_cmake_export_targets-extras.cmake
[10.698s] -- Installing: /home/mcfb/ros2_ws/install/px4_ros_com/share/px4_ros_com/cmake/ament_cmake_export_include_directories-extras.cmake
[10.698s] -- Installing: /home/mcfb/ros2_ws/install/px4_ros_com/share/px4_ros_com/cmake/ament_cmake_export_libraries-extras.cmake
[10.698s] -- Installing: /home/mcfb/ros2_ws/install/px4_ros_com/share/px4_ros_com/cmake/px4_ros_comConfig.cmake
[10.698s] -- Installing: /home/mcfb/ros2_ws/install/px4_ros_com/share/px4_ros_com/cmake/px4_ros_comConfig-version.cmake
[10.698s] -- Installing: /home/mcfb/ros2_ws/install/px4_ros_com/share/px4_ros_com/package.xml
[10.700s] Invoked command in '/home/mcfb/ros2_ws/build/px4_ros_com' returned '0': CMAKE_PREFIX_PATH=/home/mcfb/ros2_ws/install/px4_msgs:/home/mcfb/ros2_ws/install/px4_ros_com:/opt/ros/jazzy/opt/gz_sim_vendor:/opt/ros/jazzy/opt/gz_sensors_vendor:/opt/ros/jazzy/opt/gz_physics_vendor:/opt/ros/jazzy/opt/sdformat_vendor:/opt/ros/jazzy/opt/gz_gui_vendor:/opt/ros/jazzy/opt/gz_transport_vendor:/opt/ros/jazzy/opt/gz_rendering_vendor:/opt/ros/jazzy/opt/gz_plugin_vendor:/opt/ros/jazzy/opt/gz_fuel_tools_vendor:/opt/ros/jazzy/opt/gz_msgs_vendor:/opt/ros/jazzy/opt/gz_common_vendor:/opt/ros/jazzy/opt/gz_math_vendor:/opt/ros/jazzy/opt/gz_utils_vendor:/opt/ros/jazzy/opt/gz_tools_vendor:/opt/ros/jazzy/opt/gz_ogre_next_vendor:/opt/ros/jazzy/opt/gz_dartsim_vendor:/opt/ros/jazzy/opt/gz_cmake_vendor:/home/mcfb/ros2_ws/install/px4_offboard:/home/mcfb/ros2_ws/install/ai_navigator:/opt/ros/jazzy DEBUGINFOD_URLS=https://debuginfod.ubuntu.com LD_LIBRARY_PATH=/home/mcfb/ros2_ws/install/px4_msgs/lib:/home/mcfb/ros2_ws/install/px4_ros_com/lib:/opt/ros/jazzy/opt/gz_sim_vendor/lib:/opt/ros/jazzy/opt/gz_sensors_vendor/lib:/opt/ros/jazzy/opt/gz_physics_vendor/lib:/opt/ros/jazzy/opt/sdformat_vendor/lib:/opt/ros/jazzy/opt/rviz_ogre_vendor/lib:/opt/ros/jazzy/lib/x86_64-linux-gnu:/opt/ros/jazzy/opt/gz_gui_vendor/lib:/opt/ros/jazzy/opt/gz_transport_vendor/lib:/opt/ros/jazzy/opt/gz_rendering_vendor/lib:/opt/ros/jazzy/opt/gz_plugin_vendor/lib:/opt/ros/jazzy/opt/gz_fuel_tools_vendor/lib:/opt/ros/jazzy/opt/gz_msgs_vendor/lib:/opt/ros/jazzy/opt/gz_common_vendor/lib:/opt/ros/jazzy/opt/gz_math_vendor/lib:/opt/ros/jazzy/opt/gz_utils_vendor/lib:/opt/ros/jazzy/opt/gz_tools_vendor/lib:/opt/ros/jazzy/opt/gz_ogre_next_vendor/lib:/opt/ros/jazzy/opt/gz_dartsim_vendor/lib:/opt/ros/jazzy/opt/gz_cmake_vendor/lib:/opt/ros/jazzy/lib PYTHONPATH=/home/mcfb/ros2_ws/install/px4_msgs/lib/python3.12/site-packages:/home/mcfb/ros2_ws/install/px4_ros_com/lib/python3.12/site-packages:/home/mcfb/ros2_ws/install/px4_offboard/lib/python3.12/site-packages:/home/mcfb/ros2_ws/install/ai_navigator/lib/python3.12/site-packages:/home/mcfb/drone_venv/lib/python3.12/site-packages:/opt/ros/jazzy/lib/python3.12/site-packages /usr/bin/cmake --install /home/mcfb/ros2_ws/build/px4_ros_com
