[0.601s] Invoking command in '/home/mcfb/ros2_ws/src/ai_navigator': DEBUGINFOD_URLS=https://debuginfod.ubuntu.com PYTHONPATH=/home/mcfb/ros2_ws/build/ai_navigator/prefix_override:/usr/lib/python3/dist-packages/colcon_core/task/python/colcon_distutils_commands:/home/mcfb/ros2_ws/install/ai_navigator/lib/python3.12/site-packages:${PYTHONPATH} /usr/bin/python3 -W ignore:setup.py install is deprecated -W ignore:easy_install command is deprecated setup.py egg_info --egg-base ../../build/ai_navigator build --build-base /home/mcfb/ros2_ws/build/ai_navigator/build install --record /home/mcfb/ros2_ws/build/ai_navigator/install.log --single-version-externally-managed install_data
[0.849s] running egg_info
[0.865s] writing ../../build/ai_navigator/ai_navigator.egg-info/PKG-INFO
[0.866s] writing dependency_links to ../../build/ai_navigator/ai_navigator.egg-info/dependency_links.txt
[0.866s] writing entry points to ../../build/ai_navigator/ai_navigator.egg-info/entry_points.txt
[0.866s] writing requirements to ../../build/ai_navigator/ai_navigator.egg-info/requires.txt
[0.866s] writing top-level names to ../../build/ai_navigator/ai_navigator.egg-info/top_level.txt
[0.900s] reading manifest file '../../build/ai_navigator/ai_navigator.egg-info/SOURCES.txt'
[0.901s] adding license file 'LICENSE'
[0.901s] writing manifest file '../../build/ai_navigator/ai_navigator.egg-info/SOURCES.txt'
[0.901s] running build
[0.902s] running build_py
[0.902s] copying ai_navigator/smart_navigator.py -> /home/mcfb/ros2_ws/build/ai_navigator/build/lib/ai_navigator
[0.902s] running install
[0.908s] running install_lib
[0.925s] copying /home/mcfb/ros2_ws/build/ai_navigator/build/lib/ai_navigator/smart_navigator.py -> /home/mcfb/ros2_ws/install/ai_navigator/lib/python3.12/site-packages/ai_navigator
[0.926s] byte-compiling /home/mcfb/ros2_ws/install/ai_navigator/lib/python3.12/site-packages/ai_navigator/smart_navigator.py to smart_navigator.cpython-312.pyc
[0.937s] running install_data
[0.937s] copying resource/ai_navigator -> /home/mcfb/ros2_ws/install/ai_navigator/share/ament_index/resource_index/packages
[0.937s] copying package.xml -> /home/mcfb/ros2_ws/install/ai_navigator/share/ai_navigator
[0.937s] running install_egg_info
[0.959s] removing '/home/mcfb/ros2_ws/install/ai_navigator/lib/python3.12/site-packages/ai_navigator-0.0.0-py3.12.egg-info' (and everything under it)
[0.959s] Copying ../../build/ai_navigator/ai_navigator.egg-info to /home/mcfb/ros2_ws/install/ai_navigator/lib/python3.12/site-packages/ai_navigator-0.0.0-py3.12.egg-info
[0.959s] running install_scripts
[1.001s] Installing ai_camera_sub script to /home/mcfb/ros2_ws/install/ai_navigator/lib/ai_navigator
[1.001s] Installing autonomous_navigation script to /home/mcfb/ros2_ws/install/ai_navigator/lib/ai_navigator
[1.001s] Installing navigate_to_point script to /home/mcfb/ros2_ws/install/ai_navigator/lib/ai_navigator
[1.001s] Installing point_to_point_nav script to /home/mcfb/ros2_ws/install/ai_navigator/lib/ai_navigator
[1.002s] writing list of installed files to '/home/mcfb/ros2_ws/build/ai_navigator/install.log'
[1.033s] Invoked command in '/home/mcfb/ros2_ws/src/ai_navigator' returned '0': DEBUGINFOD_URLS=https://debuginfod.ubuntu.com PYTHONPATH=/home/mcfb/ros2_ws/build/ai_navigator/prefix_override:/usr/lib/python3/dist-packages/colcon_core/task/python/colcon_distutils_commands:/home/mcfb/ros2_ws/install/ai_navigator/lib/python3.12/site-packages:${PYTHONPATH} /usr/bin/python3 -W ignore:setup.py install is deprecated -W ignore:easy_install command is deprecated setup.py egg_info --egg-base ../../build/ai_navigator build --build-base /home/mcfb/ros2_ws/build/ai_navigator/build install --record /home/mcfb/ros2_ws/build/ai_navigator/install.log --single-version-externally-managed install_data
