[0.618s] Invoking command in '/home/mcfb/ros2_ws/src/ai_navigator': DEBUGINFOD_URLS=https://debuginfod.ubuntu.com PYTHONPATH=/home/mcfb/ros2_ws/build/ai_navigator/prefix_override:/usr/lib/python3/dist-packages/colcon_core/task/python/colcon_distutils_commands:/home/mcfb/ros2_ws/install/ai_navigator/lib/python3.12/site-packages:${PYTHONPATH} /usr/bin/python3 -W ignore:setup.py install is deprecated -W ignore:easy_install command is deprecated setup.py egg_info --egg-base ../../build/ai_navigator build --build-base /home/mcfb/ros2_ws/build/ai_navigator/build install --record /home/mcfb/ros2_ws/build/ai_navigator/install.log --single-version-externally-managed install_data
[0.860s] running egg_info
[0.876s] creating ../../build/ai_navigator/ai_navigator.egg-info
[0.876s] writing ../../build/ai_navigator/ai_navigator.egg-info/PKG-INFO
[0.876s] writing dependency_links to ../../build/ai_navigator/ai_navigator.egg-info/dependency_links.txt
[0.876s] writing entry points to ../../build/ai_navigator/ai_navigator.egg-info/entry_points.txt
[0.877s] writing requirements to ../../build/ai_navigator/ai_navigator.egg-info/requires.txt
[0.877s] writing top-level names to ../../build/ai_navigator/ai_navigator.egg-info/top_level.txt
[0.877s] writing manifest file '../../build/ai_navigator/ai_navigator.egg-info/SOURCES.txt'
[0.913s] reading manifest file '../../build/ai_navigator/ai_navigator.egg-info/SOURCES.txt'
[0.913s] adding license file 'LICENSE'
[0.914s] writing manifest file '../../build/ai_navigator/ai_navigator.egg-info/SOURCES.txt'
[0.914s] running build
[0.914s] running build_py
[0.914s] creating /home/mcfb/ros2_ws/build/ai_navigator/build/lib/ai_navigator
[0.914s] copying ai_navigator/drone_state.py -> /home/mcfb/ros2_ws/build/ai_navigator/build/lib/ai_navigator
[0.914s] copying ai_navigator/navigation_params.py -> /home/mcfb/ros2_ws/build/ai_navigator/build/lib/ai_navigator
[0.914s] copying ai_navigator/smart_navigator.launch.py -> /home/mcfb/ros2_ws/build/ai_navigator/build/lib/ai_navigator
[0.915s] copying ai_navigator/obstacle_data.py -> /home/mcfb/ros2_ws/build/ai_navigator/build/lib/ai_navigator
[0.915s] copying ai_navigator/main.py -> /home/mcfb/ros2_ws/build/ai_navigator/build/lib/ai_navigator
[0.915s] copying ai_navigator/__init__.py -> /home/mcfb/ros2_ws/build/ai_navigator/build/lib/ai_navigator
[0.915s] copying ai_navigator/smart_navigator.py -> /home/mcfb/ros2_ws/build/ai_navigator/build/lib/ai_navigator
[0.915s] copying ai_navigator/path_planner.py -> /home/mcfb/ros2_ws/build/ai_navigator/build/lib/ai_navigator
[0.915s] running install
[0.920s] running install_lib
[0.937s] creating /home/mcfb/ros2_ws/install/ai_navigator/lib/python3.12/site-packages/ai_navigator
[0.937s] copying /home/mcfb/ros2_ws/build/ai_navigator/build/lib/ai_navigator/drone_state.py -> /home/mcfb/ros2_ws/install/ai_navigator/lib/python3.12/site-packages/ai_navigator
[0.937s] copying /home/mcfb/ros2_ws/build/ai_navigator/build/lib/ai_navigator/navigation_params.py -> /home/mcfb/ros2_ws/install/ai_navigator/lib/python3.12/site-packages/ai_navigator
[0.937s] copying /home/mcfb/ros2_ws/build/ai_navigator/build/lib/ai_navigator/smart_navigator.launch.py -> /home/mcfb/ros2_ws/install/ai_navigator/lib/python3.12/site-packages/ai_navigator
[0.937s] copying /home/mcfb/ros2_ws/build/ai_navigator/build/lib/ai_navigator/obstacle_data.py -> /home/mcfb/ros2_ws/install/ai_navigator/lib/python3.12/site-packages/ai_navigator
[0.937s] copying /home/mcfb/ros2_ws/build/ai_navigator/build/lib/ai_navigator/main.py -> /home/mcfb/ros2_ws/install/ai_navigator/lib/python3.12/site-packages/ai_navigator
[0.937s] copying /home/mcfb/ros2_ws/build/ai_navigator/build/lib/ai_navigator/__init__.py -> /home/mcfb/ros2_ws/install/ai_navigator/lib/python3.12/site-packages/ai_navigator
[0.937s] copying /home/mcfb/ros2_ws/build/ai_navigator/build/lib/ai_navigator/smart_navigator.py -> /home/mcfb/ros2_ws/install/ai_navigator/lib/python3.12/site-packages/ai_navigator
[0.937s] copying /home/mcfb/ros2_ws/build/ai_navigator/build/lib/ai_navigator/path_planner.py -> /home/mcfb/ros2_ws/install/ai_navigator/lib/python3.12/site-packages/ai_navigator
[0.937s] byte-compiling /home/mcfb/ros2_ws/install/ai_navigator/lib/python3.12/site-packages/ai_navigator/drone_state.py to drone_state.cpython-312.pyc
[0.938s] byte-compiling /home/mcfb/ros2_ws/install/ai_navigator/lib/python3.12/site-packages/ai_navigator/navigation_params.py to navigation_params.cpython-312.pyc
[0.940s] byte-compiling /home/mcfb/ros2_ws/install/ai_navigator/lib/python3.12/site-packages/ai_navigator/smart_navigator.launch.py to smart_navigator.launch.cpython-312.pyc
[0.940s] byte-compiling /home/mcfb/ros2_ws/install/ai_navigator/lib/python3.12/site-packages/ai_navigator/obstacle_data.py to obstacle_data.cpython-312.pyc
[0.944s] byte-compiling /home/mcfb/ros2_ws/install/ai_navigator/lib/python3.12/site-packages/ai_navigator/main.py to main.cpython-312.pyc
[0.947s] byte-compiling /home/mcfb/ros2_ws/install/ai_navigator/lib/python3.12/site-packages/ai_navigator/__init__.py to __init__.cpython-312.pyc
[0.947s] byte-compiling /home/mcfb/ros2_ws/install/ai_navigator/lib/python3.12/site-packages/ai_navigator/smart_navigator.py to smart_navigator.cpython-312.pyc
[0.958s] byte-compiling /home/mcfb/ros2_ws/install/ai_navigator/lib/python3.12/site-packages/ai_navigator/path_planner.py to path_planner.cpython-312.pyc
[0.963s] running install_data
[0.963s] creating /home/mcfb/ros2_ws/install/ai_navigator/share/ament_index/resource_index/packages
[0.963s] copying resource/ai_navigator -> /home/mcfb/ros2_ws/install/ai_navigator/share/ament_index/resource_index/packages
[0.964s] copying package.xml -> /home/mcfb/ros2_ws/install/ai_navigator/share/ai_navigator
[0.964s] running install_egg_info
[0.980s] Copying ../../build/ai_navigator/ai_navigator.egg-info to /home/mcfb/ros2_ws/install/ai_navigator/lib/python3.12/site-packages/ai_navigator-0.0.0-py3.12.egg-info
[0.981s] running install_scripts
[1.017s] Installing ai_camera_sub script to /home/mcfb/ros2_ws/install/ai_navigator/lib/ai_navigator
[1.017s] Installing autonomous_navigation script to /home/mcfb/ros2_ws/install/ai_navigator/lib/ai_navigator
[1.017s] Installing navigate_to_point script to /home/mcfb/ros2_ws/install/ai_navigator/lib/ai_navigator
[1.017s] Installing point_to_point_nav script to /home/mcfb/ros2_ws/install/ai_navigator/lib/ai_navigator
[1.017s] writing list of installed files to '/home/mcfb/ros2_ws/build/ai_navigator/install.log'
[1.043s] Invoked command in '/home/mcfb/ros2_ws/src/ai_navigator' returned '0': DEBUGINFOD_URLS=https://debuginfod.ubuntu.com PYTHONPATH=/home/mcfb/ros2_ws/build/ai_navigator/prefix_override:/usr/lib/python3/dist-packages/colcon_core/task/python/colcon_distutils_commands:/home/mcfb/ros2_ws/install/ai_navigator/lib/python3.12/site-packages:${PYTHONPATH} /usr/bin/python3 -W ignore:setup.py install is deprecated -W ignore:easy_install command is deprecated setup.py egg_info --egg-base ../../build/ai_navigator build --build-base /home/mcfb/ros2_ws/build/ai_navigator/build install --record /home/mcfb/ros2_ws/build/ai_navigator/install.log --single-version-externally-managed install_data
