[0.610s] Invoking command in '/home/mcfb/ros2_ws/src/ai_navigator': DEBUGINFOD_URLS=https://debuginfod.ubuntu.com PYTHONPATH=/home/mcfb/ros2_ws/build/ai_navigator/prefix_override:/usr/lib/python3/dist-packages/colcon_core/task/python/colcon_distutils_commands:/home/mcfb/ros2_ws/install/ai_navigator/lib/python3.12/site-packages:${PYTHONPATH} /usr/bin/python3 -W ignore:setup.py install is deprecated -W ignore:easy_install command is deprecated setup.py egg_info --egg-base ../../build/ai_navigator build --build-base /home/mcfb/ros2_ws/build/ai_navigator/build install --record /home/mcfb/ros2_ws/build/ai_navigator/install.log --single-version-externally-managed install_data
[0.860s] running egg_info
[0.876s] writing ../../build/ai_navigator/ai_navigator.egg-info/PKG-INFO
[0.877s] writing dependency_links to ../../build/ai_navigator/ai_navigator.egg-info/dependency_links.txt
[0.878s] writing entry points to ../../build/ai_navigator/ai_navigator.egg-info/entry_points.txt
[0.878s] writing requirements to ../../build/ai_navigator/ai_navigator.egg-info/requires.txt
[0.878s] writing top-level names to ../../build/ai_navigator/ai_navigator.egg-info/top_level.txt
[0.928s] reading manifest file '../../build/ai_navigator/ai_navigator.egg-info/SOURCES.txt'
[0.928s] adding license file 'LICENSE'
[0.929s] writing manifest file '../../build/ai_navigator/ai_navigator.egg-info/SOURCES.txt'
[0.930s] running build
[0.930s] running build_py
[0.930s] copying ai_navigator/smart_navigator.py -> /home/mcfb/ros2_ws/build/ai_navigator/build/lib/ai_navigator
[0.931s] running install
[0.938s] running install_lib
[0.959s] copying /home/mcfb/ros2_ws/build/ai_navigator/build/lib/ai_navigator/smart_navigator.py -> /home/mcfb/ros2_ws/install/ai_navigator/lib/python3.12/site-packages/ai_navigator
[0.960s] byte-compiling /home/mcfb/ros2_ws/install/ai_navigator/lib/python3.12/site-packages/ai_navigator/smart_navigator.py to smart_navigator.cpython-312.pyc
[0.975s] running install_data
[0.976s] copying resource/ai_navigator -> /home/mcfb/ros2_ws/install/ai_navigator/share/ament_index/resource_index/packages
[0.976s] copying package.xml -> /home/mcfb/ros2_ws/install/ai_navigator/share/ai_navigator
[0.976s] running install_egg_info
[0.998s] removing '/home/mcfb/ros2_ws/install/ai_navigator/lib/python3.12/site-packages/ai_navigator-0.0.0-py3.12.egg-info' (and everything under it)
[0.998s] Copying ../../build/ai_navigator/ai_navigator.egg-info to /home/mcfb/ros2_ws/install/ai_navigator/lib/python3.12/site-packages/ai_navigator-0.0.0-py3.12.egg-info
[0.999s] running install_scripts
[1.038s] Installing ai_camera_sub script to /home/mcfb/ros2_ws/install/ai_navigator/lib/ai_navigator
[1.038s] Installing autonomous_navigation script to /home/mcfb/ros2_ws/install/ai_navigator/lib/ai_navigator
[1.038s] Installing navigate_to_point script to /home/mcfb/ros2_ws/install/ai_navigator/lib/ai_navigator
[1.038s] Installing point_to_point_nav script to /home/mcfb/ros2_ws/install/ai_navigator/lib/ai_navigator
[1.038s] writing list of installed files to '/home/mcfb/ros2_ws/build/ai_navigator/install.log'
[1.065s] Invoked command in '/home/mcfb/ros2_ws/src/ai_navigator' returned '0': DEBUGINFOD_URLS=https://debuginfod.ubuntu.com PYTHONPATH=/home/mcfb/ros2_ws/build/ai_navigator/prefix_override:/usr/lib/python3/dist-packages/colcon_core/task/python/colcon_distutils_commands:/home/mcfb/ros2_ws/install/ai_navigator/lib/python3.12/site-packages:${PYTHONPATH} /usr/bin/python3 -W ignore:setup.py install is deprecated -W ignore:easy_install command is deprecated setup.py egg_info --egg-base ../../build/ai_navigator build --build-base /home/mcfb/ros2_ws/build/ai_navigator/build install --record /home/mcfb/ros2_ws/build/ai_navigator/install.log --single-version-externally-managed install_data
